Archive member included to satisfy reference by file (symbol)

/usr/local/Cellar/avr-gcc@7/7.4.0/lib/avr-gcc/7/gcc/avr/7.4.0/avr5/libgcc.a(_exit.o)
                              /usr/local/Cellar/avr-gcc@7/7.4.0/lib/avr-gcc/7/gcc/avr/7.4.0/../../../../../../avr/lib/avr5/crtatmega32u4.o (exit)
/usr/local/Cellar/avr-gcc@7/7.4.0/lib/avr-gcc/7/gcc/avr/7.4.0/../../../../../../avr/lib/avr5/libatmega32u4.a(eerd_byte.o)
                              .build/obj_1upkeyboards_1up60hse_default/common/eeconfig.o (symbol from plugin) (eeprom_read_byte)
/usr/local/Cellar/avr-gcc@7/7.4.0/lib/avr-gcc/7/gcc/avr/7.4.0/../../../../../../avr/lib/avr5/libatmega32u4.a(eerd_dword.o)
                              .build/obj_1upkeyboards_1up60hse_default/quantum/rgblight.o (symbol from plugin) (eeprom_read_dword)
/usr/local/Cellar/avr-gcc@7/7.4.0/lib/avr-gcc/7/gcc/avr/7.4.0/../../../../../../avr/lib/avr5/libatmega32u4.a(eerd_word.o)
                              .build/obj_1upkeyboards_1up60hse_default/common/eeconfig.o (symbol from plugin) (eeprom_read_word)
/usr/local/Cellar/avr-gcc@7/7.4.0/lib/avr-gcc/7/gcc/avr/7.4.0/../../../../../../avr/lib/avr5/libatmega32u4.a(eeupd_byte.o)
                              .build/obj_1upkeyboards_1up60hse_default/common/eeconfig.o (symbol from plugin) (eeprom_update_byte)
/usr/local/Cellar/avr-gcc@7/7.4.0/lib/avr-gcc/7/gcc/avr/7.4.0/../../../../../../avr/lib/avr5/libatmega32u4.a(eeupd_dword.o)
                              .build/obj_1upkeyboards_1up60hse_default/quantum/rgblight.o (symbol from plugin) (eeprom_update_dword)
/usr/local/Cellar/avr-gcc@7/7.4.0/lib/avr-gcc/7/gcc/avr/7.4.0/../../../../../../avr/lib/avr5/libatmega32u4.a(eeupd_word.o)
                              .build/obj_1upkeyboards_1up60hse_default/common/eeconfig.o (symbol from plugin) (eeprom_update_word)
/usr/local/Cellar/avr-gcc@7/7.4.0/lib/avr-gcc/7/gcc/avr/7.4.0/../../../../../../avr/lib/avr5/libatmega32u4.a(eerd_block.o)
                              /usr/local/Cellar/avr-gcc@7/7.4.0/lib/avr-gcc/7/gcc/avr/7.4.0/../../../../../../avr/lib/avr5/libatmega32u4.a(eerd_dword.o) (eeprom_read_blraw)
/usr/local/Cellar/avr-gcc@7/7.4.0/lib/avr-gcc/7/gcc/avr/7.4.0/avr5/libgcc.a(_mulsi3.o)
                              /var/folders/7d/r_phv7rx6m99qllr_nm2m9c80000gn/T//ccS6g2Jv.ltrans0.ltrans.o (__mulsi3)
/usr/local/Cellar/avr-gcc@7/7.4.0/lib/avr-gcc/7/gcc/avr/7.4.0/avr5/libgcc.a(_udivmodqi4.o)
                              /var/folders/7d/r_phv7rx6m99qllr_nm2m9c80000gn/T//ccS6g2Jv.ltrans0.ltrans.o (__udivmodqi4)
/usr/local/Cellar/avr-gcc@7/7.4.0/lib/avr-gcc/7/gcc/avr/7.4.0/avr5/libgcc.a(_udivmodhi4.o)
                              /var/folders/7d/r_phv7rx6m99qllr_nm2m9c80000gn/T//ccS6g2Jv.ltrans0.ltrans.o (__udivmodhi4)
/usr/local/Cellar/avr-gcc@7/7.4.0/lib/avr-gcc/7/gcc/avr/7.4.0/avr5/libgcc.a(_divmodhi4.o)
                              /var/folders/7d/r_phv7rx6m99qllr_nm2m9c80000gn/T//ccS6g2Jv.ltrans0.ltrans.o (__divmodhi4)
/usr/local/Cellar/avr-gcc@7/7.4.0/lib/avr-gcc/7/gcc/avr/7.4.0/avr5/libgcc.a(_udivmodsi4.o)
                              /var/folders/7d/r_phv7rx6m99qllr_nm2m9c80000gn/T//ccS6g2Jv.ltrans0.ltrans.o (__udivmodsi4)
/usr/local/Cellar/avr-gcc@7/7.4.0/lib/avr-gcc/7/gcc/avr/7.4.0/avr5/libgcc.a(_tablejump2.o)
                              /var/folders/7d/r_phv7rx6m99qllr_nm2m9c80000gn/T//ccS6g2Jv.ltrans0.ltrans.o (__tablejump2__)
/usr/local/Cellar/avr-gcc@7/7.4.0/lib/avr-gcc/7/gcc/avr/7.4.0/avr5/libgcc.a(_copy_data.o)
                              /var/folders/7d/r_phv7rx6m99qllr_nm2m9c80000gn/T//ccS6g2Jv.ltrans0.ltrans.o (__do_copy_data)
/usr/local/Cellar/avr-gcc@7/7.4.0/lib/avr-gcc/7/gcc/avr/7.4.0/avr5/libgcc.a(_clear_bss.o)
                              /var/folders/7d/r_phv7rx6m99qllr_nm2m9c80000gn/T//ccS6g2Jv.ltrans0.ltrans.o (__do_clear_bss)
/usr/local/Cellar/avr-gcc@7/7.4.0/lib/avr-gcc/7/gcc/avr/7.4.0/avr5/libgcc.a(_umulhisi3.o)
                              /var/folders/7d/r_phv7rx6m99qllr_nm2m9c80000gn/T//ccS6g2Jv.ltrans0.ltrans.o (__umulhisi3)
/usr/local/Cellar/avr-gcc@7/7.4.0/lib/avr-gcc/7/gcc/avr/7.4.0/avr5/libgcc.a(_muluhisi3.o)
                              /usr/local/Cellar/avr-gcc@7/7.4.0/lib/avr-gcc/7/gcc/avr/7.4.0/avr5/libgcc.a(_mulsi3.o) (__muluhisi3)
/usr/local/Cellar/avr-gcc@7/7.4.0/lib/avr-gcc/7/gcc/avr/7.4.0/../../../../../../avr/lib/avr5/libc.a(memchr.o)
                              /var/folders/7d/r_phv7rx6m99qllr_nm2m9c80000gn/T//ccS6g2Jv.ltrans0.ltrans.o (memchr)

Allocating common symbols
Common symbol       size              file

rgblight_config     0x5               .build/obj_1upkeyboards_1up60hse_default/quantum/rgblight.o (symbol from plugin)
USB_IsInitialized   0x1               .build/obj_1upkeyboards_1up60hse_default/lib/lufa/LUFA/Drivers/USB/Core/USBTask.o (symbol from plugin)
keymap_config       0x2               .build/obj_1upkeyboards_1up60hse_default/common/magic.o (symbol from plugin)
[...]
Memory Configuration

Name             Origin             Length             Attributes
text             0x0000000000000000 0x0000000000020000 xr
data             0x0000000000800060 0x000000000000ffa0 rw !x
eeprom           0x0000000000810000 0x0000000000010000 rw !x
fuse             0x0000000000820000 0x0000000000000400 rw !x
lock             0x0000000000830000 0x0000000000000400 rw !x
signature        0x0000000000840000 0x0000000000000400 rw !x
user_signatures  0x0000000000850000 0x0000000000000400 rw !x
*default*        0x0000000000000000 0xffffffffffffffff

Linker script and memory map

Address of section .data set to 0x800100
LOAD /usr/local/Cellar/avr-gcc@7/7.4.0/lib/avr-gcc/7/gcc/avr/7.4.0/../../../../../../avr/lib/avr5/crtatmega32u4.o
LOAD /var/folders/7d/r_phv7rx6m99qllr_nm2m9c80000gn/T//ccS6g2Jv.ltrans0.ltrans.o
LOAD .build/obj_1upkeyboards_1up60hse_default/common/avr/xprintf.o
LOAD /usr/local/Cellar/avr-gcc@7/7.4.0/lib/avr-gcc/7/gcc/avr/7.4.0/../../../../../../avr/lib/avr5/libm.a
START GROUP
LOAD /usr/local/Cellar/avr-gcc@7/7.4.0/lib/avr-gcc/7/gcc/avr/7.4.0/avr5/libgcc.a
LOAD /usr/local/Cellar/avr-gcc@7/7.4.0/lib/avr-gcc/7/gcc/avr/7.4.0/../../../../../../avr/lib/avr5/libm.a
LOAD /usr/local/Cellar/avr-gcc@7/7.4.0/lib/avr-gcc/7/gcc/avr/7.4.0/../../../../../../avr/lib/avr5/libc.a
LOAD /usr/local/Cellar/avr-gcc@7/7.4.0/lib/avr-gcc/7/gcc/avr/7.4.0/../../../../../../avr/lib/avr5/libatmega32u4.a
END GROUP
                0x0000000000020000                __TEXT_REGION_LENGTH__ = DEFINED (__TEXT_REGION_LENGTH__)?__TEXT_REGION_LENGTH__:0x20000
                0x000000000000ffa0                __DATA_REGION_LENGTH__ = DEFINED (__DATA_REGION_LENGTH__)?__DATA_REGION_LENGTH__:0xffa0
                0x0000000000010000                __EEPROM_REGION_LENGTH__ = DEFINED (__EEPROM_REGION_LENGTH__)?__EEPROM_REGION_LENGTH__:0x10000
                0x0000000000000400                __FUSE_REGION_LENGTH__ = DEFINED (__FUSE_REGION_LENGTH__)?__FUSE_REGION_LENGTH__:0x400
                0x0000000000000400                __LOCK_REGION_LENGTH__ = DEFINED (__LOCK_REGION_LENGTH__)?__LOCK_REGION_LENGTH__:0x400
                0x0000000000000400                __SIGNATURE_REGION_LENGTH__ = DEFINED (__SIGNATURE_REGION_LENGTH__)?__SIGNATURE_REGION_LENGTH__:0x400
                0x0000000000000400                __USER_SIGNATURE_REGION_LENGTH__ = DEFINED (__USER_SIGNATURE_REGION_LENGTH__)?__USER_SIGNATURE_REGION_LENGTH__:0x400

.hash
 *(.hash)

.dynsym
 *(.dynsym)

.dynstr
 *(.dynstr)

.gnu.version
 *(.gnu.version)

.gnu.version_d
 *(.gnu.version_d)

.gnu.version_r
 *(.gnu.version_r)

.rel.init
 *(.rel.init)

.rela.init
 *(.rela.init)

.rel.text
 *(.rel.text)
 *(.rel.text.*)
 *(.rel.gnu.linkonce.t*)

.rela.text
 *(.rela.text)
 *(.rela.text.*)
 *(.rela.gnu.linkonce.t*)

.rel.fini
 *(.rel.fini)

.rela.fini
 *(.rela.fini)

.rel.rodata
 *(.rel.rodata)
 *(.rel.rodata.*)
 *(.rel.gnu.linkonce.r*)

.rela.rodata
 *(.rela.rodata)
 *(.rela.rodata.*)
 *(.rela.gnu.linkonce.r*)

.rel.data
 *(.rel.data)
 *(.rel.data.*)
 *(.rel.gnu.linkonce.d*)

.rela.data
 *(.rela.data)
 *(.rela.data.*)
 *(.rela.gnu.linkonce.d*)

.rel.ctors
 *(.rel.ctors)

.rela.ctors
 *(.rela.ctors)

.rel.dtors
 *(.rel.dtors)

.rela.dtors
 *(.rela.dtors)

.rel.got
 *(.rel.got)

.rela.got
 *(.rela.got)

.rel.bss
 *(.rel.bss)

.rela.bss
 *(.rela.bss)

.rel.plt
 *(.rel.plt)

.rela.plt
 *(.rela.plt)

.text           0x0000000000000000     0x60b0
 *(.vectors)
 .vectors       0x0000000000000000       0xac /usr/local/Cellar/avr-gcc@7/7.4.0/lib/avr-gcc/7/gcc/avr/7.4.0/../../../../../../avr/lib/avr5/crtatmega32u4.o
                0x0000000000000000                __vectors
                0x0000000000000000                __vector_default
 *(.vectors)
 *(.progmem.gcc*)
                0x00000000000000ac                . = ALIGN (0x2)
                0x00000000000000ac                __trampolines_start = .
 *(.trampolines)
 .trampolines   0x00000000000000ac        0x0 linker stubs
 *(.trampolines*)
                0x00000000000000ac                __trampolines_end = .
 *libprintf_flt.a:*(.progmem.data)
 *libc.a:*(.progmem.data)
 *(.progmem.*)
 .progmem.data.ConsoleReport
                0x00000000000000ac       0x22 /var/folders/7d/r_phv7rx6m99qllr_nm2m9c80000gn/T//ccS6g2Jv.ltrans0.ltrans.o
 .progmem.data.SharedReport
                0x00000000000000ce       0x36 /var/folders/7d/r_phv7rx6m99qllr_nm2m9c80000gn/T//ccS6g2Jv.ltrans0.ltrans.o
 .progmem.data.KeyboardReport
                0x0000000000000104       0x40 /var/folders/7d/r_phv7rx6m99qllr_nm2m9c80000gn/T//ccS6g2Jv.ltrans0.ltrans.o
 .progmem.data.breathing_table
                0x0000000000000144       0x80 /var/folders/7d/r_phv7rx6m99qllr_nm2m9c80000gn/T//ccS6g2Jv.ltrans0.ltrans.o
 .progmem.data.fn_actions
                0x00000000000001c4        0x0 /var/folders/7d/r_phv7rx6m99qllr_nm2m9c80000gn/T//ccS6g2Jv.ltrans0.ltrans.o
 .progmem.data.CIE1931_CURVE
                0x00000000000001c4      0x100 /var/folders/7d/r_phv7rx6m99qllr_nm2m9c80000gn/T//ccS6g2Jv.ltrans0.ltrans.o
 .progmem.data.__c.2916
                0x00000000000002c4       0x1e /var/folders/7d/r_phv7rx6m99qllr_nm2m9c80000gn/T//ccS6g2Jv.ltrans0.ltrans.o
 .progmem.data.__c.2914
                0x00000000000002e2       0x1c /var/folders/7d/r_phv7rx6m99qllr_nm2m9c80000gn/T//ccS6g2Jv.ltrans0.ltrans.o
 .progmem.data.__c.3048
                0x00000000000002fe       0x27 /var/folders/7d/r_phv7rx6m99qllr_nm2m9c80000gn/T//ccS6g2Jv.ltrans0.ltrans.o
 .progmem.data.__c.3046
                0x0000000000000325       0x25 /var/folders/7d/r_phv7rx6m99qllr_nm2m9c80000gn/T//ccS6g2Jv.ltrans0.ltrans.o
 .progmem.data.__c.3041
                0x000000000000034a       0x27 /var/folders/7d/r_phv7rx6m99qllr_nm2m9c80000gn/T//ccS6g2Jv.ltrans0.ltrans.o
 .progmem.data.RGBLED_GRADIENT_RANGES
                0x0000000000000371        0x5 /var/folders/7d/r_phv7rx6m99qllr_nm2m9c80000gn/T//ccS6g2Jv.ltrans0.ltrans.o
 .progmem.data.__c.3155
                0x0000000000000376       0x19 /var/folders/7d/r_phv7rx6m99qllr_nm2m9c80000gn/T//ccS6g2Jv.ltrans0.ltrans.o
 .progmem.data.__c.3160
                0x000000000000038f       0x19 /var/folders/7d/r_phv7rx6m99qllr_nm2m9c80000gn/T//ccS6g2Jv.ltrans0.ltrans.o
 .progmem.data.rgblight_effect_breathe_table
                0x00000000000003a8      0x100 /var/folders/7d/r_phv7rx6m99qllr_nm2m9c80000gn/T//ccS6g2Jv.ltrans0.ltrans.o
 .progmem.data.keymaps
                0x00000000000004a8      0x1a4 /var/folders/7d/r_phv7rx6m99qllr_nm2m9c80000gn/T//ccS6g2Jv.ltrans0.ltrans.o
 .progmem.data.__c.2947
                0x000000000000064c       0x38 /var/folders/7d/r_phv7rx6m99qllr_nm2m9c80000gn/T//ccS6g2Jv.ltrans0.ltrans.o
 .progmem.data.__c.2937
                0x0000000000000684       0x37 /var/folders/7d/r_phv7rx6m99qllr_nm2m9c80000gn/T//ccS6g2Jv.ltrans0.ltrans.o
 .progmem.data.__c.2927
                0x00000000000006bb       0x37 /var/folders/7d/r_phv7rx6m99qllr_nm2m9c80000gn/T//ccS6g2Jv.ltrans0.ltrans.o
 .progmem.data.__c.1846
                0x00000000000006f2       0x1d /var/folders/7d/r_phv7rx6m99qllr_nm2m9c80000gn/T//ccS6g2Jv.ltrans0.ltrans.o
 .progmem.data.__c.1841
                0x000000000000070f       0x1c /var/folders/7d/r_phv7rx6m99qllr_nm2m9c80000gn/T//ccS6g2Jv.ltrans0.ltrans.o
 .progmem.data.__c.1836
                0x000000000000072b       0x20 /var/folders/7d/r_phv7rx6m99qllr_nm2m9c80000gn/T//ccS6g2Jv.ltrans0.ltrans.o
 .progmem.data.__c.3705.lto_priv.40
                0x000000000000074b       0x12 /var/folders/7d/r_phv7rx6m99qllr_nm2m9c80000gn/T//ccS6g2Jv.ltrans0.ltrans.o
 .progmem.data.__c.3703.lto_priv.38
                0x000000000000075d       0x11 /var/folders/7d/r_phv7rx6m99qllr_nm2m9c80000gn/T//ccS6g2Jv.ltrans0.ltrans.o
 .progmem.data.__c.1795
                0x000000000000076e       0x18 /var/folders/7d/r_phv7rx6m99qllr_nm2m9c80000gn/T//ccS6g2Jv.ltrans0.ltrans.o
 .progmem.data.__c.1800
                0x0000000000000786       0x18 /var/folders/7d/r_phv7rx6m99qllr_nm2m9c80000gn/T//ccS6g2Jv.ltrans0.ltrans.o
 .progmem.data.__c.1816
                0x000000000000079e       0x13 /var/folders/7d/r_phv7rx6m99qllr_nm2m9c80000gn/T//ccS6g2Jv.ltrans0.ltrans.o
 .progmem.data.__c.1811
                0x00000000000007b1       0x12 /var/folders/7d/r_phv7rx6m99qllr_nm2m9c80000gn/T//ccS6g2Jv.ltrans0.ltrans.o
 .progmem.data.__c.1806
                0x00000000000007c3       0x16 /var/folders/7d/r_phv7rx6m99qllr_nm2m9c80000gn/T//ccS6g2Jv.ltrans0.ltrans.o
 .progmem.data.__c.1824
                0x00000000000007d9       0x14 /var/folders/7d/r_phv7rx6m99qllr_nm2m9c80000gn/T//ccS6g2Jv.ltrans0.ltrans.o
 .progmem.data.__c.3886
                0x00000000000007ed        0x2 /var/folders/7d/r_phv7rx6m99qllr_nm2m9c80000gn/T//ccS6g2Jv.ltrans0.ltrans.o
 .progmem.data.__c.3888
                0x00000000000007ef        0x4 /var/folders/7d/r_phv7rx6m99qllr_nm2m9c80000gn/T//ccS6g2Jv.ltrans0.ltrans.o
 .progmem.data.__c.2042
                0x00000000000007f3        0x2 /var/folders/7d/r_phv7rx6m99qllr_nm2m9c80000gn/T//ccS6g2Jv.ltrans0.ltrans.o
 .progmem.data.__c.2037
                0x00000000000007f5        0x6 /var/folders/7d/r_phv7rx6m99qllr_nm2m9c80000gn/T//ccS6g2Jv.ltrans0.ltrans.o
 .progmem.data.__c.2034
                0x00000000000007fb       0x12 /var/folders/7d/r_phv7rx6m99qllr_nm2m9c80000gn/T//ccS6g2Jv.ltrans0.ltrans.o
 .progmem.data.__c.3821
                0x000000000000080d        0x2 /var/folders/7d/r_phv7rx6m99qllr_nm2m9c80000gn/T//ccS6g2Jv.ltrans0.ltrans.o
 .progmem.data.__c.3819
                0x000000000000080f        0x3 /var/folders/7d/r_phv7rx6m99qllr_nm2m9c80000gn/T//ccS6g2Jv.ltrans0.ltrans.o
 .progmem.data.__c.3817
                0x0000000000000812        0x9 /var/folders/7d/r_phv7rx6m99qllr_nm2m9c80000gn/T//ccS6g2Jv.ltrans0.ltrans.o
 .progmem.data.__c.3815
                0x000000000000081b        0x2 /var/folders/7d/r_phv7rx6m99qllr_nm2m9c80000gn/T//ccS6g2Jv.ltrans0.ltrans.o
 .progmem.data.__c.3813
                0x000000000000081d        0x3 /var/folders/7d/r_phv7rx6m99qllr_nm2m9c80000gn/T//ccS6g2Jv.ltrans0.ltrans.o
 .progmem.data.__c.3811
                0x0000000000000820        0xa /var/folders/7d/r_phv7rx6m99qllr_nm2m9c80000gn/T//ccS6g2Jv.ltrans0.ltrans.o
 .progmem.data.__c.3809
                0x000000000000082a        0x2 /var/folders/7d/r_phv7rx6m99qllr_nm2m9c80000gn/T//ccS6g2Jv.ltrans0.ltrans.o
 .progmem.data.__c.3807
                0x000000000000082c        0x5 /var/folders/7d/r_phv7rx6m99qllr_nm2m9c80000gn/T//ccS6g2Jv.ltrans0.ltrans.o
 .progmem.data.__c.3805
                0x0000000000000831       0x17 /var/folders/7d/r_phv7rx6m99qllr_nm2m9c80000gn/T//ccS6g2Jv.ltrans0.ltrans.o
 .progmem.data.__c.3802
                0x0000000000000848        0x2 /var/folders/7d/r_phv7rx6m99qllr_nm2m9c80000gn/T//ccS6g2Jv.ltrans0.ltrans.o
 .progmem.data.__c.3800
                0x000000000000084a        0x3 /var/folders/7d/r_phv7rx6m99qllr_nm2m9c80000gn/T//ccS6g2Jv.ltrans0.ltrans.o
 .progmem.data.__c.3798
                0x000000000000084d        0x8 /var/folders/7d/r_phv7rx6m99qllr_nm2m9c80000gn/T//ccS6g2Jv.ltrans0.ltrans.o
 .progmem.data.__c.3796
                0x0000000000000855        0x2 /var/folders/7d/r_phv7rx6m99qllr_nm2m9c80000gn/T//ccS6g2Jv.ltrans0.ltrans.o
 .progmem.data.__c.3794
                0x0000000000000857        0x3 /var/folders/7d/r_phv7rx6m99qllr_nm2m9c80000gn/T//ccS6g2Jv.ltrans0.ltrans.o
 .progmem.data.__c.3792
                0x000000000000085a       0x1c /var/folders/7d/r_phv7rx6m99qllr_nm2m9c80000gn/T//ccS6g2Jv.ltrans0.ltrans.o
 .progmem.data.__c.3790
                0x0000000000000876        0x2 /var/folders/7d/r_phv7rx6m99qllr_nm2m9c80000gn/T//ccS6g2Jv.ltrans0.ltrans.o
 .progmem.data.__c.3788
                0x0000000000000878        0x3 /var/folders/7d/r_phv7rx6m99qllr_nm2m9c80000gn/T//ccS6g2Jv.ltrans0.ltrans.o
 .progmem.data.__c.3786
                0x000000000000087b       0x12 /var/folders/7d/r_phv7rx6m99qllr_nm2m9c80000gn/T//ccS6g2Jv.ltrans0.ltrans.o
 .progmem.data.__c.3784
                0x000000000000088d        0x2 /var/folders/7d/r_phv7rx6m99qllr_nm2m9c80000gn/T//ccS6g2Jv.ltrans0.ltrans.o
 .progmem.data.__c.3782
                0x000000000000088f        0x3 /var/folders/7d/r_phv7rx6m99qllr_nm2m9c80000gn/T//ccS6g2Jv.ltrans0.ltrans.o
 .progmem.data.__c.3780
                0x0000000000000892        0xa /var/folders/7d/r_phv7rx6m99qllr_nm2m9c80000gn/T//ccS6g2Jv.ltrans0.ltrans.o
 .progmem.data.__c.3778
                0x000000000000089c        0x2 /var/folders/7d/r_phv7rx6m99qllr_nm2m9c80000gn/T//ccS6g2Jv.ltrans0.ltrans.o
 .progmem.data.__c.3776
                0x000000000000089e        0x3 /var/folders/7d/r_phv7rx6m99qllr_nm2m9c80000gn/T//ccS6g2Jv.ltrans0.ltrans.o
 .progmem.data.__c.3774
                0x00000000000008a1       0x12 /var/folders/7d/r_phv7rx6m99qllr_nm2m9c80000gn/T//ccS6g2Jv.ltrans0.ltrans.o
 .progmem.data.__c.3772
                0x00000000000008b3        0x2 /var/folders/7d/r_phv7rx6m99qllr_nm2m9c80000gn/T//ccS6g2Jv.ltrans0.ltrans.o
 .progmem.data.__c.3770
                0x00000000000008b5        0x3 /var/folders/7d/r_phv7rx6m99qllr_nm2m9c80000gn/T//ccS6g2Jv.ltrans0.ltrans.o
 .progmem.data.__c.3768
                0x00000000000008b8       0x12 /var/folders/7d/r_phv7rx6m99qllr_nm2m9c80000gn/T//ccS6g2Jv.ltrans0.ltrans.o
 .progmem.data.__c.3766
                0x00000000000008ca        0x2 /var/folders/7d/r_phv7rx6m99qllr_nm2m9c80000gn/T//ccS6g2Jv.ltrans0.ltrans.o
 .progmem.data.__c.3764
                0x00000000000008cc        0x3 /var/folders/7d/r_phv7rx6m99qllr_nm2m9c80000gn/T//ccS6g2Jv.ltrans0.ltrans.o
 .progmem.data.__c.3762
                0x00000000000008cf       0x17 /var/folders/7d/r_phv7rx6m99qllr_nm2m9c80000gn/T//ccS6g2Jv.ltrans0.ltrans.o
 .progmem.data.__c.3760
                0x00000000000008e6        0x2 /var/folders/7d/r_phv7rx6m99qllr_nm2m9c80000gn/T//ccS6g2Jv.ltrans0.ltrans.o
 .progmem.data.__c.3758
                0x00000000000008e8        0x3 /var/folders/7d/r_phv7rx6m99qllr_nm2m9c80000gn/T//ccS6g2Jv.ltrans0.ltrans.o
 .progmem.data.__c.3756
                0x00000000000008eb       0x19 /var/folders/7d/r_phv7rx6m99qllr_nm2m9c80000gn/T//ccS6g2Jv.ltrans0.ltrans.o
 .progmem.data.__c.3754
                0x0000000000000904        0x2 /var/folders/7d/r_phv7rx6m99qllr_nm2m9c80000gn/T//ccS6g2Jv.ltrans0.ltrans.o
 .progmem.data.__c.3752
                0x0000000000000906        0x5 /var/folders/7d/r_phv7rx6m99qllr_nm2m9c80000gn/T//ccS6g2Jv.ltrans0.ltrans.o
 .progmem.data.__c.3750
                0x000000000000090b       0x14 /var/folders/7d/r_phv7rx6m99qllr_nm2m9c80000gn/T//ccS6g2Jv.ltrans0.ltrans.o
 .progmem.data.__c.3747
                0x000000000000091f        0x2 /var/folders/7d/r_phv7rx6m99qllr_nm2m9c80000gn/T//ccS6g2Jv.ltrans0.ltrans.o
 .progmem.data.__c.3745
                0x0000000000000921        0x3 /var/folders/7d/r_phv7rx6m99qllr_nm2m9c80000gn/T//ccS6g2Jv.ltrans0.ltrans.o
 .progmem.data.__c.3743
                0x0000000000000924        0x9 /var/folders/7d/r_phv7rx6m99qllr_nm2m9c80000gn/T//ccS6g2Jv.ltrans0.ltrans.o
 .progmem.data.__c.3741
                0x000000000000092d        0x2 /var/folders/7d/r_phv7rx6m99qllr_nm2m9c80000gn/T//ccS6g2Jv.ltrans0.ltrans.o
 .progmem.data.__c.3739
                0x000000000000092f        0x3 /var/folders/7d/r_phv7rx6m99qllr_nm2m9c80000gn/T//ccS6g2Jv.ltrans0.ltrans.o
 .progmem.data.__c.3737
                0x0000000000000932        0xc /var/folders/7d/r_phv7rx6m99qllr_nm2m9c80000gn/T//ccS6g2Jv.ltrans0.ltrans.o
 .progmem.data.__c.3735
                0x000000000000093e        0x2 /var/folders/7d/r_phv7rx6m99qllr_nm2m9c80000gn/T//ccS6g2Jv.ltrans0.ltrans.o
 .progmem.data.__c.3733
                0x0000000000000940        0x3 /var/folders/7d/r_phv7rx6m99qllr_nm2m9c80000gn/T//ccS6g2Jv.ltrans0.ltrans.o
 .progmem.data.__c.3731
                0x0000000000000943        0xa /var/folders/7d/r_phv7rx6m99qllr_nm2m9c80000gn/T//ccS6g2Jv.ltrans0.ltrans.o
 .progmem.data.__c.3729
                0x000000000000094d        0x2 /var/folders/7d/r_phv7rx6m99qllr_nm2m9c80000gn/T//ccS6g2Jv.ltrans0.ltrans.o
 .progmem.data.__c.3727
                0x000000000000094f        0x3 /var/folders/7d/r_phv7rx6m99qllr_nm2m9c80000gn/T//ccS6g2Jv.ltrans0.ltrans.o
 .progmem.data.__c.3725
                0x0000000000000952        0xa /var/folders/7d/r_phv7rx6m99qllr_nm2m9c80000gn/T//ccS6g2Jv.ltrans0.ltrans.o
 .progmem.data.__c.3723
                0x000000000000095c        0x2 /var/folders/7d/r_phv7rx6m99qllr_nm2m9c80000gn/T//ccS6g2Jv.ltrans0.ltrans.o
 .progmem.data.__c.3721
                0x000000000000095e        0x5 /var/folders/7d/r_phv7rx6m99qllr_nm2m9c80000gn/T//ccS6g2Jv.ltrans0.ltrans.o
 .progmem.data.__c.3719
                0x0000000000000963       0x13 /var/folders/7d/r_phv7rx6m99qllr_nm2m9c80000gn/T//ccS6g2Jv.ltrans0.ltrans.o
 .progmem.data.__c.3716
                0x0000000000000976        0x2 /var/folders/7d/r_phv7rx6m99qllr_nm2m9c80000gn/T//ccS6g2Jv.ltrans0.ltrans.o
 .progmem.data.__c.3714
                0x0000000000000978        0x3 /var/folders/7d/r_phv7rx6m99qllr_nm2m9c80000gn/T//ccS6g2Jv.ltrans0.ltrans.o
 .progmem.data.__c.3712
                0x000000000000097b       0x10 /var/folders/7d/r_phv7rx6m99qllr_nm2m9c80000gn/T//ccS6g2Jv.ltrans0.ltrans.o
 .progmem.data.__c.3679
                0x000000000000098b      0x1a3 /var/folders/7d/r_phv7rx6m99qllr_nm2m9c80000gn/T//ccS6g2Jv.ltrans0.ltrans.o
 .progmem.data.__c.3875
                0x0000000000000b2e       0x1b /var/folders/7d/r_phv7rx6m99qllr_nm2m9c80000gn/T//ccS6g2Jv.ltrans0.ltrans.o
 .progmem.data.__c.3694
                0x0000000000000b49       0x2b /var/folders/7d/r_phv7rx6m99qllr_nm2m9c80000gn/T//ccS6g2Jv.ltrans0.ltrans.o
 .progmem.data.__c.3692
                0x0000000000000b74       0x2d /var/folders/7d/r_phv7rx6m99qllr_nm2m9c80000gn/T//ccS6g2Jv.ltrans0.ltrans.o
 .progmem.data.__c.3690.lto_priv.37
                0x0000000000000ba1       0x2e /var/folders/7d/r_phv7rx6m99qllr_nm2m9c80000gn/T//ccS6g2Jv.ltrans0.ltrans.o
 .progmem.data.__c.3688.lto_priv.35
                0x0000000000000bcf       0x3d /var/folders/7d/r_phv7rx6m99qllr_nm2m9c80000gn/T//ccS6g2Jv.ltrans0.ltrans.o
 .progmem.data.__c.3686.lto_priv.33
                0x0000000000000c0c       0x1d /var/folders/7d/r_phv7rx6m99qllr_nm2m9c80000gn/T//ccS6g2Jv.ltrans0.ltrans.o
 .progmem.data.__c.3684.lto_priv.31
                0x0000000000000c29        0xf /var/folders/7d/r_phv7rx6m99qllr_nm2m9c80000gn/T//ccS6g2Jv.ltrans0.ltrans.o
 .progmem.data.__c.3707
                0x0000000000000c38       0x17 /var/folders/7d/r_phv7rx6m99qllr_nm2m9c80000gn/T//ccS6g2Jv.ltrans0.ltrans.o
 .progmem.data.__c.3705.lto_priv.41
                0x0000000000000c4f       0x13 /var/folders/7d/r_phv7rx6m99qllr_nm2m9c80000gn/T//ccS6g2Jv.ltrans0.ltrans.o
 .progmem.data.__c.3703.lto_priv.39
                0x0000000000000c62       0x17 /var/folders/7d/r_phv7rx6m99qllr_nm2m9c80000gn/T//ccS6g2Jv.ltrans0.ltrans.o
 .progmem.data.__c.3701
                0x0000000000000c79       0x1a /var/folders/7d/r_phv7rx6m99qllr_nm2m9c80000gn/T//ccS6g2Jv.ltrans0.ltrans.o
 .progmem.data.__c.3699
                0x0000000000000c93        0xe /var/folders/7d/r_phv7rx6m99qllr_nm2m9c80000gn/T//ccS6g2Jv.ltrans0.ltrans.o
 .progmem.data.__c.3870
                0x0000000000000ca1        0x2 /var/folders/7d/r_phv7rx6m99qllr_nm2m9c80000gn/T//ccS6g2Jv.ltrans0.ltrans.o
 .progmem.data.__c.3860
                0x0000000000000ca3        0xd /var/folders/7d/r_phv7rx6m99qllr_nm2m9c80000gn/T//ccS6g2Jv.ltrans0.ltrans.o
 .progmem.data.__c.3858
                0x0000000000000cb0        0xc /var/folders/7d/r_phv7rx6m99qllr_nm2m9c80000gn/T//ccS6g2Jv.ltrans0.ltrans.o
 .progmem.data.__c.3855
                0x0000000000000cbc       0x10 /var/folders/7d/r_phv7rx6m99qllr_nm2m9c80000gn/T//ccS6g2Jv.ltrans0.ltrans.o
 .progmem.data.__c.3853
                0x0000000000000ccc        0xf /var/folders/7d/r_phv7rx6m99qllr_nm2m9c80000gn/T//ccS6g2Jv.ltrans0.ltrans.o
 .progmem.data.__c.3850
                0x0000000000000cdb        0xe /var/folders/7d/r_phv7rx6m99qllr_nm2m9c80000gn/T//ccS6g2Jv.ltrans0.ltrans.o
 .progmem.data.__c.3848
                0x0000000000000ce9        0xd /var/folders/7d/r_phv7rx6m99qllr_nm2m9c80000gn/T//ccS6g2Jv.ltrans0.ltrans.o
 .progmem.data.__c.3845
                0x0000000000000cf6        0xd /var/folders/7d/r_phv7rx6m99qllr_nm2m9c80000gn/T//ccS6g2Jv.ltrans0.ltrans.o
 .progmem.data.__c.3843
                0x0000000000000d03        0xc /var/folders/7d/r_phv7rx6m99qllr_nm2m9c80000gn/T//ccS6g2Jv.ltrans0.ltrans.o
 .progmem.data.__c.3840
                0x0000000000000d0f       0x1c /var/folders/7d/r_phv7rx6m99qllr_nm2m9c80000gn/T//ccS6g2Jv.ltrans0.ltrans.o
 .progmem.data.__c.3836
                0x0000000000000d2b        0x4 /var/folders/7d/r_phv7rx6m99qllr_nm2m9c80000gn/T//ccS6g2Jv.ltrans0.ltrans.o
 .progmem.data.__c.3831
                0x0000000000000d2f       0x11 /var/folders/7d/r_phv7rx6m99qllr_nm2m9c80000gn/T//ccS6g2Jv.ltrans0.ltrans.o
 .progmem.data.__c.3827
                0x0000000000000d40        0xb /var/folders/7d/r_phv7rx6m99qllr_nm2m9c80000gn/T//ccS6g2Jv.ltrans0.ltrans.o
 .progmem.data.__c.3906
                0x0000000000000d4b        0x5 /var/folders/7d/r_phv7rx6m99qllr_nm2m9c80000gn/T//ccS6g2Jv.ltrans0.ltrans.o
 .progmem.data.__c.2860
                0x0000000000000d50       0x1c /var/folders/7d/r_phv7rx6m99qllr_nm2m9c80000gn/T//ccS6g2Jv.ltrans0.ltrans.o
 .progmem.data.__c.2858
                0x0000000000000d6c       0x1a /var/folders/7d/r_phv7rx6m99qllr_nm2m9c80000gn/T//ccS6g2Jv.ltrans0.ltrans.o
 .progmem.data.__c.2856
                0x0000000000000d86       0x1a /var/folders/7d/r_phv7rx6m99qllr_nm2m9c80000gn/T//ccS6g2Jv.ltrans0.ltrans.o
 .progmem.data.__c.2854
                0x0000000000000da0       0x1a /var/folders/7d/r_phv7rx6m99qllr_nm2m9c80000gn/T//ccS6g2Jv.ltrans0.ltrans.o
 .progmem.data.__c.2852
                0x0000000000000dba       0x1b /var/folders/7d/r_phv7rx6m99qllr_nm2m9c80000gn/T//ccS6g2Jv.ltrans0.ltrans.o
 .progmem.data.__c.2850
                0x0000000000000dd5       0x1d /var/folders/7d/r_phv7rx6m99qllr_nm2m9c80000gn/T//ccS6g2Jv.ltrans0.ltrans.o
 .progmem.data.__c.2848
                0x0000000000000df2       0x19 /var/folders/7d/r_phv7rx6m99qllr_nm2m9c80000gn/T//ccS6g2Jv.ltrans0.ltrans.o
 .progmem.data.__c.2871
                0x0000000000000e0b       0x49 /var/folders/7d/r_phv7rx6m99qllr_nm2m9c80000gn/T//ccS6g2Jv.ltrans0.ltrans.o
 .progmem.data.__c.2869
                0x0000000000000e54       0x28 /var/folders/7d/r_phv7rx6m99qllr_nm2m9c80000gn/T//ccS6g2Jv.ltrans0.ltrans.o
 .progmem.data.__c.2867
                0x0000000000000e7c       0x16 /var/folders/7d/r_phv7rx6m99qllr_nm2m9c80000gn/T//ccS6g2Jv.ltrans0.ltrans.o
 .progmem.data.__c.2865
                0x0000000000000e92       0x17 /var/folders/7d/r_phv7rx6m99qllr_nm2m9c80000gn/T//ccS6g2Jv.ltrans0.ltrans.o
 .progmem.data.__c.2952
                0x0000000000000ea9       0x3a /var/folders/7d/r_phv7rx6m99qllr_nm2m9c80000gn/T//ccS6g2Jv.ltrans0.ltrans.o
 .progmem.data.__c.3690.lto_priv.36
                0x0000000000000ee3        0x2 /var/folders/7d/r_phv7rx6m99qllr_nm2m9c80000gn/T//ccS6g2Jv.ltrans0.ltrans.o
 .progmem.data.__c.3688.lto_priv.34
                0x0000000000000ee5        0x6 /var/folders/7d/r_phv7rx6m99qllr_nm2m9c80000gn/T//ccS6g2Jv.ltrans0.ltrans.o
 .progmem.data.__c.3686.lto_priv.32
                0x0000000000000eeb        0x3 /var/folders/7d/r_phv7rx6m99qllr_nm2m9c80000gn/T//ccS6g2Jv.ltrans0.ltrans.o
 .progmem.data.__c.3684.lto_priv.30
                0x0000000000000eee        0x5 /var/folders/7d/r_phv7rx6m99qllr_nm2m9c80000gn/T//ccS6g2Jv.ltrans0.ltrans.o
 .progmem.data.__c.3681
                0x0000000000000ef3       0x17 /var/folders/7d/r_phv7rx6m99qllr_nm2m9c80000gn/T//ccS6g2Jv.ltrans0.ltrans.o
 .progmem.data.__c.3178
                0x0000000000000f0a        0x2 /var/folders/7d/r_phv7rx6m99qllr_nm2m9c80000gn/T//ccS6g2Jv.ltrans0.ltrans.o
 .progmem.data.__c.3176
                0x0000000000000f0c        0x5 /var/folders/7d/r_phv7rx6m99qllr_nm2m9c80000gn/T//ccS6g2Jv.ltrans0.ltrans.o
 .progmem.data.__c.3174
                0x0000000000000f11       0x13 /var/folders/7d/r_phv7rx6m99qllr_nm2m9c80000gn/T//ccS6g2Jv.ltrans0.ltrans.o
 .progmem.data.RGBLED_RGBTEST_INTERVALS
                0x0000000000000f24        0x2 /var/folders/7d/r_phv7rx6m99qllr_nm2m9c80000gn/T//ccS6g2Jv.ltrans0.ltrans.o
 .progmem.data.RGBLED_KNIGHT_INTERVALS
                0x0000000000000f26        0x3 /var/folders/7d/r_phv7rx6m99qllr_nm2m9c80000gn/T//ccS6g2Jv.ltrans0.ltrans.o
 .progmem.data.RGBLED_SNAKE_INTERVALS
                0x0000000000000f29        0x3 /var/folders/7d/r_phv7rx6m99qllr_nm2m9c80000gn/T//ccS6g2Jv.ltrans0.ltrans.o
 .progmem.data.RGBLED_RAINBOW_SWIRL_INTERVALS
                0x0000000000000f2c        0x3 /var/folders/7d/r_phv7rx6m99qllr_nm2m9c80000gn/T//ccS6g2Jv.ltrans0.ltrans.o
 .progmem.data.RGBLED_RAINBOW_MOOD_INTERVALS
                0x0000000000000f2f        0x3 /var/folders/7d/r_phv7rx6m99qllr_nm2m9c80000gn/T//ccS6g2Jv.ltrans0.ltrans.o
 .progmem.data.RGBLED_BREATHING_INTERVALS
                0x0000000000000f32        0x4 /var/folders/7d/r_phv7rx6m99qllr_nm2m9c80000gn/T//ccS6g2Jv.ltrans0.ltrans.o
 .progmem.data.__c.6180
                0x0000000000000f36        0x4 /var/folders/7d/r_phv7rx6m99qllr_nm2m9c80000gn/T//ccS6g2Jv.ltrans0.ltrans.o
 .progmem.data.__c.6178
                0x0000000000000f3a       0x11 /var/folders/7d/r_phv7rx6m99qllr_nm2m9c80000gn/T//ccS6g2Jv.ltrans0.ltrans.o
 .progmem.data.__c.6055
                0x0000000000000f4b        0x4 /var/folders/7d/r_phv7rx6m99qllr_nm2m9c80000gn/T//ccS6g2Jv.ltrans0.ltrans.o
 .progmem.data.__c.6060
                0x0000000000000f4f        0x4 /var/folders/7d/r_phv7rx6m99qllr_nm2m9c80000gn/T//ccS6g2Jv.ltrans0.ltrans.o
 .progmem.data.__c.6069
                0x0000000000000f53        0x4 /var/folders/7d/r_phv7rx6m99qllr_nm2m9c80000gn/T//ccS6g2Jv.ltrans0.ltrans.o
 .progmem.data.__c.2942
                0x0000000000000f57       0x39 /var/folders/7d/r_phv7rx6m99qllr_nm2m9c80000gn/T//ccS6g2Jv.ltrans0.ltrans.o
 .progmem.data.__c.6073
                0x0000000000000f90        0x4 /var/folders/7d/r_phv7rx6m99qllr_nm2m9c80000gn/T//ccS6g2Jv.ltrans0.ltrans.o
 .progmem.data.__c.6065
                0x0000000000000f94        0x4 /var/folders/7d/r_phv7rx6m99qllr_nm2m9c80000gn/T//ccS6g2Jv.ltrans0.ltrans.o
 .progmem.data.ConfigurationDescriptor
                0x0000000000000f98       0x5b /var/folders/7d/r_phv7rx6m99qllr_nm2m9c80000gn/T//ccS6g2Jv.ltrans0.ltrans.o
 .progmem.data.DeviceDescriptor
                0x0000000000000ff3       0x12 /var/folders/7d/r_phv7rx6m99qllr_nm2m9c80000gn/T//ccS6g2Jv.ltrans0.ltrans.o
 .progmem.data.SerialNumberString
                0x0000000000001005        0x6 /var/folders/7d/r_phv7rx6m99qllr_nm2m9c80000gn/T//ccS6g2Jv.ltrans0.ltrans.o
 .progmem.data.ProductString
                0x000000000000100b       0x14 /var/folders/7d/r_phv7rx6m99qllr_nm2m9c80000gn/T//ccS6g2Jv.ltrans0.ltrans.o
 .progmem.data.ManufacturerString
                0x000000000000101f       0x1c /var/folders/7d/r_phv7rx6m99qllr_nm2m9c80000gn/T//ccS6g2Jv.ltrans0.ltrans.o
 .progmem.data.LanguageString
                0x000000000000103b        0x4 /var/folders/7d/r_phv7rx6m99qllr_nm2m9c80000gn/T//ccS6g2Jv.ltrans0.ltrans.o
                0x0000000000001040                . = ALIGN (0x2)
 *fill*         0x000000000000103f        0x1 
 *(.lowtext)
 *(.lowtext*)
                0x0000000000001040                __ctors_start = .
 *(.ctors)
                0x0000000000001040                __ctors_end = .
                0x0000000000001040                __dtors_start = .
 *(.dtors)
                0x0000000000001040                __dtors_end = .
 SORT_BY_NAME(*)(.ctors)
 SORT_BY_NAME(*)(.dtors)
 *(.init0)
 .init0         0x0000000000001040        0x0 /usr/local/Cellar/avr-gcc@7/7.4.0/lib/avr-gcc/7/gcc/avr/7.4.0/../../../../../../avr/lib/avr5/crtatmega32u4.o
                0x0000000000001040                __init
 *(.init0)
 *(.init1)
 *(.init1)
 *(.init2)
 .init2         0x0000000000001040        0xc /usr/local/Cellar/avr-gcc@7/7.4.0/lib/avr-gcc/7/gcc/avr/7.4.0/../../../../../../avr/lib/avr5/crtatmega32u4.o
 *(.init2)
 *(.init3)
 .init3         0x000000000000104c       0x54 /var/folders/7d/r_phv7rx6m99qllr_nm2m9c80000gn/T//ccS6g2Jv.ltrans0.ltrans.o
                0x000000000000104c                bootloader_jump_after_watchdog_reset
 *(.init3)
 *(.init4)
 .init4         0x00000000000010a0       0x16 /usr/local/Cellar/avr-gcc@7/7.4.0/lib/avr-gcc/7/gcc/avr/7.4.0/avr5/libgcc.a(_copy_data.o)
                0x00000000000010a0                __do_copy_data
 .init4         0x00000000000010b6       0x10 /usr/local/Cellar/avr-gcc@7/7.4.0/lib/avr-gcc/7/gcc/avr/7.4.0/avr5/libgcc.a(_clear_bss.o)
                0x00000000000010b6                __do_clear_bss
 *(.init4)
 *(.init5)
 *(.init5)
 *(.init6)
 *(.init6)
 *(.init7)
 *(.init7)
 *(.init8)
 *(.init8)
 *(.init9)
 .init9         0x00000000000010c6        0x8 /usr/local/Cellar/avr-gcc@7/7.4.0/lib/avr-gcc/7/gcc/avr/7.4.0/../../../../../../avr/lib/avr5/crtatmega32u4.o
 *(.init9)
 *(.text)
 .text          0x00000000000010ce        0x4 /usr/local/Cellar/avr-gcc@7/7.4.0/lib/avr-gcc/7/gcc/avr/7.4.0/../../../../../../avr/lib/avr5/crtatmega32u4.o
                0x00000000000010ce                __vector_42
                0x00000000000010ce                __vector_22
                0x00000000000010ce                __vector_28
                0x00000000000010ce                __vector_1
                0x00000000000010ce                __vector_32
                0x00000000000010ce                __vector_34
                0x00000000000010ce                __vector_24
                0x00000000000010ce                __bad_interrupt
                0x00000000000010ce                __vector_6
                0x00000000000010ce                __vector_31
                0x00000000000010ce                __vector_35
                0x00000000000010ce                __vector_39
                0x00000000000010ce                __vector_3
                0x00000000000010ce                __vector_23
                0x00000000000010ce                __vector_30
                0x00000000000010ce                __vector_25
                0x00000000000010ce                __vector_13
                0x00000000000010ce                __vector_17
                0x00000000000010ce                __vector_19
                0x00000000000010ce                __vector_7
                0x00000000000010ce                __vector_41
                0x00000000000010ce                __vector_27
                0x00000000000010ce                __vector_5
                0x00000000000010ce                __vector_33
                0x00000000000010ce                __vector_37
                0x00000000000010ce                __vector_4
                0x00000000000010ce                __vector_9
                0x00000000000010ce                __vector_2
                0x00000000000010ce                __vector_15
                0x00000000000010ce                __vector_36
                0x00000000000010ce                __vector_29
                0x00000000000010ce                __vector_40
                0x00000000000010ce                __vector_8
                0x00000000000010ce                __vector_26
                0x00000000000010ce                __vector_14
                0x00000000000010ce                __vector_16
                0x00000000000010ce                __vector_18
                0x00000000000010ce                __vector_38
 .text          0x00000000000010d2      0x15c .build/obj_1upkeyboards_1up60hse_default/common/avr/xprintf.o
                0x00000000000010d2                xputc
                0x00000000000010ea                xputs
                0x00000000000010f8                xitoa
                0x000000000000121c                __xprintf
                0x000000000000122e                . = ALIGN (0x2)
 *(.text.*)
 .text.USB_Disable
                0x000000000000122e       0x3e /var/folders/7d/r_phv7rx6m99qllr_nm2m9c80000gn/T//ccS6g2Jv.ltrans0.ltrans.o
 .text.Endpoint_WaitUntilReady
                0x000000000000126c       0x5e /var/folders/7d/r_phv7rx6m99qllr_nm2m9c80000gn/T//ccS6g2Jv.ltrans0.ltrans.o
 .text.Endpoint_Write_Stream_LE.constprop.0
                0x00000000000012ca       0x54 /var/folders/7d/r_phv7rx6m99qllr_nm2m9c80000gn/T//ccS6g2Jv.ltrans0.ltrans.o
 .text.Endpoint_ClearStatusStage
                0x000000000000131e       0x3e /var/folders/7d/r_phv7rx6m99qllr_nm2m9c80000gn/T//ccS6g2Jv.ltrans0.ltrans.o
 .text.Endpoint_ConfigureEndpoint_Prv
                0x000000000000135c       0x64 /var/folders/7d/r_phv7rx6m99qllr_nm2m9c80000gn/T//ccS6g2Jv.ltrans0.ltrans.o
 .text.USB_Init
                0x00000000000013c0       0xc2 /var/folders/7d/r_phv7rx6m99qllr_nm2m9c80000gn/T//ccS6g2Jv.ltrans0.ltrans.o
 .text.Endpoint_Write_Control_Stream_LE
                0x0000000000001482       0xbe /var/folders/7d/r_phv7rx6m99qllr_nm2m9c80000gn/T//ccS6g2Jv.ltrans0.ltrans.o
 .text.rgblight_effect_dummy
                0x0000000000001540        0x2 /var/folders/7d/r_phv7rx6m99qllr_nm2m9c80000gn/T//ccS6g2Jv.ltrans0.ltrans.o
 .text.send_mouse
                0x0000000000001542        0x2 /var/folders/7d/r_phv7rx6m99qllr_nm2m9c80000gn/T//ccS6g2Jv.ltrans0.ltrans.o
 .text.keyboard_leds
                0x0000000000001544        0x6 /var/folders/7d/r_phv7rx6m99qllr_nm2m9c80000gn/T//ccS6g2Jv.ltrans0.ltrans.o
 .text.timer_elapsed
                0x000000000000154a       0x54 /var/folders/7d/r_phv7rx6m99qllr_nm2m9c80000gn/T//ccS6g2Jv.ltrans0.ltrans.o
 .text.timer_read
                0x000000000000159e       0x18 /var/folders/7d/r_phv7rx6m99qllr_nm2m9c80000gn/T//ccS6g2Jv.ltrans0.ltrans.o
 .text.bitrev   0x00000000000015b6       0x30 /var/folders/7d/r_phv7rx6m99qllr_nm2m9c80000gn/T//ccS6g2Jv.ltrans0.ltrans.o
 .text.clear_oneshot_mods
                0x00000000000015e6        0xc /var/folders/7d/r_phv7rx6m99qllr_nm2m9c80000gn/T//ccS6g2Jv.ltrans0.ltrans.o
 .text.del_key  0x00000000000015f2       0x18 /var/folders/7d/r_phv7rx6m99qllr_nm2m9c80000gn/T//ccS6g2Jv.ltrans0.ltrans.o
 .text.add_key  0x000000000000160a       0x32 /var/folders/7d/r_phv7rx6m99qllr_nm2m9c80000gn/T//ccS6g2Jv.ltrans0.ltrans.o
 .text.read_source_layers_cache
                0x000000000000163c       0x56 /var/folders/7d/r_phv7rx6m99qllr_nm2m9c80000gn/T//ccS6g2Jv.ltrans0.ltrans.o
 .text.update_source_layers_cache
                0x0000000000001692       0x5e /var/folders/7d/r_phv7rx6m99qllr_nm2m9c80000gn/T//ccS6g2Jv.ltrans0.ltrans.o
 .text.debug_waiting_buffer
                0x00000000000016f0       0x14 /var/folders/7d/r_phv7rx6m99qllr_nm2m9c80000gn/T//ccS6g2Jv.ltrans0.ltrans.o
 .text.host_consumer_send
                0x0000000000001704       0x2c /var/folders/7d/r_phv7rx6m99qllr_nm2m9c80000gn/T//ccS6g2Jv.ltrans0.ltrans.o
 .text.host_system_send
                0x0000000000001730       0x2c /var/folders/7d/r_phv7rx6m99qllr_nm2m9c80000gn/T//ccS6g2Jv.ltrans0.ltrans.o
 .text.host_keyboard_leds
                0x000000000000175c       0x18 /var/folders/7d/r_phv7rx6m99qllr_nm2m9c80000gn/T//ccS6g2Jv.ltrans0.ltrans.o
 .text.rgblight_get_mode
                0x0000000000001774       0x10 /var/folders/7d/r_phv7rx6m99qllr_nm2m9c80000gn/T//ccS6g2Jv.ltrans0.ltrans.o
 .text.rgblight_check_config
                0x0000000000001784       0x1e /var/folders/7d/r_phv7rx6m99qllr_nm2m9c80000gn/T//ccS6g2Jv.ltrans0.ltrans.o
 .text.sethsv_raw
                0x00000000000017a2      0x142 /var/folders/7d/r_phv7rx6m99qllr_nm2m9c80000gn/T//ccS6g2Jv.ltrans0.ltrans.o
 .text.mod_config
                0x00000000000018e4       0x46 /var/folders/7d/r_phv7rx6m99qllr_nm2m9c80000gn/T//ccS6g2Jv.ltrans0.ltrans.o
 .text.action_for_key
                0x000000000000192a      0x4d8 /var/folders/7d/r_phv7rx6m99qllr_nm2m9c80000gn/T//ccS6g2Jv.ltrans0.ltrans.o
 .text.layer_switch_get_layer
                0x0000000000001e02       0x84 /var/folders/7d/r_phv7rx6m99qllr_nm2m9c80000gn/T//ccS6g2Jv.ltrans0.ltrans.o
 .text.layer_switch_get_action
                0x0000000000001e86       0x14 /var/folders/7d/r_phv7rx6m99qllr_nm2m9c80000gn/T//ccS6g2Jv.ltrans0.ltrans.o
 .text.is_tap_key
                0x0000000000001e9a       0x64 /var/folders/7d/r_phv7rx6m99qllr_nm2m9c80000gn/T//ccS6g2Jv.ltrans0.ltrans.o
 .text.cie_lightness
                0x0000000000001efe       0x7a /var/folders/7d/r_phv7rx6m99qllr_nm2m9c80000gn/T//ccS6g2Jv.ltrans0.ltrans.o
 .text.backlight_set
                0x0000000000001f78       0x44 /var/folders/7d/r_phv7rx6m99qllr_nm2m9c80000gn/T//ccS6g2Jv.ltrans0.ltrans.o
 .text.send_keyboard_report
                0x0000000000001fbc       0xcc /var/folders/7d/r_phv7rx6m99qllr_nm2m9c80000gn/T//ccS6g2Jv.ltrans0.ltrans.o
 .text.clear_keyboard_but_mods_and_keys
                0x0000000000002088       0x1c /var/folders/7d/r_phv7rx6m99qllr_nm2m9c80000gn/T//ccS6g2Jv.ltrans0.ltrans.o
 .text.layer_state_set
                0x00000000000020a4       0x14 /var/folders/7d/r_phv7rx6m99qllr_nm2m9c80000gn/T//ccS6g2Jv.ltrans0.ltrans.o
 .text.layer_off
                0x00000000000020b8       0x46 /var/folders/7d/r_phv7rx6m99qllr_nm2m9c80000gn/T//ccS6g2Jv.ltrans0.ltrans.o
 .text.clear_oneshot_layer_state
                0x00000000000020fe       0x30 /var/folders/7d/r_phv7rx6m99qllr_nm2m9c80000gn/T//ccS6g2Jv.ltrans0.ltrans.o
 .text.layer_on
                0x000000000000212e       0x42 /var/folders/7d/r_phv7rx6m99qllr_nm2m9c80000gn/T//ccS6g2Jv.ltrans0.ltrans.o
 .text.default_layer_state_set
                0x0000000000002170       0x14 /var/folders/7d/r_phv7rx6m99qllr_nm2m9c80000gn/T//ccS6g2Jv.ltrans0.ltrans.o
 .text.unregister_mods
                0x0000000000002184       0x16 /var/folders/7d/r_phv7rx6m99qllr_nm2m9c80000gn/T//ccS6g2Jv.ltrans0.ltrans.o
 .text.register_mods
                0x000000000000219a       0x14 /var/folders/7d/r_phv7rx6m99qllr_nm2m9c80000gn/T//ccS6g2Jv.ltrans0.ltrans.o
 .text.unregister_code
                0x00000000000021ae       0xac /var/folders/7d/r_phv7rx6m99qllr_nm2m9c80000gn/T//ccS6g2Jv.ltrans0.ltrans.o
 .text.rgblight_timer_disable
                0x000000000000225a       0x1e /var/folders/7d/r_phv7rx6m99qllr_nm2m9c80000gn/T//ccS6g2Jv.ltrans0.ltrans.o
 .text.sendchar
                0x0000000000002278       0xc6 /var/folders/7d/r_phv7rx6m99qllr_nm2m9c80000gn/T//ccS6g2Jv.ltrans0.ltrans.o
 .text.send_consumer
                0x000000000000233e       0x7c /var/folders/7d/r_phv7rx6m99qllr_nm2m9c80000gn/T//ccS6g2Jv.ltrans0.ltrans.o
 .text.send_system
                0x00000000000023ba       0x6c /var/folders/7d/r_phv7rx6m99qllr_nm2m9c80000gn/T//ccS6g2Jv.ltrans0.ltrans.o
 .text.send_keyboard
                0x0000000000002426       0x70 /var/folders/7d/r_phv7rx6m99qllr_nm2m9c80000gn/T//ccS6g2Jv.ltrans0.ltrans.o
 .text.bootloader_jump
                0x0000000000002496       0x48 /var/folders/7d/r_phv7rx6m99qllr_nm2m9c80000gn/T//ccS6g2Jv.ltrans0.ltrans.o
 .text.rgblight_set
                0x00000000000024de       0x68 /var/folders/7d/r_phv7rx6m99qllr_nm2m9c80000gn/T//ccS6g2Jv.ltrans0.ltrans.o
 .text.rgblight_effect_alternating
                0x0000000000002546       0x72 /var/folders/7d/r_phv7rx6m99qllr_nm2m9c80000gn/T//ccS6g2Jv.ltrans0.ltrans.o
 .text.rgblight_effect_rainbow_swirl
                0x00000000000025b8       0x54 /var/folders/7d/r_phv7rx6m99qllr_nm2m9c80000gn/T//ccS6g2Jv.ltrans0.ltrans.o
 .text.rgblight_effect_snake
                0x000000000000260c       0xc2 /var/folders/7d/r_phv7rx6m99qllr_nm2m9c80000gn/T//ccS6g2Jv.ltrans0.ltrans.o
 .text.rgblight_effect_knight
                0x00000000000026ce       0x9c /var/folders/7d/r_phv7rx6m99qllr_nm2m9c80000gn/T//ccS6g2Jv.ltrans0.ltrans.o
 .text.rgblight_effect_christmas
                0x000000000000276a       0x68 /var/folders/7d/r_phv7rx6m99qllr_nm2m9c80000gn/T//ccS6g2Jv.ltrans0.ltrans.o
 .text.rgblight_setrgb
                0x00000000000027d2       0x22 /var/folders/7d/r_phv7rx6m99qllr_nm2m9c80000gn/T//ccS6g2Jv.ltrans0.ltrans.o
 .text.rgblight_effect_rgbtest
                0x00000000000027f4       0x7e /var/folders/7d/r_phv7rx6m99qllr_nm2m9c80000gn/T//ccS6g2Jv.ltrans0.ltrans.o
 .text.rgblight_sethsv_noeeprom_old
                0x0000000000002872       0x34 /var/folders/7d/r_phv7rx6m99qllr_nm2m9c80000gn/T//ccS6g2Jv.ltrans0.ltrans.o
 .text.rgblight_effect_breathing
                0x00000000000028a6       0x28 /var/folders/7d/r_phv7rx6m99qllr_nm2m9c80000gn/T//ccS6g2Jv.ltrans0.ltrans.o
 .text.rgblight_effect_rainbow_mood
                0x00000000000028ce       0x20 /var/folders/7d/r_phv7rx6m99qllr_nm2m9c80000gn/T//ccS6g2Jv.ltrans0.ltrans.o
 .text.matrix_scan
                0x00000000000028ee      0x192 /var/folders/7d/r_phv7rx6m99qllr_nm2m9c80000gn/T//ccS6g2Jv.ltrans0.ltrans.o
 .text.eeconfig_update_backlight
                0x0000000000002a80        0xa /var/folders/7d/r_phv7rx6m99qllr_nm2m9c80000gn/T//ccS6g2Jv.ltrans0.ltrans.o
 .text.backlight_level
                0x0000000000002a8a       0x3a /var/folders/7d/r_phv7rx6m99qllr_nm2m9c80000gn/T//ccS6g2Jv.ltrans0.ltrans.o
 .text.eeconfig_is_enabled
                0x0000000000002ac4       0x16 /var/folders/7d/r_phv7rx6m99qllr_nm2m9c80000gn/T//ccS6g2Jv.ltrans0.ltrans.o
 .text.eeconfig_update_rgblight
                0x0000000000002ada       0x24 /var/folders/7d/r_phv7rx6m99qllr_nm2m9c80000gn/T//ccS6g2Jv.ltrans0.ltrans.o
 .text.rgblight_sethsv_eeprom_helper
                0x0000000000002afe      0x1da /var/folders/7d/r_phv7rx6m99qllr_nm2m9c80000gn/T//ccS6g2Jv.ltrans0.ltrans.o
 .text.eeconfig_update_rgblight_default
                0x0000000000002cd8       0x1e /var/folders/7d/r_phv7rx6m99qllr_nm2m9c80000gn/T//ccS6g2Jv.ltrans0.ltrans.o
 .text.eeconfig_init_quantum
                0x0000000000002cf6       0xbc /var/folders/7d/r_phv7rx6m99qllr_nm2m9c80000gn/T//ccS6g2Jv.ltrans0.ltrans.o
 .text.backlight_init
                0x0000000000002db2       0x3a /var/folders/7d/r_phv7rx6m99qllr_nm2m9c80000gn/T//ccS6g2Jv.ltrans0.ltrans.o
 .text.clear_keyboard
                0x0000000000002dec       0x16 /var/folders/7d/r_phv7rx6m99qllr_nm2m9c80000gn/T//ccS6g2Jv.ltrans0.ltrans.o
 .text.USB_Device_ProcessControlRequest
                0x0000000000002e02      0x5ac /var/folders/7d/r_phv7rx6m99qllr_nm2m9c80000gn/T//ccS6g2Jv.ltrans0.ltrans.o
 .text.switch_default_layer
                0x00000000000033ae       0x3c /var/folders/7d/r_phv7rx6m99qllr_nm2m9c80000gn/T//ccS6g2Jv.ltrans0.ltrans.o
 .text.command_common
                0x00000000000033ea      0x52e /var/folders/7d/r_phv7rx6m99qllr_nm2m9c80000gn/T//ccS6g2Jv.ltrans0.ltrans.o
 .text.register_code
                0x0000000000003918      0x22c /var/folders/7d/r_phv7rx6m99qllr_nm2m9c80000gn/T//ccS6g2Jv.ltrans0.ltrans.o
 .text.perform_space_cadet
                0x0000000000003b44       0xe2 /var/folders/7d/r_phv7rx6m99qllr_nm2m9c80000gn/T//ccS6g2Jv.ltrans0.ltrans.o
 .text.rgblight_timer_enable
                0x0000000000003c26       0x44 /var/folders/7d/r_phv7rx6m99qllr_nm2m9c80000gn/T//ccS6g2Jv.ltrans0.ltrans.o
 .text.rgblight_mode_eeprom_helper
                0x0000000000003c6a       0xb4 /var/folders/7d/r_phv7rx6m99qllr_nm2m9c80000gn/T//ccS6g2Jv.ltrans0.ltrans.o
 .text.rgblight_mode
                0x0000000000003d1e        0x6 /var/folders/7d/r_phv7rx6m99qllr_nm2m9c80000gn/T//ccS6g2Jv.ltrans0.ltrans.o
 .text.rgblight_step_reverse
                0x0000000000003d24       0x12 /var/folders/7d/r_phv7rx6m99qllr_nm2m9c80000gn/T//ccS6g2Jv.ltrans0.ltrans.o
 .text.rgblight_step
                0x0000000000003d36       0x14 /var/folders/7d/r_phv7rx6m99qllr_nm2m9c80000gn/T//ccS6g2Jv.ltrans0.ltrans.o
 .text.process_record
                0x0000000000003d4a      0xfe8 /var/folders/7d/r_phv7rx6m99qllr_nm2m9c80000gn/T//ccS6g2Jv.ltrans0.ltrans.o
 .text.waiting_buffer_scan_tap
                0x0000000000004d32       0xd6 /var/folders/7d/r_phv7rx6m99qllr_nm2m9c80000gn/T//ccS6g2Jv.ltrans0.ltrans.o
 .text.process_tapping
                0x0000000000004e08      0x368 /var/folders/7d/r_phv7rx6m99qllr_nm2m9c80000gn/T//ccS6g2Jv.ltrans0.ltrans.o
 .text.action_exec
                0x0000000000005170      0x122 /var/folders/7d/r_phv7rx6m99qllr_nm2m9c80000gn/T//ccS6g2Jv.ltrans0.ltrans.o
 .text.__vector_11
                0x0000000000005292       0x78 /var/folders/7d/r_phv7rx6m99qllr_nm2m9c80000gn/T//ccS6g2Jv.ltrans0.ltrans.o
                0x0000000000005292                __vector_11
 .text.__vector_10
                0x000000000000530a      0x2ae /var/folders/7d/r_phv7rx6m99qllr_nm2m9c80000gn/T//ccS6g2Jv.ltrans0.ltrans.o
                0x000000000000530a                __vector_10
 .text.startup.main
                0x00000000000055b8      0x7d6 /var/folders/7d/r_phv7rx6m99qllr_nm2m9c80000gn/T//ccS6g2Jv.ltrans0.ltrans.o
                0x00000000000055b8                main
 .text.__vector_21
                0x0000000000005d8e       0x4c /var/folders/7d/r_phv7rx6m99qllr_nm2m9c80000gn/T//ccS6g2Jv.ltrans0.ltrans.o
                0x0000000000005d8e                __vector_21
 .text.__vector_12
                0x0000000000005dda       0x52 /var/folders/7d/r_phv7rx6m99qllr_nm2m9c80000gn/T//ccS6g2Jv.ltrans0.ltrans.o
                0x0000000000005dda                __vector_12
 .text.__vector_20
                0x0000000000005e2c       0xca /var/folders/7d/r_phv7rx6m99qllr_nm2m9c80000gn/T//ccS6g2Jv.ltrans0.ltrans.o
                0x0000000000005e2c                __vector_20
 .text.libgcc.mul
                0x0000000000005ef6       0x20 /usr/local/Cellar/avr-gcc@7/7.4.0/lib/avr-gcc/7/gcc/avr/7.4.0/avr5/libgcc.a(_mulsi3.o)
                0x0000000000005ef6                __mulsi3
 .text.libgcc.div
                0x0000000000005f16       0x18 /usr/local/Cellar/avr-gcc@7/7.4.0/lib/avr-gcc/7/gcc/avr/7.4.0/avr5/libgcc.a(_udivmodqi4.o)
                0x0000000000005f16                __udivmodqi4
 .text.libgcc.div
                0x0000000000005f2e       0x28 /usr/local/Cellar/avr-gcc@7/7.4.0/lib/avr-gcc/7/gcc/avr/7.4.0/avr5/libgcc.a(_udivmodhi4.o)
                0x0000000000005f2e                __udivmodhi4
 .text.libgcc.div
                0x0000000000005f56       0x28 /usr/local/Cellar/avr-gcc@7/7.4.0/lib/avr-gcc/7/gcc/avr/7.4.0/avr5/libgcc.a(_divmodhi4.o)
                0x0000000000005f56                __divmodhi4
                0x0000000000005f56                _div
 .text.libgcc.div
                0x0000000000005f7e       0x44 /usr/local/Cellar/avr-gcc@7/7.4.0/lib/avr-gcc/7/gcc/avr/7.4.0/avr5/libgcc.a(_udivmodsi4.o)
                0x0000000000005f7e                __udivmodsi4
 .text.libgcc   0x0000000000005fc2        0xc /usr/local/Cellar/avr-gcc@7/7.4.0/lib/avr-gcc/7/gcc/avr/7.4.0/avr5/libgcc.a(_tablejump2.o)
                0x0000000000005fc2                __tablejump2__
 .text.libgcc.mul
                0x0000000000005fce       0x1e /usr/local/Cellar/avr-gcc@7/7.4.0/lib/avr-gcc/7/gcc/avr/7.4.0/avr5/libgcc.a(_umulhisi3.o)
                0x0000000000005fce                __umulhisi3
 .text.libgcc.mul
                0x0000000000005fec       0x16 /usr/local/Cellar/avr-gcc@7/7.4.0/lib/avr-gcc/7/gcc/avr/7.4.0/avr5/libgcc.a(_muluhisi3.o)
                0x0000000000005fec                __muluhisi3
 .text.avr-libc
                0x0000000000006002       0x10 /usr/local/Cellar/avr-gcc@7/7.4.0/lib/avr-gcc/7/gcc/avr/7.4.0/../../../../../../avr/lib/avr5/libatmega32u4.a(eerd_byte.o)
                0x0000000000006002                eeprom_read_byte
 .text.avr-libc
                0x0000000000006012        0xc /usr/local/Cellar/avr-gcc@7/7.4.0/lib/avr-gcc/7/gcc/avr/7.4.0/../../../../../../avr/lib/avr5/libatmega32u4.a(eerd_dword.o)
                0x0000000000006012                eeprom_read_dword
                0x0000000000006012                eeprom_read_float
 .text.avr-libc
                0x000000000000601e        0xc /usr/local/Cellar/avr-gcc@7/7.4.0/lib/avr-gcc/7/gcc/avr/7.4.0/../../../../../../avr/lib/avr5/libatmega32u4.a(eerd_word.o)
                0x000000000000601e                eeprom_read_word
 .text.avr-libc
                0x000000000000602a       0x24 /usr/local/Cellar/avr-gcc@7/7.4.0/lib/avr-gcc/7/gcc/avr/7.4.0/../../../../../../avr/lib/avr5/libatmega32u4.a(eeupd_byte.o)
                0x000000000000602a                eeprom_update_byte
                0x000000000000602c                eeprom_update_r18
 .text.avr-libc
                0x000000000000604e       0x18 /usr/local/Cellar/avr-gcc@7/7.4.0/lib/avr-gcc/7/gcc/avr/7.4.0/../../../../../../avr/lib/avr5/libatmega32u4.a(eeupd_dword.o)
                0x000000000000604e                eeprom_update_dword
                0x000000000000604e                eeprom_update_float
 .text.avr-libc
                0x0000000000006066        0xc /usr/local/Cellar/avr-gcc@7/7.4.0/lib/avr-gcc/7/gcc/avr/7.4.0/../../../../../../avr/lib/avr5/libatmega32u4.a(eeupd_word.o)
                0x0000000000006066                eeprom_update_word
 .text.avr-libc
                0x0000000000006072       0x20 /usr/local/Cellar/avr-gcc@7/7.4.0/lib/avr-gcc/7/gcc/avr/7.4.0/../../../../../../avr/lib/avr5/libatmega32u4.a(eerd_block.o)
                0x0000000000006072                eeprom_read_block
                0x0000000000006076                eeprom_read_blraw
 .text.avr-libc
                0x0000000000006092       0x1a /usr/local/Cellar/avr-gcc@7/7.4.0/lib/avr-gcc/7/gcc/avr/7.4.0/../../../../../../avr/lib/avr5/libc.a(memchr.o)
                0x0000000000006092                memchr
                0x00000000000060ac                . = ALIGN (0x2)
 *(.fini9)
 .fini9         0x00000000000060ac        0x0 /usr/local/Cellar/avr-gcc@7/7.4.0/lib/avr-gcc/7/gcc/avr/7.4.0/avr5/libgcc.a(_exit.o)
                0x00000000000060ac                exit
                0x00000000000060ac                _exit
 *(.fini9)
 *(.fini8)
 *(.fini8)
 *(.fini7)
 *(.fini7)
 *(.fini6)
 *(.fini6)
 *(.fini5)
 *(.fini5)
 *(.fini4)
 *(.fini4)
 *(.fini3)
 *(.fini3)
 *(.fini2)
 *(.fini2)
 *(.fini1)
 *(.fini1)
 *(.fini0)
 .fini0         0x00000000000060ac        0x4 /usr/local/Cellar/avr-gcc@7/7.4.0/lib/avr-gcc/7/gcc/avr/7.4.0/avr5/libgcc.a(_exit.o)
 *(.fini0)
 *(.hightext)
 *(.hightext*)
 *(.progmemx.*)
                0x00000000000060b0                . = ALIGN (0x2)
 *(.jumptables)
 *(.jumptables*)
                0x00000000000060b0                _etext = .

.data           0x0000000000800100       0x60 load address 0x00000000000060b0
                0x0000000000800100                PROVIDE (__data_start = .)
 *(.data)
 *(.data*)
 .data.static_effect_table
                0x0000000000800100        0xb /var/folders/7d/r_phv7rx6m99qllr_nm2m9c80000gn/T//ccS6g2Jv.ltrans0.ltrans.o
 .data.increment.3229
                0x000000000080010b        0x1 /var/folders/7d/r_phv7rx6m99qllr_nm2m9c80000gn/T//ccS6g2Jv.ltrans0.ltrans.o
 .data.high_bound.3228
                0x000000000080010c        0x1 /var/folders/7d/r_phv7rx6m99qllr_nm2m9c80000gn/T//ccS6g2Jv.ltrans0.ltrans.o
 .data.lufa_driver
                0x000000000080010d        0xa /var/folders/7d/r_phv7rx6m99qllr_nm2m9c80000gn/T//ccS6g2Jv.ltrans0.ltrans.o
 .data.keyboard_protocol
                0x0000000000800117        0x1 /var/folders/7d/r_phv7rx6m99qllr_nm2m9c80000gn/T//ccS6g2Jv.ltrans0.ltrans.o
 *(.gnu.linkonce.d*)
 *(.rodata)
 *(.rodata*)
 .rodata.mode_base_table
                0x0000000000800118       0x25 /var/folders/7d/r_phv7rx6m99qllr_nm2m9c80000gn/T//ccS6g2Jv.ltrans0.ltrans.o
 .rodata.row_pins
                0x000000000080013d        0x5 /var/folders/7d/r_phv7rx6m99qllr_nm2m9c80000gn/T//ccS6g2Jv.ltrans0.ltrans.o
 .rodata.col_pins
                0x0000000000800142        0xe /var/folders/7d/r_phv7rx6m99qllr_nm2m9c80000gn/T//ccS6g2Jv.ltrans0.ltrans.o
 .rodata.CSWTCH.3
                0x0000000000800150        0x3 /var/folders/7d/r_phv7rx6m99qllr_nm2m9c80000gn/T//ccS6g2Jv.ltrans0.ltrans.o
 .rodata.CSWTCH.2
                0x0000000000800153        0x6 /var/folders/7d/r_phv7rx6m99qllr_nm2m9c80000gn/T//ccS6g2Jv.ltrans0.ltrans.o
 .rodata.CSWTCH.1
                0x0000000000800159        0x6 /var/folders/7d/r_phv7rx6m99qllr_nm2m9c80000gn/T//ccS6g2Jv.ltrans0.ltrans.o
 *(.gnu.linkonce.r*)
                0x0000000000800160                . = ALIGN (0x2)
 *fill*         0x000000000080015f        0x1 
                0x0000000000800160                _edata = .
                0x0000000000800160                PROVIDE (__data_end = .)

.bss            0x0000000000800160      0x10d
                0x0000000000800160                PROVIDE (__bss_start = .)
 *(.bss)
 .bss           0x0000000000800160        0x2 .build/obj_1upkeyboards_1up60hse_default/common/avr/xprintf.o
                0x0000000000800160                xfunc_out
 *(.bss*)
 .bss.__compound_literal.0
                0x0000000000800162        0x8 /var/folders/7d/r_phv7rx6m99qllr_nm2m9c80000gn/T//ccS6g2Jv.ltrans0.ltrans.o
 .bss.debouncing_time
                0x000000000080016a        0x2 /var/folders/7d/r_phv7rx6m99qllr_nm2m9c80000gn/T//ccS6g2Jv.ltrans0.ltrans.o
 .bss.debouncing
                0x000000000080016c        0x1 /var/folders/7d/r_phv7rx6m99qllr_nm2m9c80000gn/T//ccS6g2Jv.ltrans0.ltrans.o
 .bss.pos.3211  0x000000000080016d        0x1 /var/folders/7d/r_phv7rx6m99qllr_nm2m9c80000gn/T//ccS6g2Jv.ltrans0.ltrans.o
 .bss.low_bound.3227
                0x000000000080016e        0x1 /var/folders/7d/r_phv7rx6m99qllr_nm2m9c80000gn/T//ccS6g2Jv.ltrans0.ltrans.o
 .bss.maxval.3250
                0x000000000080016f        0x1 /var/folders/7d/r_phv7rx6m99qllr_nm2m9c80000gn/T//ccS6g2Jv.ltrans0.ltrans.o
 .bss.led       0x0000000000800170       0x2a /var/folders/7d/r_phv7rx6m99qllr_nm2m9c80000gn/T//ccS6g2Jv.ltrans0.ltrans.o
 .bss.sc_timer  0x000000000080019a        0x2 /var/folders/7d/r_phv7rx6m99qllr_nm2m9c80000gn/T//ccS6g2Jv.ltrans0.ltrans.o
 .bss.last_system_report
                0x000000000080019c        0x2 /var/folders/7d/r_phv7rx6m99qllr_nm2m9c80000gn/T//ccS6g2Jv.ltrans0.ltrans.o
 .bss.last_consumer_report
                0x000000000080019e        0x2 /var/folders/7d/r_phv7rx6m99qllr_nm2m9c80000gn/T//ccS6g2Jv.ltrans0.ltrans.o
 .bss.sc_last   0x00000000008001a0        0x1 /var/folders/7d/r_phv7rx6m99qllr_nm2m9c80000gn/T//ccS6g2Jv.ltrans0.ltrans.o
 .bss.grave_esc_was_shifted
                0x00000000008001a1        0x1 /var/folders/7d/r_phv7rx6m99qllr_nm2m9c80000gn/T//ccS6g2Jv.ltrans0.ltrans.o
 .bss.tapping_key
                0x00000000008001a2        0x6 /var/folders/7d/r_phv7rx6m99qllr_nm2m9c80000gn/T//ccS6g2Jv.ltrans0.ltrans.o
 .bss.waiting_buffer_head
                0x00000000008001a8        0x1 /var/folders/7d/r_phv7rx6m99qllr_nm2m9c80000gn/T//ccS6g2Jv.ltrans0.ltrans.o
 .bss.waiting_buffer
                0x00000000008001a9       0x30 /var/folders/7d/r_phv7rx6m99qllr_nm2m9c80000gn/T//ccS6g2Jv.ltrans0.ltrans.o
 .bss.waiting_buffer_tail
                0x00000000008001d9        0x1 /var/folders/7d/r_phv7rx6m99qllr_nm2m9c80000gn/T//ccS6g2Jv.ltrans0.ltrans.o
 .bss.source_layers_cache
                0x00000000008001da       0x2d /var/folders/7d/r_phv7rx6m99qllr_nm2m9c80000gn/T//ccS6g2Jv.ltrans0.ltrans.o
 .bss.layer_state
                0x0000000000800207        0x4 /var/folders/7d/r_phv7rx6m99qllr_nm2m9c80000gn/T//ccS6g2Jv.ltrans0.ltrans.o
 .bss.oneshot_layer_data
                0x000000000080020b        0x1 /var/folders/7d/r_phv7rx6m99qllr_nm2m9c80000gn/T//ccS6g2Jv.ltrans0.ltrans.o
 .bss.macro_mods
                0x000000000080020c        0x1 /var/folders/7d/r_phv7rx6m99qllr_nm2m9c80000gn/T//ccS6g2Jv.ltrans0.ltrans.o
 .bss.weak_mods
                0x000000000080020d        0x1 /var/folders/7d/r_phv7rx6m99qllr_nm2m9c80000gn/T//ccS6g2Jv.ltrans0.ltrans.o
 .bss.real_mods
                0x000000000080020e        0x1 /var/folders/7d/r_phv7rx6m99qllr_nm2m9c80000gn/T//ccS6g2Jv.ltrans0.ltrans.o
 .bss.oneshot_mods
                0x000000000080020f        0x1 /var/folders/7d/r_phv7rx6m99qllr_nm2m9c80000gn/T//ccS6g2Jv.ltrans0.ltrans.o
 .bss.default_layer_state
                0x0000000000800210        0x4 /var/folders/7d/r_phv7rx6m99qllr_nm2m9c80000gn/T//ccS6g2Jv.ltrans0.ltrans.o
 .bss.timer_count
                0x0000000000800214        0x4 /var/folders/7d/r_phv7rx6m99qllr_nm2m9c80000gn/T//ccS6g2Jv.ltrans0.ltrans.o
 .bss.command_state
                0x0000000000800218        0x1 /var/folders/7d/r_phv7rx6m99qllr_nm2m9c80000gn/T//ccS6g2Jv.ltrans0.ltrans.o
 .bss.desired_output
                0x0000000000800219        0x1 /var/folders/7d/r_phv7rx6m99qllr_nm2m9c80000gn/T//ccS6g2Jv.ltrans0.ltrans.o
 .bss.timeouted.6147
                0x000000000080021a        0x1 /var/folders/7d/r_phv7rx6m99qllr_nm2m9c80000gn/T//ccS6g2Jv.ltrans0.ltrans.o
 .bss.backlight_config
                0x000000000080021b        0x1 /var/folders/7d/r_phv7rx6m99qllr_nm2m9c80000gn/T//ccS6g2Jv.ltrans0.ltrans.o
 .bss.breathing_halt
                0x000000000080021c        0x1 /var/folders/7d/r_phv7rx6m99qllr_nm2m9c80000gn/T//ccS6g2Jv.ltrans0.ltrans.o
 .bss.breathing_counter
                0x000000000080021d        0x2 /var/folders/7d/r_phv7rx6m99qllr_nm2m9c80000gn/T//ccS6g2Jv.ltrans0.ltrans.o
 .bss.raw_matrix
                0x000000000080021f        0xa /var/folders/7d/r_phv7rx6m99qllr_nm2m9c80000gn/T//ccS6g2Jv.ltrans0.ltrans.o
 .bss.keymap_config
                0x0000000000800229        0x2 /var/folders/7d/r_phv7rx6m99qllr_nm2m9c80000gn/T//ccS6g2Jv.ltrans0.ltrans.o
 .bss.is_rgblight_initialized
                0x000000000080022b        0x1 /var/folders/7d/r_phv7rx6m99qllr_nm2m9c80000gn/T//ccS6g2Jv.ltrans0.ltrans.o
 .bss.driver    0x000000000080022c        0x2 /var/folders/7d/r_phv7rx6m99qllr_nm2m9c80000gn/T//ccS6g2Jv.ltrans0.ltrans.o
 .bss.wdt_timeout
                0x000000000080022e        0x1 /var/folders/7d/r_phv7rx6m99qllr_nm2m9c80000gn/T//ccS6g2Jv.ltrans0.ltrans.o
 .bss.matrix    0x000000000080022f        0xa /var/folders/7d/r_phv7rx6m99qllr_nm2m9c80000gn/T//ccS6g2Jv.ltrans0.ltrans.o
 .bss.led_status.3155
                0x0000000000800239        0x1 /var/folders/7d/r_phv7rx6m99qllr_nm2m9c80000gn/T//ccS6g2Jv.ltrans0.ltrans.o
 .bss.matrix_prev.3154
                0x000000000080023a        0xa /var/folders/7d/r_phv7rx6m99qllr_nm2m9c80000gn/T//ccS6g2Jv.ltrans0.ltrans.o
 .bss.animation_status
                0x0000000000800244        0x6 /var/folders/7d/r_phv7rx6m99qllr_nm2m9c80000gn/T//ccS6g2Jv.ltrans0.ltrans.o
 .bss.rgblight_status
                0x000000000080024a        0x2 /var/folders/7d/r_phv7rx6m99qllr_nm2m9c80000gn/T//ccS6g2Jv.ltrans0.ltrans.o
 .bss.console_flush
                0x000000000080024c        0x1 /var/folders/7d/r_phv7rx6m99qllr_nm2m9c80000gn/T//ccS6g2Jv.ltrans0.ltrans.o
 .bss.count.6079
                0x000000000080024d        0x1 /var/folders/7d/r_phv7rx6m99qllr_nm2m9c80000gn/T//ccS6g2Jv.ltrans0.ltrans.o
 .bss.USB_IsInitialized
                0x000000000080024e        0x1 /var/folders/7d/r_phv7rx6m99qllr_nm2m9c80000gn/T//ccS6g2Jv.ltrans0.ltrans.o
 .bss.debug_config
                0x000000000080024f        0x1 /var/folders/7d/r_phv7rx6m99qllr_nm2m9c80000gn/T//ccS6g2Jv.ltrans0.ltrans.o
 .bss.rgblight_config
                0x0000000000800250        0x5 /var/folders/7d/r_phv7rx6m99qllr_nm2m9c80000gn/T//ccS6g2Jv.ltrans0.ltrans.o
 .bss.rgblight_enabled
                0x0000000000800255        0x1 /var/folders/7d/r_phv7rx6m99qllr_nm2m9c80000gn/T//ccS6g2Jv.ltrans0.ltrans.o
 .bss.is_suspended
                0x0000000000800256        0x1 /var/folders/7d/r_phv7rx6m99qllr_nm2m9c80000gn/T//ccS6g2Jv.ltrans0.ltrans.o
 .bss.keyboard_idle
                0x0000000000800257        0x1 /var/folders/7d/r_phv7rx6m99qllr_nm2m9c80000gn/T//ccS6g2Jv.ltrans0.ltrans.o
 .bss.keyboard_led_stats
                0x0000000000800258        0x1 /var/folders/7d/r_phv7rx6m99qllr_nm2m9c80000gn/T//ccS6g2Jv.ltrans0.ltrans.o
 .bss.keyboard_report_sent
                0x0000000000800259        0x8 /var/folders/7d/r_phv7rx6m99qllr_nm2m9c80000gn/T//ccS6g2Jv.ltrans0.ltrans.o
 .bss.USB_Device_CurrentlySelfPowered
                0x0000000000800261        0x1 /var/folders/7d/r_phv7rx6m99qllr_nm2m9c80000gn/T//ccS6g2Jv.ltrans0.ltrans.o
 .bss.USB_Device_RemoteWakeupEnabled
                0x0000000000800262        0x1 /var/folders/7d/r_phv7rx6m99qllr_nm2m9c80000gn/T//ccS6g2Jv.ltrans0.ltrans.o
 .bss.USB_DeviceState
                0x0000000000800263        0x1 /var/folders/7d/r_phv7rx6m99qllr_nm2m9c80000gn/T//ccS6g2Jv.ltrans0.ltrans.o
 .bss.USB_Device_ConfigurationNumber
                0x0000000000800264        0x1 /var/folders/7d/r_phv7rx6m99qllr_nm2m9c80000gn/T//ccS6g2Jv.ltrans0.ltrans.o
 .bss.USB_ControlRequest
                0x0000000000800265        0x8 /var/folders/7d/r_phv7rx6m99qllr_nm2m9c80000gn/T//ccS6g2Jv.ltrans0.ltrans.o
 *(COMMON)
                0x000000000080026d                PROVIDE (__bss_end = .)
                0x00000000000060b0                __data_load_start = LOADADDR (.data)
                0x0000000000006110                __data_load_end = (__data_load_start + SIZEOF (.data))

.noinit         0x000000000080026d        0x4
                [!provide]                        PROVIDE (__noinit_start = .)
 *(.noinit*)
 .noinit        0x000000000080026d        0x4 /var/folders/7d/r_phv7rx6m99qllr_nm2m9c80000gn/T//ccS6g2Jv.ltrans0.ltrans.o
                [!provide]                        PROVIDE (__noinit_end = .)
                0x0000000000800271                _end = .
                [!provide]                        PROVIDE (__heap_start = .)

.eeprom         0x0000000000810000        0x0
 *(.eeprom*)
                0x0000000000810000                __eeprom_end = .

.fuse
 *(.fuse)
 *(.lfuse)
 *(.hfuse)
 *(.efuse)

.lock
 *(.lock*)

.signature
 *(.signature*)

.stab           0x0000000000000000      0x8b8
 *(.stab)
 .stab          0x0000000000000000      0x8b8 .build/obj_1upkeyboards_1up60hse_default/common/avr/xprintf.o

.stabstr        0x0000000000000000       0x9a
 *(.stabstr)
 .stabstr       0x0000000000000000       0x9a .build/obj_1upkeyboards_1up60hse_default/common/avr/xprintf.o

.stab.excl
 *(.stab.excl)

.stab.exclstr
 *(.stab.exclstr)

.stab.index
 *(.stab.index)

.stab.indexstr
 *(.stab.indexstr)

.comment        0x0000000000000000       0x11
 *(.comment)
 .comment       0x0000000000000000       0x11 /var/folders/7d/r_phv7rx6m99qllr_nm2m9c80000gn/T//ccS6g2Jv.ltrans0.ltrans.o
                                         0x12 (size before relaxing)

.note.gnu.avr.deviceinfo
                0x0000000000000000       0x40
 .note.gnu.avr.deviceinfo
                0x0000000000000000       0x40 /usr/local/Cellar/avr-gcc@7/7.4.0/lib/avr-gcc/7/gcc/avr/7.4.0/../../../../../../avr/lib/avr5/crtatmega32u4.o

.note.gnu.build-id
 *(.note.gnu.build-id)

.debug
 *(.debug)

.line
 *(.line)

.debug_srcinfo
 *(.debug_srcinfo)

.debug_sfnames
 *(.debug_sfnames)

.debug_aranges  0x0000000000000000      0x440
 *(.debug_aranges)
 .debug_aranges
                0x0000000000000000      0x2e0 /var/folders/7d/r_phv7rx6m99qllr_nm2m9c80000gn/T//ccS6g2Jv.ltrans0.ltrans.o
 .debug_aranges
                0x00000000000002e0       0x20 /usr/local/Cellar/avr-gcc@7/7.4.0/lib/avr-gcc/7/gcc/avr/7.4.0/avr5/libgcc.a(_exit.o)
 .debug_aranges
                0x0000000000000300       0x20 /usr/local/Cellar/avr-gcc@7/7.4.0/lib/avr-gcc/7/gcc/avr/7.4.0/avr5/libgcc.a(_mulsi3.o)
 .debug_aranges
                0x0000000000000320       0x20 /usr/local/Cellar/avr-gcc@7/7.4.0/lib/avr-gcc/7/gcc/avr/7.4.0/avr5/libgcc.a(_udivmodqi4.o)
 .debug_aranges
                0x0000000000000340       0x20 /usr/local/Cellar/avr-gcc@7/7.4.0/lib/avr-gcc/7/gcc/avr/7.4.0/avr5/libgcc.a(_udivmodhi4.o)
 .debug_aranges
                0x0000000000000360       0x20 /usr/local/Cellar/avr-gcc@7/7.4.0/lib/avr-gcc/7/gcc/avr/7.4.0/avr5/libgcc.a(_divmodhi4.o)
 .debug_aranges
                0x0000000000000380       0x20 /usr/local/Cellar/avr-gcc@7/7.4.0/lib/avr-gcc/7/gcc/avr/7.4.0/avr5/libgcc.a(_udivmodsi4.o)
 .debug_aranges
                0x00000000000003a0       0x20 /usr/local/Cellar/avr-gcc@7/7.4.0/lib/avr-gcc/7/gcc/avr/7.4.0/avr5/libgcc.a(_tablejump2.o)
 .debug_aranges
                0x00000000000003c0       0x20 /usr/local/Cellar/avr-gcc@7/7.4.0/lib/avr-gcc/7/gcc/avr/7.4.0/avr5/libgcc.a(_copy_data.o)
 .debug_aranges
                0x00000000000003e0       0x20 /usr/local/Cellar/avr-gcc@7/7.4.0/lib/avr-gcc/7/gcc/avr/7.4.0/avr5/libgcc.a(_clear_bss.o)
 .debug_aranges
                0x0000000000000400       0x20 /usr/local/Cellar/avr-gcc@7/7.4.0/lib/avr-gcc/7/gcc/avr/7.4.0/avr5/libgcc.a(_umulhisi3.o)
 .debug_aranges
                0x0000000000000420       0x20 /usr/local/Cellar/avr-gcc@7/7.4.0/lib/avr-gcc/7/gcc/avr/7.4.0/avr5/libgcc.a(_muluhisi3.o)

.debug_pubnames
 *(.debug_pubnames)

.debug_info     0x0000000000000000     0xaaf7
 *(.debug_info .gnu.linkonce.wi.*)
 .debug_info    0x0000000000000000      0x9f4 /usr/local/Cellar/avr-gcc@7/7.4.0/lib/avr-gcc/7/gcc/avr/7.4.0/../../../../../../avr/lib/avr5/crtatmega32u4.o
 .debug_info    0x00000000000009f4     0x9f61 /var/folders/7d/r_phv7rx6m99qllr_nm2m9c80000gn/T//ccS6g2Jv.ltrans0.ltrans.o
 .debug_info    0x000000000000a955       0x26 /usr/local/Cellar/avr-gcc@7/7.4.0/lib/avr-gcc/7/gcc/avr/7.4.0/avr5/libgcc.a(_exit.o)
 .debug_info    0x000000000000a97b       0x26 /usr/local/Cellar/avr-gcc@7/7.4.0/lib/avr-gcc/7/gcc/avr/7.4.0/avr5/libgcc.a(_mulsi3.o)
 .debug_info    0x000000000000a9a1       0x26 /usr/local/Cellar/avr-gcc@7/7.4.0/lib/avr-gcc/7/gcc/avr/7.4.0/avr5/libgcc.a(_udivmodqi4.o)
 .debug_info    0x000000000000a9c7       0x26 /usr/local/Cellar/avr-gcc@7/7.4.0/lib/avr-gcc/7/gcc/avr/7.4.0/avr5/libgcc.a(_udivmodhi4.o)
 .debug_info    0x000000000000a9ed       0x26 /usr/local/Cellar/avr-gcc@7/7.4.0/lib/avr-gcc/7/gcc/avr/7.4.0/avr5/libgcc.a(_divmodhi4.o)
 .debug_info    0x000000000000aa13       0x26 /usr/local/Cellar/avr-gcc@7/7.4.0/lib/avr-gcc/7/gcc/avr/7.4.0/avr5/libgcc.a(_udivmodsi4.o)
 .debug_info    0x000000000000aa39       0x26 /usr/local/Cellar/avr-gcc@7/7.4.0/lib/avr-gcc/7/gcc/avr/7.4.0/avr5/libgcc.a(_tablejump2.o)
 .debug_info    0x000000000000aa5f       0x26 /usr/local/Cellar/avr-gcc@7/7.4.0/lib/avr-gcc/7/gcc/avr/7.4.0/avr5/libgcc.a(_copy_data.o)
 .debug_info    0x000000000000aa85       0x26 /usr/local/Cellar/avr-gcc@7/7.4.0/lib/avr-gcc/7/gcc/avr/7.4.0/avr5/libgcc.a(_clear_bss.o)
 .debug_info    0x000000000000aaab       0x26 /usr/local/Cellar/avr-gcc@7/7.4.0/lib/avr-gcc/7/gcc/avr/7.4.0/avr5/libgcc.a(_umulhisi3.o)
 .debug_info    0x000000000000aad1       0x26 /usr/local/Cellar/avr-gcc@7/7.4.0/lib/avr-gcc/7/gcc/avr/7.4.0/avr5/libgcc.a(_muluhisi3.o)

.debug_abbrev   0x0000000000000000     0x12a0
 *(.debug_abbrev)
 .debug_abbrev  0x0000000000000000      0x96a /usr/local/Cellar/avr-gcc@7/7.4.0/lib/avr-gcc/7/gcc/avr/7.4.0/../../../../../../avr/lib/avr5/crtatmega32u4.o
 .debug_abbrev  0x000000000000096a      0x85a /var/folders/7d/r_phv7rx6m99qllr_nm2m9c80000gn/T//ccS6g2Jv.ltrans0.ltrans.o
 .debug_abbrev  0x00000000000011c4       0x14 /usr/local/Cellar/avr-gcc@7/7.4.0/lib/avr-gcc/7/gcc/avr/7.4.0/avr5/libgcc.a(_exit.o)
 .debug_abbrev  0x00000000000011d8       0x14 /usr/local/Cellar/avr-gcc@7/7.4.0/lib/avr-gcc/7/gcc/avr/7.4.0/avr5/libgcc.a(_mulsi3.o)
 .debug_abbrev  0x00000000000011ec       0x14 /usr/local/Cellar/avr-gcc@7/7.4.0/lib/avr-gcc/7/gcc/avr/7.4.0/avr5/libgcc.a(_udivmodqi4.o)
 .debug_abbrev  0x0000000000001200       0x14 /usr/local/Cellar/avr-gcc@7/7.4.0/lib/avr-gcc/7/gcc/avr/7.4.0/avr5/libgcc.a(_udivmodhi4.o)
 .debug_abbrev  0x0000000000001214       0x14 /usr/local/Cellar/avr-gcc@7/7.4.0/lib/avr-gcc/7/gcc/avr/7.4.0/avr5/libgcc.a(_divmodhi4.o)
 .debug_abbrev  0x0000000000001228       0x14 /usr/local/Cellar/avr-gcc@7/7.4.0/lib/avr-gcc/7/gcc/avr/7.4.0/avr5/libgcc.a(_udivmodsi4.o)
 .debug_abbrev  0x000000000000123c       0x14 /usr/local/Cellar/avr-gcc@7/7.4.0/lib/avr-gcc/7/gcc/avr/7.4.0/avr5/libgcc.a(_tablejump2.o)
 .debug_abbrev  0x0000000000001250       0x14 /usr/local/Cellar/avr-gcc@7/7.4.0/lib/avr-gcc/7/gcc/avr/7.4.0/avr5/libgcc.a(_copy_data.o)
 .debug_abbrev  0x0000000000001264       0x14 /usr/local/Cellar/avr-gcc@7/7.4.0/lib/avr-gcc/7/gcc/avr/7.4.0/avr5/libgcc.a(_clear_bss.o)
 .debug_abbrev  0x0000000000001278       0x14 /usr/local/Cellar/avr-gcc@7/7.4.0/lib/avr-gcc/7/gcc/avr/7.4.0/avr5/libgcc.a(_umulhisi3.o)
 .debug_abbrev  0x000000000000128c       0x14 /usr/local/Cellar/avr-gcc@7/7.4.0/lib/avr-gcc/7/gcc/avr/7.4.0/avr5/libgcc.a(_muluhisi3.o)

.debug_line     0x0000000000000000     0x4aed
 *(.debug_line .debug_line.* .debug_line_end)
 .debug_line    0x0000000000000000       0x1d /usr/local/Cellar/avr-gcc@7/7.4.0/lib/avr-gcc/7/gcc/avr/7.4.0/../../../../../../avr/lib/avr5/crtatmega32u4.o
 .debug_line    0x000000000000001d     0x4399 /var/folders/7d/r_phv7rx6m99qllr_nm2m9c80000gn/T//ccS6g2Jv.ltrans0.ltrans.o
 .debug_line    0x00000000000043b6       0x61 /usr/local/Cellar/avr-gcc@7/7.4.0/lib/avr-gcc/7/gcc/avr/7.4.0/avr5/libgcc.a(_exit.o)
 .debug_line    0x0000000000004417       0xaf /usr/local/Cellar/avr-gcc@7/7.4.0/lib/avr-gcc/7/gcc/avr/7.4.0/avr5/libgcc.a(_mulsi3.o)
 .debug_line    0x00000000000044c6       0x9d /usr/local/Cellar/avr-gcc@7/7.4.0/lib/avr-gcc/7/gcc/avr/7.4.0/avr5/libgcc.a(_udivmodqi4.o)
 .debug_line    0x0000000000004563       0xcd /usr/local/Cellar/avr-gcc@7/7.4.0/lib/avr-gcc/7/gcc/avr/7.4.0/avr5/libgcc.a(_udivmodhi4.o)
 .debug_line    0x0000000000004630       0xc7 /usr/local/Cellar/avr-gcc@7/7.4.0/lib/avr-gcc/7/gcc/avr/7.4.0/avr5/libgcc.a(_divmodhi4.o)
 .debug_line    0x00000000000046f7      0x121 /usr/local/Cellar/avr-gcc@7/7.4.0/lib/avr-gcc/7/gcc/avr/7.4.0/avr5/libgcc.a(_udivmodsi4.o)
 .debug_line    0x0000000000004818       0x79 /usr/local/Cellar/avr-gcc@7/7.4.0/lib/avr-gcc/7/gcc/avr/7.4.0/avr5/libgcc.a(_tablejump2.o)
 .debug_line    0x0000000000004891       0x97 /usr/local/Cellar/avr-gcc@7/7.4.0/lib/avr-gcc/7/gcc/avr/7.4.0/avr5/libgcc.a(_copy_data.o)
 .debug_line    0x0000000000004928       0x85 /usr/local/Cellar/avr-gcc@7/7.4.0/lib/avr-gcc/7/gcc/avr/7.4.0/avr5/libgcc.a(_clear_bss.o)
 .debug_line    0x00000000000049ad       0xaf /usr/local/Cellar/avr-gcc@7/7.4.0/lib/avr-gcc/7/gcc/avr/7.4.0/avr5/libgcc.a(_umulhisi3.o)
 .debug_line    0x0000000000004a5c       0x91 /usr/local/Cellar/avr-gcc@7/7.4.0/lib/avr-gcc/7/gcc/avr/7.4.0/avr5/libgcc.a(_muluhisi3.o)

.debug_frame    0x0000000000000000      0xc1c
 *(.debug_frame)
 .debug_frame   0x0000000000000000      0xc1c /var/folders/7d/r_phv7rx6m99qllr_nm2m9c80000gn/T//ccS6g2Jv.ltrans0.ltrans.o

.debug_str      0x0000000000000000     0x3135
 *(.debug_str)
 .debug_str     0x0000000000000000      0x371 /usr/local/Cellar/avr-gcc@7/7.4.0/lib/avr-gcc/7/gcc/avr/7.4.0/../../../../../../avr/lib/avr5/crtatmega32u4.o
 .debug_str     0x0000000000000371     0x2d41 /var/folders/7d/r_phv7rx6m99qllr_nm2m9c80000gn/T//ccS6g2Jv.ltrans0.ltrans.o
                                       0x302e (size before relaxing)
 .debug_str     0x00000000000030b2       0x83 /usr/local/Cellar/avr-gcc@7/7.4.0/lib/avr-gcc/7/gcc/avr/7.4.0/avr5/libgcc.a(_exit.o)
 .debug_str     0x0000000000003135       0x83 /usr/local/Cellar/avr-gcc@7/7.4.0/lib/avr-gcc/7/gcc/avr/7.4.0/avr5/libgcc.a(_mulsi3.o)
 .debug_str     0x0000000000003135       0x83 /usr/local/Cellar/avr-gcc@7/7.4.0/lib/avr-gcc/7/gcc/avr/7.4.0/avr5/libgcc.a(_udivmodqi4.o)
 .debug_str     0x0000000000003135       0x83 /usr/local/Cellar/avr-gcc@7/7.4.0/lib/avr-gcc/7/gcc/avr/7.4.0/avr5/libgcc.a(_udivmodhi4.o)
 .debug_str     0x0000000000003135       0x83 /usr/local/Cellar/avr-gcc@7/7.4.0/lib/avr-gcc/7/gcc/avr/7.4.0/avr5/libgcc.a(_divmodhi4.o)
 .debug_str     0x0000000000003135       0x83 /usr/local/Cellar/avr-gcc@7/7.4.0/lib/avr-gcc/7/gcc/avr/7.4.0/avr5/libgcc.a(_udivmodsi4.o)
 .debug_str     0x0000000000003135       0x83 /usr/local/Cellar/avr-gcc@7/7.4.0/lib/avr-gcc/7/gcc/avr/7.4.0/avr5/libgcc.a(_tablejump2.o)
 .debug_str     0x0000000000003135       0x83 /usr/local/Cellar/avr-gcc@7/7.4.0/lib/avr-gcc/7/gcc/avr/7.4.0/avr5/libgcc.a(_copy_data.o)
 .debug_str     0x0000000000003135       0x83 /usr/local/Cellar/avr-gcc@7/7.4.0/lib/avr-gcc/7/gcc/avr/7.4.0/avr5/libgcc.a(_clear_bss.o)
 .debug_str     0x0000000000003135       0x83 /usr/local/Cellar/avr-gcc@7/7.4.0/lib/avr-gcc/7/gcc/avr/7.4.0/avr5/libgcc.a(_umulhisi3.o)
 .debug_str     0x0000000000003135       0x83 /usr/local/Cellar/avr-gcc@7/7.4.0/lib/avr-gcc/7/gcc/avr/7.4.0/avr5/libgcc.a(_muluhisi3.o)

.debug_loc      0x0000000000000000     0x6b8e
 *(.debug_loc)
 .debug_loc     0x0000000000000000     0x6b8e /var/folders/7d/r_phv7rx6m99qllr_nm2m9c80000gn/T//ccS6g2Jv.ltrans0.ltrans.o

.debug_macinfo
 *(.debug_macinfo)

.debug_weaknames
 *(.debug_weaknames)

.debug_funcnames
 *(.debug_funcnames)

.debug_typenames
 *(.debug_typenames)

.debug_varnames
 *(.debug_varnames)

.debug_pubtypes
 *(.debug_pubtypes)

.debug_ranges   0x0000000000000000      0xe88
 *(.debug_ranges)
 .debug_ranges  0x0000000000000000      0xe88 /var/folders/7d/r_phv7rx6m99qllr_nm2m9c80000gn/T//ccS6g2Jv.ltrans0.ltrans.o

.debug_macro
 *(.debug_macro)

.debug_addr
 *(.debug_addr)
OUTPUT(.build/1upkeyboards_1up60hse_default.elf elf32-avr)
LOAD linker stubs

Cross Reference Table

Symbol                                            File
CALLBACK_HIDParser_FilterHIDReportItem            .build/obj_1upkeyboards_1up60hse_default/lib/lufa/LUFA/Drivers/USB/Class/Common/HIDParser.o (symbol from plugin)
CALLBACK_USB_GetDescriptor                        .build/obj_1upkeyboards_1up60hse_default/lufa.o (symbol from plugin)
                                                  .build/obj_1upkeyboards_1up60hse_default/lib/lufa/LUFA/Drivers/USB/Core/DeviceStandardReq.o (symbol from plugin)
CIE1931_CURVE                                     .build/obj_1upkeyboards_1up60hse_default/quantum/led_tables.o (symbol from plugin)
                                                  .build/obj_1upkeyboards_1up60hse_default/quantum/color.o (symbol from plugin)
ConfigurationDescriptor                           .build/obj_1upkeyboards_1up60hse_default/usb_descriptor.o (symbol from plugin)
ConsoleReport                                     .build/obj_1upkeyboards_1up60hse_default/usb_descriptor.o (symbol from plugin)
DeviceDescriptor                                  .build/obj_1upkeyboards_1up60hse_default/usb_descriptor.o (symbol from plugin)
EVENT_USB_Device_ConfigurationChanged             .build/obj_1upkeyboards_1up60hse_default/lufa.o (symbol from plugin)
                                                  .build/obj_1upkeyboards_1up60hse_default/lib/lufa/LUFA/Drivers/USB/Core/DeviceStandardReq.o (symbol from plugin)
EVENT_USB_Device_Connect                          .build/obj_1upkeyboards_1up60hse_default/lufa.o (symbol from plugin)
                                                  .build/obj_1upkeyboards_1up60hse_default/lib/lufa/LUFA/Drivers/USB/Core/AVR8/USBInterrupt_AVR8.o (symbol from plugin)
EVENT_USB_Device_ControlRequest                   .build/obj_1upkeyboards_1up60hse_default/lufa.o (symbol from plugin)
                                                  .build/obj_1upkeyboards_1up60hse_default/lib/lufa/LUFA/Drivers/USB/Core/DeviceStandardReq.o (symbol from plugin)
EVENT_USB_Device_Disconnect                       .build/obj_1upkeyboards_1up60hse_default/lufa.o (symbol from plugin)
                                                  .build/obj_1upkeyboards_1up60hse_default/lib/lufa/LUFA/Drivers/USB/Core/AVR8/USBInterrupt_AVR8.o (symbol from plugin)
EVENT_USB_Device_Reset                            .build/obj_1upkeyboards_1up60hse_default/lufa.o (symbol from plugin)
                                                  .build/obj_1upkeyboards_1up60hse_default/lib/lufa/LUFA/Drivers/USB/Core/AVR8/USBInterrupt_AVR8.o (symbol from plugin)
EVENT_USB_Device_StartOfFrame                     .build/obj_1upkeyboards_1up60hse_default/lufa.o (symbol from plugin)
                                                  .build/obj_1upkeyboards_1up60hse_default/lib/lufa/LUFA/Drivers/USB/Core/AVR8/USBInterrupt_AVR8.o (symbol from plugin)
EVENT_USB_Device_Suspend                          .build/obj_1upkeyboards_1up60hse_default/lufa.o (symbol from plugin)
                                                  .build/obj_1upkeyboards_1up60hse_default/lib/lufa/LUFA/Drivers/USB/Core/AVR8/USBInterrupt_AVR8.o (symbol from plugin)
EVENT_USB_Device_WakeUp                           .build/obj_1upkeyboards_1up60hse_default/lufa.o (symbol from plugin)
                                                  .build/obj_1upkeyboards_1up60hse_default/lib/lufa/LUFA/Drivers/USB/Core/AVR8/USBInterrupt_AVR8.o (symbol from plugin)
Endpoint_ClearEndpoints                           .build/obj_1upkeyboards_1up60hse_default/lib/lufa/LUFA/Drivers/USB/Core/AVR8/Endpoint_AVR8.o (symbol from plugin)
Endpoint_ClearStatusStage                         .build/obj_1upkeyboards_1up60hse_default/lib/lufa/LUFA/Drivers/USB/Core/AVR8/Endpoint_AVR8.o (symbol from plugin)
                                                  .build/obj_1upkeyboards_1up60hse_default/lib/lufa/LUFA/Drivers/USB/Core/DeviceStandardReq.o (symbol from plugin)
                                                  .build/obj_1upkeyboards_1up60hse_default/lufa.o (symbol from plugin)
Endpoint_ConfigureEndpointTable                   .build/obj_1upkeyboards_1up60hse_default/lib/lufa/LUFA/Drivers/USB/Core/AVR8/Endpoint_AVR8.o (symbol from plugin)
Endpoint_ConfigureEndpoint_Prv                    .build/obj_1upkeyboards_1up60hse_default/lib/lufa/LUFA/Drivers/USB/Core/AVR8/Endpoint_AVR8.o (symbol from plugin)
                                                  .build/obj_1upkeyboards_1up60hse_default/lib/lufa/LUFA/Drivers/USB/Core/AVR8/USBInterrupt_AVR8.o (symbol from plugin)
                                                  .build/obj_1upkeyboards_1up60hse_default/lib/lufa/LUFA/Drivers/USB/Core/AVR8/USBController_AVR8.o (symbol from plugin)
                                                  .build/obj_1upkeyboards_1up60hse_default/lufa.o (symbol from plugin)
Endpoint_Discard_Stream                           .build/obj_1upkeyboards_1up60hse_default/lib/lufa/LUFA/Drivers/USB/Core/AVR8/EndpointStream_AVR8.o (symbol from plugin)
Endpoint_Null_Stream                              .build/obj_1upkeyboards_1up60hse_default/lib/lufa/LUFA/Drivers/USB/Core/AVR8/EndpointStream_AVR8.o (symbol from plugin)
Endpoint_Read_Control_EStream_BE                  .build/obj_1upkeyboards_1up60hse_default/lib/lufa/LUFA/Drivers/USB/Core/AVR8/EndpointStream_AVR8.o (symbol from plugin)
Endpoint_Read_Control_EStream_LE                  .build/obj_1upkeyboards_1up60hse_default/lib/lufa/LUFA/Drivers/USB/Core/AVR8/EndpointStream_AVR8.o (symbol from plugin)
Endpoint_Read_Control_Stream_BE                   .build/obj_1upkeyboards_1up60hse_default/lib/lufa/LUFA/Drivers/USB/Core/AVR8/EndpointStream_AVR8.o (symbol from plugin)
Endpoint_Read_Control_Stream_LE                   .build/obj_1upkeyboards_1up60hse_default/lib/lufa/LUFA/Drivers/USB/Core/AVR8/EndpointStream_AVR8.o (symbol from plugin)
Endpoint_Read_EStream_BE                          .build/obj_1upkeyboards_1up60hse_default/lib/lufa/LUFA/Drivers/USB/Core/AVR8/EndpointStream_AVR8.o (symbol from plugin)
Endpoint_Read_EStream_LE                          .build/obj_1upkeyboards_1up60hse_default/lib/lufa/LUFA/Drivers/USB/Core/AVR8/EndpointStream_AVR8.o (symbol from plugin)
Endpoint_Read_Stream_BE                           .build/obj_1upkeyboards_1up60hse_default/lib/lufa/LUFA/Drivers/USB/Core/AVR8/EndpointStream_AVR8.o (symbol from plugin)
Endpoint_Read_Stream_LE                           .build/obj_1upkeyboards_1up60hse_default/lib/lufa/LUFA/Drivers/USB/Core/AVR8/EndpointStream_AVR8.o (symbol from plugin)
Endpoint_WaitUntilReady                           .build/obj_1upkeyboards_1up60hse_default/lib/lufa/LUFA/Drivers/USB/Core/AVR8/Endpoint_AVR8.o (symbol from plugin)
                                                  .build/obj_1upkeyboards_1up60hse_default/lib/lufa/LUFA/Drivers/USB/Core/AVR8/EndpointStream_AVR8.o (symbol from plugin)
Endpoint_Write_Control_EStream_BE                 .build/obj_1upkeyboards_1up60hse_default/lib/lufa/LUFA/Drivers/USB/Core/AVR8/EndpointStream_AVR8.o (symbol from plugin)
Endpoint_Write_Control_EStream_LE                 .build/obj_1upkeyboards_1up60hse_default/lib/lufa/LUFA/Drivers/USB/Core/AVR8/EndpointStream_AVR8.o (symbol from plugin)
Endpoint_Write_Control_PStream_BE                 .build/obj_1upkeyboards_1up60hse_default/lib/lufa/LUFA/Drivers/USB/Core/AVR8/EndpointStream_AVR8.o (symbol from plugin)
Endpoint_Write_Control_PStream_LE                 .build/obj_1upkeyboards_1up60hse_default/lib/lufa/LUFA/Drivers/USB/Core/AVR8/EndpointStream_AVR8.o (symbol from plugin)
                                                  .build/obj_1upkeyboards_1up60hse_default/lib/lufa/LUFA/Drivers/USB/Core/DeviceStandardReq.o (symbol from plugin)
Endpoint_Write_Control_Stream_BE                  .build/obj_1upkeyboards_1up60hse_default/lib/lufa/LUFA/Drivers/USB/Core/AVR8/EndpointStream_AVR8.o (symbol from plugin)
Endpoint_Write_Control_Stream_LE                  .build/obj_1upkeyboards_1up60hse_default/lib/lufa/LUFA/Drivers/USB/Core/AVR8/EndpointStream_AVR8.o (symbol from plugin)
                                                  .build/obj_1upkeyboards_1up60hse_default/lib/lufa/LUFA/Drivers/USB/Core/DeviceStandardReq.o (symbol from plugin)
                                                  .build/obj_1upkeyboards_1up60hse_default/lufa.o (symbol from plugin)
Endpoint_Write_EStream_BE                         .build/obj_1upkeyboards_1up60hse_default/lib/lufa/LUFA/Drivers/USB/Core/AVR8/EndpointStream_AVR8.o (symbol from plugin)
Endpoint_Write_EStream_LE                         .build/obj_1upkeyboards_1up60hse_default/lib/lufa/LUFA/Drivers/USB/Core/AVR8/EndpointStream_AVR8.o (symbol from plugin)
Endpoint_Write_PStream_BE                         .build/obj_1upkeyboards_1up60hse_default/lib/lufa/LUFA/Drivers/USB/Core/AVR8/EndpointStream_AVR8.o (symbol from plugin)
Endpoint_Write_PStream_LE                         .build/obj_1upkeyboards_1up60hse_default/lib/lufa/LUFA/Drivers/USB/Core/AVR8/EndpointStream_AVR8.o (symbol from plugin)
Endpoint_Write_Stream_BE                          .build/obj_1upkeyboards_1up60hse_default/lib/lufa/LUFA/Drivers/USB/Core/AVR8/EndpointStream_AVR8.o (symbol from plugin)
Endpoint_Write_Stream_LE                          .build/obj_1upkeyboards_1up60hse_default/lib/lufa/LUFA/Drivers/USB/Core/AVR8/EndpointStream_AVR8.o (symbol from plugin)
                                                  .build/obj_1upkeyboards_1up60hse_default/lufa.o (symbol from plugin)
KeyboardReport                                    .build/obj_1upkeyboards_1up60hse_default/usb_descriptor.o (symbol from plugin)
LED_BREATHING_TABLE                               .build/obj_1upkeyboards_1up60hse_default/quantum/led_tables.o (symbol from plugin)
LanguageString                                    .build/obj_1upkeyboards_1up60hse_default/usb_descriptor.o (symbol from plugin)
ManufacturerString                                .build/obj_1upkeyboards_1up60hse_default/usb_descriptor.o (symbol from plugin)
ProductString                                     .build/obj_1upkeyboards_1up60hse_default/usb_descriptor.o (symbol from plugin)
RGBLED_BREATHING_INTERVALS                        .build/obj_1upkeyboards_1up60hse_default/quantum/rgblight.o (symbol from plugin)
RGBLED_GRADIENT_RANGES                            .build/obj_1upkeyboards_1up60hse_default/quantum/rgblight.o (symbol from plugin)
RGBLED_KNIGHT_INTERVALS                           .build/obj_1upkeyboards_1up60hse_default/quantum/rgblight.o (symbol from plugin)
RGBLED_RAINBOW_MOOD_INTERVALS                     .build/obj_1upkeyboards_1up60hse_default/quantum/rgblight.o (symbol from plugin)
RGBLED_RAINBOW_SWIRL_INTERVALS                    .build/obj_1upkeyboards_1up60hse_default/quantum/rgblight.o (symbol from plugin)
RGBLED_RGBTEST_INTERVALS                          .build/obj_1upkeyboards_1up60hse_default/quantum/rgblight.o (symbol from plugin)
RGBLED_SNAKE_INTERVALS                            .build/obj_1upkeyboards_1up60hse_default/quantum/rgblight.o (symbol from plugin)
SerialNumberString                                .build/obj_1upkeyboards_1up60hse_default/usb_descriptor.o (symbol from plugin)
SharedReport                                      .build/obj_1upkeyboards_1up60hse_default/usb_descriptor.o (symbol from plugin)
USB_ControlRequest                                .build/obj_1upkeyboards_1up60hse_default/lib/lufa/LUFA/Drivers/USB/Core/USBTask.o (symbol from plugin)
                                                  .build/obj_1upkeyboards_1up60hse_default/lib/lufa/LUFA/Drivers/USB/Core/DeviceStandardReq.o (symbol from plugin)
                                                  .build/obj_1upkeyboards_1up60hse_default/lib/lufa/LUFA/Drivers/USB/Core/AVR8/Endpoint_AVR8.o (symbol from plugin)
                                                  .build/obj_1upkeyboards_1up60hse_default/lib/lufa/LUFA/Drivers/USB/Core/AVR8/EndpointStream_AVR8.o (symbol from plugin)
                                                  .build/obj_1upkeyboards_1up60hse_default/lufa.o (symbol from plugin)
USB_DeviceState                                   .build/obj_1upkeyboards_1up60hse_default/lib/lufa/LUFA/Drivers/USB/Core/USBTask.o (symbol from plugin)
                                                  .build/obj_1upkeyboards_1up60hse_default/lib/lufa/LUFA/Drivers/USB/Core/DeviceStandardReq.o (symbol from plugin)
                                                  .build/obj_1upkeyboards_1up60hse_default/lib/lufa/LUFA/Drivers/USB/Core/AVR8/USBInterrupt_AVR8.o (symbol from plugin)
                                                  .build/obj_1upkeyboards_1up60hse_default/lib/lufa/LUFA/Drivers/USB/Core/AVR8/USBController_AVR8.o (symbol from plugin)
                                                  .build/obj_1upkeyboards_1up60hse_default/lib/lufa/LUFA/Drivers/USB/Core/AVR8/Endpoint_AVR8.o (symbol from plugin)
                                                  .build/obj_1upkeyboards_1up60hse_default/lib/lufa/LUFA/Drivers/USB/Core/AVR8/EndpointStream_AVR8.o (symbol from plugin)
                                                  .build/obj_1upkeyboards_1up60hse_default/outputselect.o (symbol from plugin)
                                                  .build/obj_1upkeyboards_1up60hse_default/lufa.o (symbol from plugin)
                                                  .build/obj_1upkeyboards_1up60hse_default/common/avr/suspend.o (symbol from plugin)
USB_Device_ConfigurationNumber                    .build/obj_1upkeyboards_1up60hse_default/lib/lufa/LUFA/Drivers/USB/Core/DeviceStandardReq.o (symbol from plugin)
                                                  .build/obj_1upkeyboards_1up60hse_default/lib/lufa/LUFA/Drivers/USB/Core/AVR8/USBInterrupt_AVR8.o (symbol from plugin)
                                                  .build/obj_1upkeyboards_1up60hse_default/lib/lufa/LUFA/Drivers/USB/Core/AVR8/USBController_AVR8.o (symbol from plugin)
USB_Device_CurrentlySelfPowered                   .build/obj_1upkeyboards_1up60hse_default/lib/lufa/LUFA/Drivers/USB/Core/DeviceStandardReq.o (symbol from plugin)
                                                  .build/obj_1upkeyboards_1up60hse_default/lib/lufa/LUFA/Drivers/USB/Core/AVR8/USBController_AVR8.o (symbol from plugin)
USB_Device_ProcessControlRequest                  .build/obj_1upkeyboards_1up60hse_default/lib/lufa/LUFA/Drivers/USB/Core/DeviceStandardReq.o (symbol from plugin)
                                                  .build/obj_1upkeyboards_1up60hse_default/lib/lufa/LUFA/Drivers/USB/Core/USBTask.o (symbol from plugin)
                                                  .build/obj_1upkeyboards_1up60hse_default/lib/lufa/LUFA/Drivers/USB/Core/AVR8/USBInterrupt_AVR8.o (symbol from plugin)
USB_Device_RemoteWakeupEnabled                    .build/obj_1upkeyboards_1up60hse_default/lib/lufa/LUFA/Drivers/USB/Core/DeviceStandardReq.o (symbol from plugin)
                                                  .build/obj_1upkeyboards_1up60hse_default/lib/lufa/LUFA/Drivers/USB/Core/AVR8/USBController_AVR8.o (symbol from plugin)
                                                  .build/obj_1upkeyboards_1up60hse_default/lufa.o (symbol from plugin)
USB_Device_SendRemoteWakeup                       .build/obj_1upkeyboards_1up60hse_default/lib/lufa/LUFA/Drivers/USB/Core/AVR8/Device_AVR8.o (symbol from plugin)
                                                  .build/obj_1upkeyboards_1up60hse_default/lufa.o (symbol from plugin)
USB_Disable                                       .build/obj_1upkeyboards_1up60hse_default/lib/lufa/LUFA/Drivers/USB/Core/AVR8/USBController_AVR8.o (symbol from plugin)
                                                  .build/obj_1upkeyboards_1up60hse_default/lufa.o (symbol from plugin)
USB_Event_Stub                                    .build/obj_1upkeyboards_1up60hse_default/lib/lufa/LUFA/Drivers/USB/Core/Events.o (symbol from plugin)
USB_Event_Stub_2                                  .build/obj_1upkeyboards_1up60hse_default/lib/lufa/LUFA/Drivers/USB/Core/Events.o (symbol from plugin)
USB_Event_Stub_3                                  .build/obj_1upkeyboards_1up60hse_default/lib/lufa/LUFA/Drivers/USB/Core/Events.o (symbol from plugin)
USB_GetHIDReportItemInfo                          .build/obj_1upkeyboards_1up60hse_default/lib/lufa/LUFA/Drivers/USB/Class/Common/HIDParser.o (symbol from plugin)
USB_GetHIDReportSize                              .build/obj_1upkeyboards_1up60hse_default/lib/lufa/LUFA/Drivers/USB/Class/Common/HIDParser.o (symbol from plugin)
USB_GetNextDescriptorComp                         .build/obj_1upkeyboards_1up60hse_default/lib/lufa/LUFA/Drivers/USB/Core/ConfigDescriptors.o (symbol from plugin)
USB_GetNextDescriptorOfType                       .build/obj_1upkeyboards_1up60hse_default/lib/lufa/LUFA/Drivers/USB/Core/ConfigDescriptors.o (symbol from plugin)
USB_GetNextDescriptorOfTypeAfter                  .build/obj_1upkeyboards_1up60hse_default/lib/lufa/LUFA/Drivers/USB/Core/ConfigDescriptors.o (symbol from plugin)
USB_GetNextDescriptorOfTypeBefore                 .build/obj_1upkeyboards_1up60hse_default/lib/lufa/LUFA/Drivers/USB/Core/ConfigDescriptors.o (symbol from plugin)
USB_INT_ClearAllInterrupts                        .build/obj_1upkeyboards_1up60hse_default/lib/lufa/LUFA/Drivers/USB/Core/AVR8/USBInterrupt_AVR8.o (symbol from plugin)
                                                  .build/obj_1upkeyboards_1up60hse_default/lib/lufa/LUFA/Drivers/USB/Core/AVR8/USBController_AVR8.o (symbol from plugin)
USB_INT_DisableAllInterrupts                      .build/obj_1upkeyboards_1up60hse_default/lib/lufa/LUFA/Drivers/USB/Core/AVR8/USBInterrupt_AVR8.o (symbol from plugin)
                                                  .build/obj_1upkeyboards_1up60hse_default/lib/lufa/LUFA/Drivers/USB/Core/AVR8/USBController_AVR8.o (symbol from plugin)
USB_Init                                          .build/obj_1upkeyboards_1up60hse_default/lib/lufa/LUFA/Drivers/USB/Core/AVR8/USBController_AVR8.o (symbol from plugin)
                                                  .build/obj_1upkeyboards_1up60hse_default/lufa.o (symbol from plugin)
USB_IsInitialized                                 .build/obj_1upkeyboards_1up60hse_default/lib/lufa/LUFA/Drivers/USB/Core/USBTask.o (symbol from plugin)
                                                  .build/obj_1upkeyboards_1up60hse_default/lib/lufa/LUFA/Drivers/USB/Core/AVR8/USBController_AVR8.o (symbol from plugin)
                                                  .build/obj_1upkeyboards_1up60hse_default/lufa.o (symbol from plugin)
USB_ProcessHIDReport                              .build/obj_1upkeyboards_1up60hse_default/lib/lufa/LUFA/Drivers/USB/Class/Common/HIDParser.o (symbol from plugin)
USB_ResetInterface                                .build/obj_1upkeyboards_1up60hse_default/lib/lufa/LUFA/Drivers/USB/Core/AVR8/USBController_AVR8.o (symbol from plugin)
USB_SetHIDReportItemInfo                          .build/obj_1upkeyboards_1up60hse_default/lib/lufa/LUFA/Drivers/USB/Class/Common/HIDParser.o (symbol from plugin)
USB_USBTask                                       .build/obj_1upkeyboards_1up60hse_default/lib/lufa/LUFA/Drivers/USB/Core/USBTask.o (symbol from plugin)
                                                  .build/obj_1upkeyboards_1up60hse_default/lufa.o (symbol from plugin)
__bad_interrupt                                   /usr/local/Cellar/avr-gcc@7/7.4.0/lib/avr-gcc/7/gcc/avr/7.4.0/../../../../../../avr/lib/avr5/crtatmega32u4.o
__bss_end                                         /usr/local/Cellar/avr-gcc@7/7.4.0/lib/avr-gcc/7/gcc/avr/7.4.0/avr5/libgcc.a(_clear_bss.o)
__bss_start                                       /usr/local/Cellar/avr-gcc@7/7.4.0/lib/avr-gcc/7/gcc/avr/7.4.0/avr5/libgcc.a(_clear_bss.o)
__data_end                                        /usr/local/Cellar/avr-gcc@7/7.4.0/lib/avr-gcc/7/gcc/avr/7.4.0/avr5/libgcc.a(_copy_data.o)
__data_load_start                                 /usr/local/Cellar/avr-gcc@7/7.4.0/lib/avr-gcc/7/gcc/avr/7.4.0/avr5/libgcc.a(_copy_data.o)
__data_start                                      /usr/local/Cellar/avr-gcc@7/7.4.0/lib/avr-gcc/7/gcc/avr/7.4.0/avr5/libgcc.a(_copy_data.o)
__divmodhi4                                       /usr/local/Cellar/avr-gcc@7/7.4.0/lib/avr-gcc/7/gcc/avr/7.4.0/avr5/libgcc.a(_divmodhi4.o)
                                                  /var/folders/7d/r_phv7rx6m99qllr_nm2m9c80000gn/T//ccS6g2Jv.ltrans0.ltrans.o
__do_clear_bss                                    /usr/local/Cellar/avr-gcc@7/7.4.0/lib/avr-gcc/7/gcc/avr/7.4.0/avr5/libgcc.a(_clear_bss.o)
                                                  /var/folders/7d/r_phv7rx6m99qllr_nm2m9c80000gn/T//ccS6g2Jv.ltrans0.ltrans.o
__do_copy_data                                    /usr/local/Cellar/avr-gcc@7/7.4.0/lib/avr-gcc/7/gcc/avr/7.4.0/avr5/libgcc.a(_copy_data.o)
                                                  /var/folders/7d/r_phv7rx6m99qllr_nm2m9c80000gn/T//ccS6g2Jv.ltrans0.ltrans.o
__heap_end                                        /usr/local/Cellar/avr-gcc@7/7.4.0/lib/avr-gcc/7/gcc/avr/7.4.0/../../../../../../avr/lib/avr5/crtatmega32u4.o
__init                                            /usr/local/Cellar/avr-gcc@7/7.4.0/lib/avr-gcc/7/gcc/avr/7.4.0/../../../../../../avr/lib/avr5/crtatmega32u4.o
__mulsi3                                          /usr/local/Cellar/avr-gcc@7/7.4.0/lib/avr-gcc/7/gcc/avr/7.4.0/avr5/libgcc.a(_mulsi3.o)
                                                  /var/folders/7d/r_phv7rx6m99qllr_nm2m9c80000gn/T//ccS6g2Jv.ltrans0.ltrans.o
__muluhisi3                                       /usr/local/Cellar/avr-gcc@7/7.4.0/lib/avr-gcc/7/gcc/avr/7.4.0/avr5/libgcc.a(_muluhisi3.o)