Archive member included to satisfy reference by file (symbol)

/usr/local/Cellar/avr-gcc/9.2.0/lib/avr-gcc/9/gcc/avr/9.2.0/avr5/libgcc.a(_exit.o)
                              /usr/local/Cellar/avr-gcc/9.2.0/lib/avr-gcc/9/gcc/avr/9.2.0/../../../../../../avr/lib/avr5/crtatmega32u4.o (exit)
/usr/local/Cellar/avr-gcc/9.2.0/lib/avr-gcc/9/gcc/avr/9.2.0/../../../../../../avr/lib/avr5/libatmega32u4.a(eerd_byte.o)
                              .build/obj_1upkeyboards_1up60hse_default/common/eeconfig.o (symbol from plugin) (eeprom_read_byte)
/usr/local/Cellar/avr-gcc/9.2.0/lib/avr-gcc/9/gcc/avr/9.2.0/../../../../../../avr/lib/avr5/libatmega32u4.a(eerd_dword.o)
                              .build/obj_1upkeyboards_1up60hse_default/quantum/rgblight.o (symbol from plugin) (eeprom_read_dword)
/usr/local/Cellar/avr-gcc/9.2.0/lib/avr-gcc/9/gcc/avr/9.2.0/../../../../../../avr/lib/avr5/libatmega32u4.a(eerd_word.o)
                              .build/obj_1upkeyboards_1up60hse_default/common/eeconfig.o (symbol from plugin) (eeprom_read_word)
/usr/local/Cellar/avr-gcc/9.2.0/lib/avr-gcc/9/gcc/avr/9.2.0/../../../../../../avr/lib/avr5/libatmega32u4.a(eeupd_byte.o)
                              .build/obj_1upkeyboards_1up60hse_default/common/eeconfig.o (symbol from plugin) (eeprom_update_byte)
/usr/local/Cellar/avr-gcc/9.2.0/lib/avr-gcc/9/gcc/avr/9.2.0/../../../../../../avr/lib/avr5/libatmega32u4.a(eeupd_dword.o)
                              .build/obj_1upkeyboards_1up60hse_default/quantum/rgblight.o (symbol from plugin) (eeprom_update_dword)
/usr/local/Cellar/avr-gcc/9.2.0/lib/avr-gcc/9/gcc/avr/9.2.0/../../../../../../avr/lib/avr5/libatmega32u4.a(eeupd_word.o)
                              .build/obj_1upkeyboards_1up60hse_default/common/eeconfig.o (symbol from plugin) (eeprom_update_word)
/usr/local/Cellar/avr-gcc/9.2.0/lib/avr-gcc/9/gcc/avr/9.2.0/../../../../../../avr/lib/avr5/libatmega32u4.a(eerd_block.o)
                              /usr/local/Cellar/avr-gcc/9.2.0/lib/avr-gcc/9/gcc/avr/9.2.0/../../../../../../avr/lib/avr5/libatmega32u4.a(eerd_dword.o) (eeprom_read_blraw)
/usr/local/Cellar/avr-gcc/9.2.0/lib/avr-gcc/9/gcc/avr/9.2.0/avr5/libgcc.a(_mulsi3.o)
                              /var/folders/xx/3qcqnrxj7md526g3lvyld9680000gn/T//1upkeyboards_1up60hse_default.elf.8PAF8D.ltrans0.ltrans.o (__mulsi3)
/usr/local/Cellar/avr-gcc/9.2.0/lib/avr-gcc/9/gcc/avr/9.2.0/avr5/libgcc.a(_udivmodqi4.o)
                              /var/folders/xx/3qcqnrxj7md526g3lvyld9680000gn/T//1upkeyboards_1up60hse_default.elf.8PAF8D.ltrans0.ltrans.o (__udivmodqi4)
/usr/local/Cellar/avr-gcc/9.2.0/lib/avr-gcc/9/gcc/avr/9.2.0/avr5/libgcc.a(_udivmodhi4.o)
                              /var/folders/xx/3qcqnrxj7md526g3lvyld9680000gn/T//1upkeyboards_1up60hse_default.elf.8PAF8D.ltrans0.ltrans.o (__udivmodhi4)
/usr/local/Cellar/avr-gcc/9.2.0/lib/avr-gcc/9/gcc/avr/9.2.0/avr5/libgcc.a(_udivmodsi4.o)
                              /var/folders/xx/3qcqnrxj7md526g3lvyld9680000gn/T//1upkeyboards_1up60hse_default.elf.8PAF8D.ltrans0.ltrans.o (__udivmodsi4)
/usr/local/Cellar/avr-gcc/9.2.0/lib/avr-gcc/9/gcc/avr/9.2.0/avr5/libgcc.a(_tablejump2.o)
                              /var/folders/xx/3qcqnrxj7md526g3lvyld9680000gn/T//1upkeyboards_1up60hse_default.elf.8PAF8D.ltrans0.ltrans.o (__tablejump2__)
/usr/local/Cellar/avr-gcc/9.2.0/lib/avr-gcc/9/gcc/avr/9.2.0/avr5/libgcc.a(_copy_data.o)
                              /var/folders/xx/3qcqnrxj7md526g3lvyld9680000gn/T//1upkeyboards_1up60hse_default.elf.8PAF8D.ltrans0.ltrans.o (__do_copy_data)
/usr/local/Cellar/avr-gcc/9.2.0/lib/avr-gcc/9/gcc/avr/9.2.0/avr5/libgcc.a(_clear_bss.o)
                              /var/folders/xx/3qcqnrxj7md526g3lvyld9680000gn/T//1upkeyboards_1up60hse_default.elf.8PAF8D.ltrans0.ltrans.o (__do_clear_bss)
/usr/local/Cellar/avr-gcc/9.2.0/lib/avr-gcc/9/gcc/avr/9.2.0/avr5/libgcc.a(_umulhisi3.o)
                              /var/folders/xx/3qcqnrxj7md526g3lvyld9680000gn/T//1upkeyboards_1up60hse_default.elf.8PAF8D.ltrans0.ltrans.o (__umulhisi3)
/usr/local/Cellar/avr-gcc/9.2.0/lib/avr-gcc/9/gcc/avr/9.2.0/avr5/libgcc.a(_muluhisi3.o)
                              /usr/local/Cellar/avr-gcc/9.2.0/lib/avr-gcc/9/gcc/avr/9.2.0/avr5/libgcc.a(_mulsi3.o) (__muluhisi3)

Allocating common symbols
Common symbol       size              file

rgblight_config     0x5               .build/obj_1upkeyboards_1up60hse_default/quantum/rgblight.o (symbol from plugin)
USB_IsInitialized   0x1               .build/obj_1upkeyboards_1up60hse_default/lib/lufa/LUFA/Drivers/USB/Core/USBTask.o (symbol from plugin)
keymap_config       0x2               .build/obj_1upkeyboards_1up60hse_default/common/magic.o (symbol from plugin)
backlight_config    0x1               .build/obj_1upkeyboards_1up60hse_default/common/backlight.o (symbol from plugin)
USB_DeviceState     0x1               .build/obj_1upkeyboards_1up60hse_default/lib/lufa/LUFA/Drivers/USB/Core/USBTask.o (symbol from plugin)
USB_Device_ConfigurationNumber
[...]
Memory Configuration

Name             Origin             Length             Attributes
text             0x0000000000000000 0x0000000000020000 xr
data             0x0000000000800060 0x000000000000ffa0 rw !x
eeprom           0x0000000000810000 0x0000000000010000 rw !x
fuse             0x0000000000820000 0x0000000000000400 rw !x
lock             0x0000000000830000 0x0000000000000400 rw !x
signature        0x0000000000840000 0x0000000000000400 rw !x
user_signatures  0x0000000000850000 0x0000000000000400 rw !x
*default*        0x0000000000000000 0xffffffffffffffff

Linker script and memory map

Address of section .data set to 0x800100
LOAD /usr/local/Cellar/avr-gcc/9.2.0/lib/avr-gcc/9/gcc/avr/9.2.0/../../../../../../avr/lib/avr5/crtatmega32u4.o
LOAD /var/folders/xx/3qcqnrxj7md526g3lvyld9680000gn/T//1upkeyboards_1up60hse_default.elf.8PAF8D.ltrans0.ltrans.o
LOAD /var/folders/xx/3qcqnrxj7md526g3lvyld9680000gn/T//cce5tgFi.debug.temp.o
LOAD /var/folders/xx/3qcqnrxj7md526g3lvyld9680000gn/T//cc5Y44OB.debug.temp.o
LOAD /var/folders/xx/3qcqnrxj7md526g3lvyld9680000gn/T//cc0bpojC.debug.temp.o
LOAD /var/folders/xx/3qcqnrxj7md526g3lvyld9680000gn/T//ccZkjAXI.debug.temp.o
LOAD /var/folders/xx/3qcqnrxj7md526g3lvyld9680000gn/T//cchjmtHC.debug.temp.o
LOAD /var/folders/xx/3qcqnrxj7md526g3lvyld9680000gn/T//cc3BwcuZ.debug.temp.o
LOAD /var/folders/xx/3qcqnrxj7md526g3lvyld9680000gn/T//ccsayp8p.debug.temp.o
LOAD /var/folders/xx/3qcqnrxj7md526g3lvyld9680000gn/T//cczh4PWv.debug.temp.o
LOAD /var/folders/xx/3qcqnrxj7md526g3lvyld9680000gn/T//ccwf7JFq.debug.temp.o
LOAD /var/folders/xx/3qcqnrxj7md526g3lvyld9680000gn/T//ccNX8xBc.debug.temp.o
LOAD /var/folders/xx/3qcqnrxj7md526g3lvyld9680000gn/T//cc4L0GDi.debug.temp.o
LOAD /var/folders/xx/3qcqnrxj7md526g3lvyld9680000gn/T//ccdcy0h9.debug.temp.o
LOAD /var/folders/xx/3qcqnrxj7md526g3lvyld9680000gn/T//ccP4By0y.debug.temp.o
LOAD /var/folders/xx/3qcqnrxj7md526g3lvyld9680000gn/T//ccrhfbZ4.debug.temp.o
LOAD /var/folders/xx/3qcqnrxj7md526g3lvyld9680000gn/T//ccETYRai.debug.temp.o
LOAD /var/folders/xx/3qcqnrxj7md526g3lvyld9680000gn/T//cckuFhvN.debug.temp.o
LOAD /var/folders/xx/3qcqnrxj7md526g3lvyld9680000gn/T//ccGQFXO7.debug.temp.o
LOAD /var/folders/xx/3qcqnrxj7md526g3lvyld9680000gn/T//cc2htI2M.debug.temp.o
LOAD /var/folders/xx/3qcqnrxj7md526g3lvyld9680000gn/T//ccomU5Ks.debug.temp.o
LOAD /var/folders/xx/3qcqnrxj7md526g3lvyld9680000gn/T//cc7tuhoE.debug.temp.o
LOAD /var/folders/xx/3qcqnrxj7md526g3lvyld9680000gn/T//ccmYo6SJ.debug.temp.o
LOAD /var/folders/xx/3qcqnrxj7md526g3lvyld9680000gn/T//ccRDxtFR.debug.temp.o
LOAD /var/folders/xx/3qcqnrxj7md526g3lvyld9680000gn/T//ccTnx131.debug.temp.o
LOAD /var/folders/xx/3qcqnrxj7md526g3lvyld9680000gn/T//cckFfbhr.debug.temp.o
LOAD /var/folders/xx/3qcqnrxj7md526g3lvyld9680000gn/T//ccZaNNNp.debug.temp.o
LOAD /var/folders/xx/3qcqnrxj7md526g3lvyld9680000gn/T//ccFIHsgM.debug.temp.o
LOAD /var/folders/xx/3qcqnrxj7md526g3lvyld9680000gn/T//ccdNjpoe.debug.temp.o
LOAD /var/folders/xx/3qcqnrxj7md526g3lvyld9680000gn/T//ccOo4mck.debug.temp.o
LOAD /var/folders/xx/3qcqnrxj7md526g3lvyld9680000gn/T//ccfdqKZV.debug.temp.o
LOAD /var/folders/xx/3qcqnrxj7md526g3lvyld9680000gn/T//ccptV6oL.debug.temp.o
LOAD /var/folders/xx/3qcqnrxj7md526g3lvyld9680000gn/T//ccRyVyyp.debug.temp.o
LOAD /var/folders/xx/3qcqnrxj7md526g3lvyld9680000gn/T//ccQpmzJU.debug.temp.o
LOAD /var/folders/xx/3qcqnrxj7md526g3lvyld9680000gn/T//ccWZbNud.debug.temp.o
LOAD /var/folders/xx/3qcqnrxj7md526g3lvyld9680000gn/T//ccXzddJx.debug.temp.o
LOAD /var/folders/xx/3qcqnrxj7md526g3lvyld9680000gn/T//ccKbS0d6.debug.temp.o
LOAD /var/folders/xx/3qcqnrxj7md526g3lvyld9680000gn/T//cc2sRCCC.debug.temp.o
LOAD /var/folders/xx/3qcqnrxj7md526g3lvyld9680000gn/T//ccK5b66c.debug.temp.o
LOAD /var/folders/xx/3qcqnrxj7md526g3lvyld9680000gn/T//cc98H5XC.debug.temp.o
LOAD /var/folders/xx/3qcqnrxj7md526g3lvyld9680000gn/T//ccsepUQU.debug.temp.o
LOAD /var/folders/xx/3qcqnrxj7md526g3lvyld9680000gn/T//cc5MgzpM.debug.temp.o
LOAD /var/folders/xx/3qcqnrxj7md526g3lvyld9680000gn/T//ccUAbiil.debug.temp.o
LOAD /var/folders/xx/3qcqnrxj7md526g3lvyld9680000gn/T//ccVS6S7r.debug.temp.o
LOAD /var/folders/xx/3qcqnrxj7md526g3lvyld9680000gn/T//ccmHPiY3.debug.temp.o
LOAD /var/folders/xx/3qcqnrxj7md526g3lvyld9680000gn/T//ccOKxdPC.debug.temp.o
LOAD /var/folders/xx/3qcqnrxj7md526g3lvyld9680000gn/T//cclSHExr.debug.temp.o
LOAD /var/folders/xx/3qcqnrxj7md526g3lvyld9680000gn/T//ccwePUaT.debug.temp.o
LOAD /var/folders/xx/3qcqnrxj7md526g3lvyld9680000gn/T//cc3RsDrC.debug.temp.o
LOAD /var/folders/xx/3qcqnrxj7md526g3lvyld9680000gn/T//cc0RZKye.debug.temp.o
LOAD .build/obj_1upkeyboards_1up60hse_default/common/avr/xprintf.o
LOAD /usr/local/Cellar/avr-gcc/9.2.0/lib/avr-gcc/9/gcc/avr/9.2.0/../../../../../../avr/lib/avr5/libm.a
START GROUP
LOAD /usr/local/Cellar/avr-gcc/9.2.0/lib/avr-gcc/9/gcc/avr/9.2.0/avr5/libgcc.a
LOAD /usr/local/Cellar/avr-gcc/9.2.0/lib/avr-gcc/9/gcc/avr/9.2.0/../../../../../../avr/lib/avr5/libm.a
LOAD /usr/local/Cellar/avr-gcc/9.2.0/lib/avr-gcc/9/gcc/avr/9.2.0/../../../../../../avr/lib/avr5/libc.a
LOAD /usr/local/Cellar/avr-gcc/9.2.0/lib/avr-gcc/9/gcc/avr/9.2.0/../../../../../../avr/lib/avr5/libatmega32u4.a
END GROUP
                0x0000000000020000                __TEXT_REGION_LENGTH__ = DEFINED (__TEXT_REGION_LENGTH__)?__TEXT_REGION_LENGTH__:0x20000
                0x000000000000ffa0                __DATA_REGION_LENGTH__ = DEFINED (__DATA_REGION_LENGTH__)?__DATA_REGION_LENGTH__:0xffa0
                0x0000000000010000                __EEPROM_REGION_LENGTH__ = DEFINED (__EEPROM_REGION_LENGTH__)?__EEPROM_REGION_LENGTH__:0x10000
                0x0000000000000400                __FUSE_REGION_LENGTH__ = DEFINED (__FUSE_REGION_LENGTH__)?__FUSE_REGION_LENGTH__:0x400
                0x0000000000000400                __LOCK_REGION_LENGTH__ = DEFINED (__LOCK_REGION_LENGTH__)?__LOCK_REGION_LENGTH__:0x400
                0x0000000000000400                __SIGNATURE_REGION_LENGTH__ = DEFINED (__SIGNATURE_REGION_LENGTH__)?__SIGNATURE_REGION_LENGTH__:0x400
                0x0000000000000400                __USER_SIGNATURE_REGION_LENGTH__ = DEFINED (__USER_SIGNATURE_REGION_LENGTH__)?__USER_SIGNATURE_REGION_LENGTH__:0x400

.hash
 *(.hash)

.dynsym
 *(.dynsym)

.dynstr
 *(.dynstr)

.gnu.version
 *(.gnu.version)

.gnu.version_d
 *(.gnu.version_d)

.gnu.version_r
 *(.gnu.version_r)

.rel.init
 *(.rel.init)

.rela.init
 *(.rela.init)

.rel.text
 *(.rel.text)
 *(.rel.text.*)
 *(.rel.gnu.linkonce.t*)

.rela.text
 *(.rela.text)
 *(.rela.text.*)
 *(.rela.gnu.linkonce.t*)

.rel.fini
 *(.rel.fini)

.rela.fini
 *(.rela.fini)

.rel.rodata
 *(.rel.rodata)
 *(.rel.rodata.*)
 *(.rel.gnu.linkonce.r*)

.rela.rodata
 *(.rela.rodata)
 *(.rela.rodata.*)
 *(.rela.gnu.linkonce.r*)

.rel.data
 *(.rel.data)
 *(.rel.data.*)
 *(.rel.gnu.linkonce.d*)

.rela.data
 *(.rela.data)
 *(.rela.data.*)
 *(.rela.gnu.linkonce.d*)

.rel.ctors
 *(.rel.ctors)

.rela.ctors
 *(.rela.ctors)

.rel.dtors
 *(.rel.dtors)

.rela.dtors
 *(.rela.dtors)

.rel.got
 *(.rel.got)

.rela.got
 *(.rela.got)

.rel.bss
 *(.rel.bss)

.rela.bss
 *(.rela.bss)

.rel.plt
 *(.rel.plt)

.rela.plt
 *(.rela.plt)

.text           0x0000000000000000     0x636a
 *(.vectors)
 .vectors       0x0000000000000000       0xac /usr/local/Cellar/avr-gcc/9.2.0/lib/avr-gcc/9/gcc/avr/9.2.0/../../../../../../avr/lib/avr5/crtatmega32u4.o
                0x0000000000000000                __vectors
                0x0000000000000000                __vector_default
 *(.vectors)
 *(.progmem.gcc*)
                0x00000000000000ac                . = ALIGN (0x2)
                0x00000000000000ac                __trampolines_start = .
 *(.trampolines)
 .trampolines   0x00000000000000ac        0x0 linker stubs
 *(.trampolines*)
                0x00000000000000ac                __trampolines_end = .
 *libprintf_flt.a:*(.progmem.data)
 *libc.a:*(.progmem.data)
 *(.progmem.*)
 .progmem.data.ConsoleReport
                0x00000000000000ac       0x22 /var/folders/xx/3qcqnrxj7md526g3lvyld9680000gn/T//1upkeyboards_1up60hse_default.elf.8PAF8D.ltrans0.ltrans.o
 .progmem.data.SharedReport
                0x00000000000000ce       0x36 /var/folders/xx/3qcqnrxj7md526g3lvyld9680000gn/T//1upkeyboards_1up60hse_default.elf.8PAF8D.ltrans0.ltrans.o
 .progmem.data.KeyboardReport
                0x0000000000000104       0x40 /var/folders/xx/3qcqnrxj7md526g3lvyld9680000gn/T//1upkeyboards_1up60hse_default.elf.8PAF8D.ltrans0.ltrans.o
 .progmem.data.ascii_to_altgr_lut
                0x0000000000000144       0x80 /var/folders/xx/3qcqnrxj7md526g3lvyld9680000gn/T//1upkeyboards_1up60hse_default.elf.8PAF8D.ltrans0.ltrans.o
 .progmem.data.ascii_to_shift_lut
                0x00000000000001c4       0x80 /var/folders/xx/3qcqnrxj7md526g3lvyld9680000gn/T//1upkeyboards_1up60hse_default.elf.8PAF8D.ltrans0.ltrans.o
 .progmem.data.ascii_to_keycode_lut
                0x0000000000000244       0x80 /var/folders/xx/3qcqnrxj7md526g3lvyld9680000gn/T//1upkeyboards_1up60hse_default.elf.8PAF8D.ltrans0.ltrans.o
 .progmem.data.fn_actions
                0x00000000000002c4        0x0 /var/folders/xx/3qcqnrxj7md526g3lvyld9680000gn/T//1upkeyboards_1up60hse_default.elf.8PAF8D.ltrans0.ltrans.o
 .progmem.data.__c.3624
                0x00000000000002c4        0xe /var/folders/xx/3qcqnrxj7md526g3lvyld9680000gn/T//1upkeyboards_1up60hse_default.elf.8PAF8D.ltrans0.ltrans.o
 .progmem.data.__c.3622
                0x00000000000002d2        0xd /var/folders/xx/3qcqnrxj7md526g3lvyld9680000gn/T//1upkeyboards_1up60hse_default.elf.8PAF8D.ltrans0.ltrans.o
 .progmem.data.__c.3620
                0x00000000000002df        0x8 /var/folders/xx/3qcqnrxj7md526g3lvyld9680000gn/T//1upkeyboards_1up60hse_default.elf.8PAF8D.ltrans0.ltrans.o
 .progmem.data.__c.3618
                0x00000000000002e7        0xa /var/folders/xx/3qcqnrxj7md526g3lvyld9680000gn/T//1upkeyboards_1up60hse_default.elf.8PAF8D.ltrans0.ltrans.o
 .progmem.data.__c.3616.lto_priv.0
                0x00000000000002f1        0x8 /var/folders/xx/3qcqnrxj7md526g3lvyld9680000gn/T//1upkeyboards_1up60hse_default.elf.8PAF8D.ltrans0.ltrans.o
 .progmem.data.__c.3614.lto_priv.0
                0x00000000000002f9        0x9 /var/folders/xx/3qcqnrxj7md526g3lvyld9680000gn/T//1upkeyboards_1up60hse_default.elf.8PAF8D.ltrans0.ltrans.o
 .progmem.data.__c.3612.lto_priv.0
                0x0000000000000302        0xa /var/folders/xx/3qcqnrxj7md526g3lvyld9680000gn/T//1upkeyboards_1up60hse_default.elf.8PAF8D.ltrans0.ltrans.o
 .progmem.data.__c.3610.lto_priv.0
                0x000000000000030c        0x9 /var/folders/xx/3qcqnrxj7md526g3lvyld9680000gn/T//1upkeyboards_1up60hse_default.elf.8PAF8D.ltrans0.ltrans.o
 .progmem.data.__c.3608.lto_priv.0
                0x0000000000000315        0xa /var/folders/xx/3qcqnrxj7md526g3lvyld9680000gn/T//1upkeyboards_1up60hse_default.elf.8PAF8D.ltrans0.ltrans.o
 .progmem.data.__c.3606
                0x000000000000031f        0xc /var/folders/xx/3qcqnrxj7md526g3lvyld9680000gn/T//1upkeyboards_1up60hse_default.elf.8PAF8D.ltrans0.ltrans.o
 .progmem.data.__c.3604
                0x000000000000032b        0xd /var/folders/xx/3qcqnrxj7md526g3lvyld9680000gn/T//1upkeyboards_1up60hse_default.elf.8PAF8D.ltrans0.ltrans.o
 .progmem.data.__c.3602
                0x0000000000000338        0xc /var/folders/xx/3qcqnrxj7md526g3lvyld9680000gn/T//1upkeyboards_1up60hse_default.elf.8PAF8D.ltrans0.ltrans.o
 .progmem.data.__c.3600
                0x0000000000000344        0xf /var/folders/xx/3qcqnrxj7md526g3lvyld9680000gn/T//1upkeyboards_1up60hse_default.elf.8PAF8D.ltrans0.ltrans.o
 .progmem.data.__c.3598
                0x0000000000000353        0xb /var/folders/xx/3qcqnrxj7md526g3lvyld9680000gn/T//1upkeyboards_1up60hse_default.elf.8PAF8D.ltrans0.ltrans.o
 .progmem.data.__c.3596
                0x000000000000035e       0x10 /var/folders/xx/3qcqnrxj7md526g3lvyld9680000gn/T//1upkeyboards_1up60hse_default.elf.8PAF8D.ltrans0.ltrans.o
 .progmem.data.__c.3594
                0x000000000000036e        0xc /var/folders/xx/3qcqnrxj7md526g3lvyld9680000gn/T//1upkeyboards_1up60hse_default.elf.8PAF8D.ltrans0.ltrans.o
 .progmem.data.__c.3592
                0x000000000000037a        0xd /var/folders/xx/3qcqnrxj7md526g3lvyld9680000gn/T//1upkeyboards_1up60hse_default.elf.8PAF8D.ltrans0.ltrans.o
 .progmem.data.__c.3590
                0x0000000000000387        0xa /var/folders/xx/3qcqnrxj7md526g3lvyld9680000gn/T//1upkeyboards_1up60hse_default.elf.8PAF8D.ltrans0.ltrans.o
 .progmem.data.__c.3588.lto_priv.0
                0x0000000000000391        0x7 /var/folders/xx/3qcqnrxj7md526g3lvyld9680000gn/T//1upkeyboards_1up60hse_default.elf.8PAF8D.ltrans0.ltrans.o
 .progmem.data.__c.3586
                0x0000000000000398        0x8 /var/folders/xx/3qcqnrxj7md526g3lvyld9680000gn/T//1upkeyboards_1up60hse_default.elf.8PAF8D.ltrans0.ltrans.o
 .progmem.data.__c.3584
                0x00000000000003a0        0xe /var/folders/xx/3qcqnrxj7md526g3lvyld9680000gn/T//1upkeyboards_1up60hse_default.elf.8PAF8D.ltrans0.ltrans.o
 .progmem.data.__c.3582
                0x00000000000003ae        0xb /var/folders/xx/3qcqnrxj7md526g3lvyld9680000gn/T//1upkeyboards_1up60hse_default.elf.8PAF8D.ltrans0.ltrans.o
 .progmem.data.__c.3580
                0x00000000000003b9        0x8 /var/folders/xx/3qcqnrxj7md526g3lvyld9680000gn/T//1upkeyboards_1up60hse_default.elf.8PAF8D.ltrans0.ltrans.o
 .progmem.data.__c.2847
                0x00000000000003c1       0x1e /var/folders/xx/3qcqnrxj7md526g3lvyld9680000gn/T//1upkeyboards_1up60hse_default.elf.8PAF8D.ltrans0.ltrans.o
 .progmem.data.__c.2845
                0x00000000000003df       0x1c /var/folders/xx/3qcqnrxj7md526g3lvyld9680000gn/T//1upkeyboards_1up60hse_default.elf.8PAF8D.ltrans0.ltrans.o
 .progmem.data.CIE1931_CURVE
                0x00000000000003fb      0x100 /var/folders/xx/3qcqnrxj7md526g3lvyld9680000gn/T//1upkeyboards_1up60hse_default.elf.8PAF8D.ltrans0.ltrans.o
 .progmem.data.__c.2966
                0x00000000000004fb       0x27 /var/folders/xx/3qcqnrxj7md526g3lvyld9680000gn/T//1upkeyboards_1up60hse_default.elf.8PAF8D.ltrans0.ltrans.o
 .progmem.data.__c.2964
                0x0000000000000522       0x25 /var/folders/xx/3qcqnrxj7md526g3lvyld9680000gn/T//1upkeyboards_1up60hse_default.elf.8PAF8D.ltrans0.ltrans.o
 .progmem.data.keymaps
                0x0000000000000547      0x3d4 /var/folders/xx/3qcqnrxj7md526g3lvyld9680000gn/T//1upkeyboards_1up60hse_default.elf.8PAF8D.ltrans0.ltrans.o
 .progmem.data.__c.3570
                0x000000000000091b        0x3 /var/folders/xx/3qcqnrxj7md526g3lvyld9680000gn/T//1upkeyboards_1up60hse_default.elf.8PAF8D.ltrans0.ltrans.o
 .progmem.data.__c.3567
                0x000000000000091e        0x3 /var/folders/xx/3qcqnrxj7md526g3lvyld9680000gn/T//1upkeyboards_1up60hse_default.elf.8PAF8D.ltrans0.ltrans.o
 .progmem.data.__c.3565
                0x0000000000000921        0x3 /var/folders/xx/3qcqnrxj7md526g3lvyld9680000gn/T//1upkeyboards_1up60hse_default.elf.8PAF8D.ltrans0.ltrans.o
 .progmem.data.__c.3562
                0x0000000000000924        0x3 /var/folders/xx/3qcqnrxj7md526g3lvyld9680000gn/T//1upkeyboards_1up60hse_default.elf.8PAF8D.ltrans0.ltrans.o
 .progmem.data.__c.3560
                0x0000000000000927        0x3 /var/folders/xx/3qcqnrxj7md526g3lvyld9680000gn/T//1upkeyboards_1up60hse_default.elf.8PAF8D.ltrans0.ltrans.o
 .progmem.data.__c.3557
                0x000000000000092a        0x3 /var/folders/xx/3qcqnrxj7md526g3lvyld9680000gn/T//1upkeyboards_1up60hse_default.elf.8PAF8D.ltrans0.ltrans.o
 .progmem.data.__c.3555
                0x000000000000092d        0x3 /var/folders/xx/3qcqnrxj7md526g3lvyld9680000gn/T//1upkeyboards_1up60hse_default.elf.8PAF8D.ltrans0.ltrans.o
 .progmem.data.__c.3551
                0x0000000000000930        0x3 /var/folders/xx/3qcqnrxj7md526g3lvyld9680000gn/T//1upkeyboards_1up60hse_default.elf.8PAF8D.ltrans0.ltrans.o
 .progmem.data.__c.3549
                0x0000000000000933        0x3 /var/folders/xx/3qcqnrxj7md526g3lvyld9680000gn/T//1upkeyboards_1up60hse_default.elf.8PAF8D.ltrans0.ltrans.o
 .progmem.data.__c.2878
                0x0000000000000936       0x38 /var/folders/xx/3qcqnrxj7md526g3lvyld9680000gn/T//1upkeyboards_1up60hse_default.elf.8PAF8D.ltrans0.ltrans.o
 .progmem.data.__c.2868
                0x000000000000096e       0x37 /var/folders/xx/3qcqnrxj7md526g3lvyld9680000gn/T//1upkeyboards_1up60hse_default.elf.8PAF8D.ltrans0.ltrans.o
 .progmem.data.__c.2858
                0x00000000000009a5       0x37 /var/folders/xx/3qcqnrxj7md526g3lvyld9680000gn/T//1upkeyboards_1up60hse_default.elf.8PAF8D.ltrans0.ltrans.o
 .progmem.data.__c.3612.lto_priv.1
                0x00000000000009dc       0x12 /var/folders/xx/3qcqnrxj7md526g3lvyld9680000gn/T//1upkeyboards_1up60hse_default.elf.8PAF8D.ltrans0.ltrans.o
 .progmem.data.__c.3610.lto_priv.1
                0x00000000000009ee       0x11 /var/folders/xx/3qcqnrxj7md526g3lvyld9680000gn/T//1upkeyboards_1up60hse_default.elf.8PAF8D.ltrans0.ltrans.o
 .progmem.data.__c.1778
                0x00000000000009ff       0x18 /var/folders/xx/3qcqnrxj7md526g3lvyld9680000gn/T//1upkeyboards_1up60hse_default.elf.8PAF8D.ltrans0.ltrans.o
 .progmem.data.__c.1783
                0x0000000000000a17       0x18 /var/folders/xx/3qcqnrxj7md526g3lvyld9680000gn/T//1upkeyboards_1up60hse_default.elf.8PAF8D.ltrans0.ltrans.o
 .progmem.data.__c.1799
                0x0000000000000a2f       0x13 /var/folders/xx/3qcqnrxj7md526g3lvyld9680000gn/T//1upkeyboards_1up60hse_default.elf.8PAF8D.ltrans0.ltrans.o
 .progmem.data.__c.1794
                0x0000000000000a42       0x12 /var/folders/xx/3qcqnrxj7md526g3lvyld9680000gn/T//1upkeyboards_1up60hse_default.elf.8PAF8D.ltrans0.ltrans.o
 .progmem.data.__c.1789
                0x0000000000000a54       0x16 /var/folders/xx/3qcqnrxj7md526g3lvyld9680000gn/T//1upkeyboards_1up60hse_default.elf.8PAF8D.ltrans0.ltrans.o
 .progmem.data.__c.1807
                0x0000000000000a6a       0x14 /var/folders/xx/3qcqnrxj7md526g3lvyld9680000gn/T//1upkeyboards_1up60hse_default.elf.8PAF8D.ltrans0.ltrans.o
 .progmem.data.__c.3795
                0x0000000000000a7e        0x2 /var/folders/xx/3qcqnrxj7md526g3lvyld9680000gn/T//1upkeyboards_1up60hse_default.elf.8PAF8D.ltrans0.ltrans.o
 .progmem.data.__c.3797
                0x0000000000000a80        0x4 /var/folders/xx/3qcqnrxj7md526g3lvyld9680000gn/T//1upkeyboards_1up60hse_default.elf.8PAF8D.ltrans0.ltrans.o
 .progmem.data.__c.2037
                0x0000000000000a84        0x2 /var/folders/xx/3qcqnrxj7md526g3lvyld9680000gn/T//1upkeyboards_1up60hse_default.elf.8PAF8D.ltrans0.ltrans.o
 .progmem.data.__c.2032
                0x0000000000000a86        0x6 /var/folders/xx/3qcqnrxj7md526g3lvyld9680000gn/T//1upkeyboards_1up60hse_default.elf.8PAF8D.ltrans0.ltrans.o
 .progmem.data.__c.2029
                0x0000000000000a8c       0x12 /var/folders/xx/3qcqnrxj7md526g3lvyld9680000gn/T//1upkeyboards_1up60hse_default.elf.8PAF8D.ltrans0.ltrans.o
 .progmem.data.__c.3730
                0x0000000000000a9e        0x2 /var/folders/xx/3qcqnrxj7md526g3lvyld9680000gn/T//1upkeyboards_1up60hse_default.elf.8PAF8D.ltrans0.ltrans.o
 .progmem.data.__c.3728
                0x0000000000000aa0        0x3 /var/folders/xx/3qcqnrxj7md526g3lvyld9680000gn/T//1upkeyboards_1up60hse_default.elf.8PAF8D.ltrans0.ltrans.o
 .progmem.data.__c.3726
                0x0000000000000aa3        0x9 /var/folders/xx/3qcqnrxj7md526g3lvyld9680000gn/T//1upkeyboards_1up60hse_default.elf.8PAF8D.ltrans0.ltrans.o
 .progmem.data.__c.3724
                0x0000000000000aac        0x2 /var/folders/xx/3qcqnrxj7md526g3lvyld9680000gn/T//1upkeyboards_1up60hse_default.elf.8PAF8D.ltrans0.ltrans.o
 .progmem.data.__c.3722
                0x0000000000000aae        0x3 /var/folders/xx/3qcqnrxj7md526g3lvyld9680000gn/T//1upkeyboards_1up60hse_default.elf.8PAF8D.ltrans0.ltrans.o
 .progmem.data.__c.3720
                0x0000000000000ab1        0xa /var/folders/xx/3qcqnrxj7md526g3lvyld9680000gn/T//1upkeyboards_1up60hse_default.elf.8PAF8D.ltrans0.ltrans.o
 .progmem.data.__c.3718
                0x0000000000000abb        0x2 /var/folders/xx/3qcqnrxj7md526g3lvyld9680000gn/T//1upkeyboards_1up60hse_default.elf.8PAF8D.ltrans0.ltrans.o
 .progmem.data.__c.3716
                0x0000000000000abd        0x5 /var/folders/xx/3qcqnrxj7md526g3lvyld9680000gn/T//1upkeyboards_1up60hse_default.elf.8PAF8D.ltrans0.ltrans.o
 .progmem.data.__c.3714
                0x0000000000000ac2       0x17 /var/folders/xx/3qcqnrxj7md526g3lvyld9680000gn/T//1upkeyboards_1up60hse_default.elf.8PAF8D.ltrans0.ltrans.o
 .progmem.data.__c.3711
                0x0000000000000ad9        0x2 /var/folders/xx/3qcqnrxj7md526g3lvyld9680000gn/T//1upkeyboards_1up60hse_default.elf.8PAF8D.ltrans0.ltrans.o
 .progmem.data.__c.3709
                0x0000000000000adb        0x3 /var/folders/xx/3qcqnrxj7md526g3lvyld9680000gn/T//1upkeyboards_1up60hse_default.elf.8PAF8D.ltrans0.ltrans.o
 .progmem.data.__c.3707
                0x0000000000000ade        0x8 /var/folders/xx/3qcqnrxj7md526g3lvyld9680000gn/T//1upkeyboards_1up60hse_default.elf.8PAF8D.ltrans0.ltrans.o
 .progmem.data.__c.3705
                0x0000000000000ae6        0x2 /var/folders/xx/3qcqnrxj7md526g3lvyld9680000gn/T//1upkeyboards_1up60hse_default.elf.8PAF8D.ltrans0.ltrans.o
 .progmem.data.__c.3703
                0x0000000000000ae8        0x3 /var/folders/xx/3qcqnrxj7md526g3lvyld9680000gn/T//1upkeyboards_1up60hse_default.elf.8PAF8D.ltrans0.ltrans.o
 .progmem.data.__c.3701
                0x0000000000000aeb       0x1c /var/folders/xx/3qcqnrxj7md526g3lvyld9680000gn/T//1upkeyboards_1up60hse_default.elf.8PAF8D.ltrans0.ltrans.o
 .progmem.data.__c.3699
                0x0000000000000b07        0x2 /var/folders/xx/3qcqnrxj7md526g3lvyld9680000gn/T//1upkeyboards_1up60hse_default.elf.8PAF8D.ltrans0.ltrans.o
 .progmem.data.__c.3697
                0x0000000000000b09        0x3 /var/folders/xx/3qcqnrxj7md526g3lvyld9680000gn/T//1upkeyboards_1up60hse_default.elf.8PAF8D.ltrans0.ltrans.o
 .progmem.data.__c.3695
                0x0000000000000b0c       0x12 /var/folders/xx/3qcqnrxj7md526g3lvyld9680000gn/T//1upkeyboards_1up60hse_default.elf.8PAF8D.ltrans0.ltrans.o
 .progmem.data.__c.3693
                0x0000000000000b1e        0x2 /var/folders/xx/3qcqnrxj7md526g3lvyld9680000gn/T//1upkeyboards_1up60hse_default.elf.8PAF8D.ltrans0.ltrans.o
 .progmem.data.__c.3691
                0x0000000000000b20        0x3 /var/folders/xx/3qcqnrxj7md526g3lvyld9680000gn/T//1upkeyboards_1up60hse_default.elf.8PAF8D.ltrans0.ltrans.o
 .progmem.data.__c.3689
                0x0000000000000b23        0xa /var/folders/xx/3qcqnrxj7md526g3lvyld9680000gn/T//1upkeyboards_1up60hse_default.elf.8PAF8D.ltrans0.ltrans.o
 .progmem.data.__c.3687
                0x0000000000000b2d        0x2 /var/folders/xx/3qcqnrxj7md526g3lvyld9680000gn/T//1upkeyboards_1up60hse_default.elf.8PAF8D.ltrans0.ltrans.o
 .progmem.data.__c.3685
                0x0000000000000b2f        0x3 /var/folders/xx/3qcqnrxj7md526g3lvyld9680000gn/T//1upkeyboards_1up60hse_default.elf.8PAF8D.ltrans0.ltrans.o
 .progmem.data.__c.3683
                0x0000000000000b32       0x12 /var/folders/xx/3qcqnrxj7md526g3lvyld9680000gn/T//1upkeyboards_1up60hse_default.elf.8PAF8D.ltrans0.ltrans.o
 .progmem.data.__c.3681
                0x0000000000000b44        0x2 /var/folders/xx/3qcqnrxj7md526g3lvyld9680000gn/T//1upkeyboards_1up60hse_default.elf.8PAF8D.ltrans0.ltrans.o
 .progmem.data.__c.3679
                0x0000000000000b46        0x3 /var/folders/xx/3qcqnrxj7md526g3lvyld9680000gn/T//1upkeyboards_1up60hse_default.elf.8PAF8D.ltrans0.ltrans.o
 .progmem.data.__c.3677
                0x0000000000000b49       0x12 /var/folders/xx/3qcqnrxj7md526g3lvyld9680000gn/T//1upkeyboards_1up60hse_default.elf.8PAF8D.ltrans0.ltrans.o
 .progmem.data.__c.3675
                0x0000000000000b5b        0x2 /var/folders/xx/3qcqnrxj7md526g3lvyld9680000gn/T//1upkeyboards_1up60hse_default.elf.8PAF8D.ltrans0.ltrans.o
 .progmem.data.__c.3673
                0x0000000000000b5d        0x3 /var/folders/xx/3qcqnrxj7md526g3lvyld9680000gn/T//1upkeyboards_1up60hse_default.elf.8PAF8D.ltrans0.ltrans.o
 .progmem.data.__c.3671
                0x0000000000000b60       0x17 /var/folders/xx/3qcqnrxj7md526g3lvyld9680000gn/T//1upkeyboards_1up60hse_default.elf.8PAF8D.ltrans0.ltrans.o
 .progmem.data.__c.3669
                0x0000000000000b77        0x2 /var/folders/xx/3qcqnrxj7md526g3lvyld9680000gn/T//1upkeyboards_1up60hse_default.elf.8PAF8D.ltrans0.ltrans.o
 .progmem.data.__c.3667
                0x0000000000000b79        0x3 /var/folders/xx/3qcqnrxj7md526g3lvyld9680000gn/T//1upkeyboards_1up60hse_default.elf.8PAF8D.ltrans0.ltrans.o
 .progmem.data.__c.3665
                0x0000000000000b7c       0x19 /var/folders/xx/3qcqnrxj7md526g3lvyld9680000gn/T//1upkeyboards_1up60hse_default.elf.8PAF8D.ltrans0.ltrans.o
 .progmem.data.__c.3663
                0x0000000000000b95        0x2 /var/folders/xx/3qcqnrxj7md526g3lvyld9680000gn/T//1upkeyboards_1up60hse_default.elf.8PAF8D.ltrans0.ltrans.o
 .progmem.data.__c.3661
                0x0000000000000b97        0x5 /var/folders/xx/3qcqnrxj7md526g3lvyld9680000gn/T//1upkeyboards_1up60hse_default.elf.8PAF8D.ltrans0.ltrans.o
 .progmem.data.__c.3659
                0x0000000000000b9c       0x14 /var/folders/xx/3qcqnrxj7md526g3lvyld9680000gn/T//1upkeyboards_1up60hse_default.elf.8PAF8D.ltrans0.ltrans.o
 .progmem.data.__c.3656
                0x0000000000000bb0        0x2 /var/folders/xx/3qcqnrxj7md526g3lvyld9680000gn/T//1upkeyboards_1up60hse_default.elf.8PAF8D.ltrans0.ltrans.o
 .progmem.data.__c.3654
                0x0000000000000bb2        0x3 /var/folders/xx/3qcqnrxj7md526g3lvyld9680000gn/T//1upkeyboards_1up60hse_default.elf.8PAF8D.ltrans0.ltrans.o
 .progmem.data.__c.3652
                0x0000000000000bb5        0x9 /var/folders/xx/3qcqnrxj7md526g3lvyld9680000gn/T//1upkeyboards_1up60hse_default.elf.8PAF8D.ltrans0.ltrans.o
 .progmem.data.__c.3650
                0x0000000000000bbe        0x2 /var/folders/xx/3qcqnrxj7md526g3lvyld9680000gn/T//1upkeyboards_1up60hse_default.elf.8PAF8D.ltrans0.ltrans.o
 .progmem.data.__c.3648
                0x0000000000000bc0        0x3 /var/folders/xx/3qcqnrxj7md526g3lvyld9680000gn/T//1upkeyboards_1up60hse_default.elf.8PAF8D.ltrans0.ltrans.o
 .progmem.data.__c.3646
                0x0000000000000bc3        0xc /var/folders/xx/3qcqnrxj7md526g3lvyld9680000gn/T//1upkeyboards_1up60hse_default.elf.8PAF8D.ltrans0.ltrans.o
 .progmem.data.__c.3644
                0x0000000000000bcf        0x2 /var/folders/xx/3qcqnrxj7md526g3lvyld9680000gn/T//1upkeyboards_1up60hse_default.elf.8PAF8D.ltrans0.ltrans.o
 .progmem.data.__c.3642
                0x0000000000000bd1        0x3 /var/folders/xx/3qcqnrxj7md526g3lvyld9680000gn/T//1upkeyboards_1up60hse_default.elf.8PAF8D.ltrans0.ltrans.o
 .progmem.data.__c.3640
                0x0000000000000bd4        0xa /var/folders/xx/3qcqnrxj7md526g3lvyld9680000gn/T//1upkeyboards_1up60hse_default.elf.8PAF8D.ltrans0.ltrans.o
 .progmem.data.__c.3638
                0x0000000000000bde        0x2 /var/folders/xx/3qcqnrxj7md526g3lvyld9680000gn/T//1upkeyboards_1up60hse_default.elf.8PAF8D.ltrans0.ltrans.o
 .progmem.data.__c.3636
                0x0000000000000be0        0x3 /var/folders/xx/3qcqnrxj7md526g3lvyld9680000gn/T//1upkeyboards_1up60hse_default.elf.8PAF8D.ltrans0.ltrans.o
 .progmem.data.__c.3634
                0x0000000000000be3        0xa /var/folders/xx/3qcqnrxj7md526g3lvyld9680000gn/T//1upkeyboards_1up60hse_default.elf.8PAF8D.ltrans0.ltrans.o
 .progmem.data.__c.3632
                0x0000000000000bed        0x2 /var/folders/xx/3qcqnrxj7md526g3lvyld9680000gn/T//1upkeyboards_1up60hse_default.elf.8PAF8D.ltrans0.ltrans.o
 .progmem.data.__c.3630
                0x0000000000000bef        0x5 /var/folders/xx/3qcqnrxj7md526g3lvyld9680000gn/T//1upkeyboards_1up60hse_default.elf.8PAF8D.ltrans0.ltrans.o
 .progmem.data.__c.3628
                0x0000000000000bf4       0x13 /var/folders/xx/3qcqnrxj7md526g3lvyld9680000gn/T//1upkeyboards_1up60hse_default.elf.8PAF8D.ltrans0.ltrans.o
 .progmem.data.__c.3625
                0x0000000000000c07        0x2 /var/folders/xx/3qcqnrxj7md526g3lvyld9680000gn/T//1upkeyboards_1up60hse_default.elf.8PAF8D.ltrans0.ltrans.o
 .progmem.data.__c.3623
                0x0000000000000c09        0x3 /var/folders/xx/3qcqnrxj7md526g3lvyld9680000gn/T//1upkeyboards_1up60hse_default.elf.8PAF8D.ltrans0.ltrans.o
 .progmem.data.__c.3621
                0x0000000000000c0c       0x10 /var/folders/xx/3qcqnrxj7md526g3lvyld9680000gn/T//1upkeyboards_1up60hse_default.elf.8PAF8D.ltrans0.ltrans.o
 .progmem.data.__c.3588.lto_priv.2
                0x0000000000000c1c      0x1a3 /var/folders/xx/3qcqnrxj7md526g3lvyld9680000gn/T//1upkeyboards_1up60hse_default.elf.8PAF8D.ltrans0.ltrans.o
 .progmem.data.__c.3784
                0x0000000000000dbf       0x1b /var/folders/xx/3qcqnrxj7md526g3lvyld9680000gn/T//1upkeyboards_1up60hse_default.elf.8PAF8D.ltrans0.ltrans.o
 .progmem.data.__c.3603
                0x0000000000000dda       0x2b /var/folders/xx/3qcqnrxj7md526g3lvyld9680000gn/T//1upkeyboards_1up60hse_default.elf.8PAF8D.ltrans0.ltrans.o
 .progmem.data.__c.3601
                0x0000000000000e05       0x2d /var/folders/xx/3qcqnrxj7md526g3lvyld9680000gn/T//1upkeyboards_1up60hse_default.elf.8PAF8D.ltrans0.ltrans.o
 .progmem.data.__c.3599
                0x0000000000000e32       0x2e /var/folders/xx/3qcqnrxj7md526g3lvyld9680000gn/T//1upkeyboards_1up60hse_default.elf.8PAF8D.ltrans0.ltrans.o
 .progmem.data.__c.3597.lto_priv.1
                0x0000000000000e60       0x3d /var/folders/xx/3qcqnrxj7md526g3lvyld9680000gn/T//1upkeyboards_1up60hse_default.elf.8PAF8D.ltrans0.ltrans.o
 .progmem.data.__c.3595.lto_priv.1
                0x0000000000000e9d       0x1d /var/folders/xx/3qcqnrxj7md526g3lvyld9680000gn/T//1upkeyboards_1up60hse_default.elf.8PAF8D.ltrans0.ltrans.o
 .progmem.data.__c.3593.lto_priv.1
                0x0000000000000eba        0xf /var/folders/xx/3qcqnrxj7md526g3lvyld9680000gn/T//1upkeyboards_1up60hse_default.elf.8PAF8D.ltrans0.ltrans.o
 .progmem.data.__c.3616.lto_priv.1
                0x0000000000000ec9       0x17 /var/folders/xx/3qcqnrxj7md526g3lvyld9680000gn/T//1upkeyboards_1up60hse_default.elf.8PAF8D.ltrans0.ltrans.o
 .progmem.data.__c.3614.lto_priv.1
                0x0000000000000ee0       0x13 /var/folders/xx/3qcqnrxj7md526g3lvyld9680000gn/T//1upkeyboards_1up60hse_default.elf.8PAF8D.ltrans0.ltrans.o
 .progmem.data.__c.3612.lto_priv.2
                0x0000000000000ef3       0x17 /var/folders/xx/3qcqnrxj7md526g3lvyld9680000gn/T//1upkeyboards_1up60hse_default.elf.8PAF8D.ltrans0.ltrans.o
 .progmem.data.__c.3610.lto_priv.2
                0x0000000000000f0a       0x1a /var/folders/xx/3qcqnrxj7md526g3lvyld9680000gn/T//1upkeyboards_1up60hse_default.elf.8PAF8D.ltrans0.ltrans.o
 .progmem.data.__c.3608.lto_priv.1
                0x0000000000000f24        0xe /var/folders/xx/3qcqnrxj7md526g3lvyld9680000gn/T//1upkeyboards_1up60hse_default.elf.8PAF8D.ltrans0.ltrans.o
 .progmem.data.__c.3779
                0x0000000000000f32        0x2 /var/folders/xx/3qcqnrxj7md526g3lvyld9680000gn/T//1upkeyboards_1up60hse_default.elf.8PAF8D.ltrans0.ltrans.o
 .progmem.data.__c.3769
                0x0000000000000f34        0xd /var/folders/xx/3qcqnrxj7md526g3lvyld9680000gn/T//1upkeyboards_1up60hse_default.elf.8PAF8D.ltrans0.ltrans.o
 .progmem.data.__c.3767
                0x0000000000000f41        0xc /var/folders/xx/3qcqnrxj7md526g3lvyld9680000gn/T//1upkeyboards_1up60hse_default.elf.8PAF8D.ltrans0.ltrans.o
 .progmem.data.__c.3764
                0x0000000000000f4d       0x10 /var/folders/xx/3qcqnrxj7md526g3lvyld9680000gn/T//1upkeyboards_1up60hse_default.elf.8PAF8D.ltrans0.ltrans.o
 .progmem.data.__c.3762
                0x0000000000000f5d        0xf /var/folders/xx/3qcqnrxj7md526g3lvyld9680000gn/T//1upkeyboards_1up60hse_default.elf.8PAF8D.ltrans0.ltrans.o
 .progmem.data.__c.3759
                0x0000000000000f6c        0xe /var/folders/xx/3qcqnrxj7md526g3lvyld9680000gn/T//1upkeyboards_1up60hse_default.elf.8PAF8D.ltrans0.ltrans.o
 .progmem.data.__c.3757
                0x0000000000000f7a        0xd /var/folders/xx/3qcqnrxj7md526g3lvyld9680000gn/T//1upkeyboards_1up60hse_default.elf.8PAF8D.ltrans0.ltrans.o
 .progmem.data.__c.3754
                0x0000000000000f87        0xd /var/folders/xx/3qcqnrxj7md526g3lvyld9680000gn/T//1upkeyboards_1up60hse_default.elf.8PAF8D.ltrans0.ltrans.o
 .progmem.data.__c.3752
                0x0000000000000f94        0xc /var/folders/xx/3qcqnrxj7md526g3lvyld9680000gn/T//1upkeyboards_1up60hse_default.elf.8PAF8D.ltrans0.ltrans.o
 .progmem.data.__c.3749
                0x0000000000000fa0       0x1c /var/folders/xx/3qcqnrxj7md526g3lvyld9680000gn/T//1upkeyboards_1up60hse_default.elf.8PAF8D.ltrans0.ltrans.o
 .progmem.data.__c.3745
                0x0000000000000fbc        0x4 /var/folders/xx/3qcqnrxj7md526g3lvyld9680000gn/T//1upkeyboards_1up60hse_default.elf.8PAF8D.ltrans0.ltrans.o
 .progmem.data.__c.3740
                0x0000000000000fc0       0x11 /var/folders/xx/3qcqnrxj7md526g3lvyld9680000gn/T//1upkeyboards_1up60hse_default.elf.8PAF8D.ltrans0.ltrans.o
 .progmem.data.__c.3736
                0x0000000000000fd1        0xb /var/folders/xx/3qcqnrxj7md526g3lvyld9680000gn/T//1upkeyboards_1up60hse_default.elf.8PAF8D.ltrans0.ltrans.o
 .progmem.data.__c.3815
                0x0000000000000fdc        0x5 /var/folders/xx/3qcqnrxj7md526g3lvyld9680000gn/T//1upkeyboards_1up60hse_default.elf.8PAF8D.ltrans0.ltrans.o
 .progmem.data.__c.2791
                0x0000000000000fe1       0x1c /var/folders/xx/3qcqnrxj7md526g3lvyld9680000gn/T//1upkeyboards_1up60hse_default.elf.8PAF8D.ltrans0.ltrans.o
 .progmem.data.__c.2789
                0x0000000000000ffd       0x1a /var/folders/xx/3qcqnrxj7md526g3lvyld9680000gn/T//1upkeyboards_1up60hse_default.elf.8PAF8D.ltrans0.ltrans.o
 .progmem.data.__c.2787
                0x0000000000001017       0x1a /var/folders/xx/3qcqnrxj7md526g3lvyld9680000gn/T//1upkeyboards_1up60hse_default.elf.8PAF8D.ltrans0.ltrans.o
 .progmem.data.__c.2785
                0x0000000000001031       0x1a /var/folders/xx/3qcqnrxj7md526g3lvyld9680000gn/T//1upkeyboards_1up60hse_default.elf.8PAF8D.ltrans0.ltrans.o
 .progmem.data.__c.2783
                0x000000000000104b       0x1b /var/folders/xx/3qcqnrxj7md526g3lvyld9680000gn/T//1upkeyboards_1up60hse_default.elf.8PAF8D.ltrans0.ltrans.o
 .progmem.data.__c.2781
                0x0000000000001066       0x1d /var/folders/xx/3qcqnrxj7md526g3lvyld9680000gn/T//1upkeyboards_1up60hse_default.elf.8PAF8D.ltrans0.ltrans.o
 .progmem.data.__c.2779
                0x0000000000001083       0x19 /var/folders/xx/3qcqnrxj7md526g3lvyld9680000gn/T//1upkeyboards_1up60hse_default.elf.8PAF8D.ltrans0.ltrans.o
 .progmem.data.__c.2802
                0x000000000000109c       0x49 /var/folders/xx/3qcqnrxj7md526g3lvyld9680000gn/T//1upkeyboards_1up60hse_default.elf.8PAF8D.ltrans0.ltrans.o
 .progmem.data.__c.2800
                0x00000000000010e5       0x28 /var/folders/xx/3qcqnrxj7md526g3lvyld9680000gn/T//1upkeyboards_1up60hse_default.elf.8PAF8D.ltrans0.ltrans.o
 .progmem.data.__c.2798
                0x000000000000110d       0x16 /var/folders/xx/3qcqnrxj7md526g3lvyld9680000gn/T//1upkeyboards_1up60hse_default.elf.8PAF8D.ltrans0.ltrans.o
 .progmem.data.__c.2796
                0x0000000000001123       0x17 /var/folders/xx/3qcqnrxj7md526g3lvyld9680000gn/T//1upkeyboards_1up60hse_default.elf.8PAF8D.ltrans0.ltrans.o
 .progmem.data.__c.2883
                0x000000000000113a       0x3a /var/folders/xx/3qcqnrxj7md526g3lvyld9680000gn/T//1upkeyboards_1up60hse_default.elf.8PAF8D.ltrans0.ltrans.o
 .progmem.data.__c.3597.lto_priv.0
                0x0000000000001174        0x2 /var/folders/xx/3qcqnrxj7md526g3lvyld9680000gn/T//1upkeyboards_1up60hse_default.elf.8PAF8D.ltrans0.ltrans.o
 .progmem.data.__c.3595.lto_priv.0
                0x0000000000001176        0x6 /var/folders/xx/3qcqnrxj7md526g3lvyld9680000gn/T//1upkeyboards_1up60hse_default.elf.8PAF8D.ltrans0.ltrans.o
 .progmem.data.__c.3593.lto_priv.0
                0x000000000000117c        0x3 /var/folders/xx/3qcqnrxj7md526g3lvyld9680000gn/T//1upkeyboards_1up60hse_default.elf.8PAF8D.ltrans0.ltrans.o
 .progmem.data.__c.3591
                0x000000000000117f        0x5 /var/folders/xx/3qcqnrxj7md526g3lvyld9680000gn/T//1upkeyboards_1up60hse_default.elf.8PAF8D.ltrans0.ltrans.o
 .progmem.data.__c.3588.lto_priv.1
                0x0000000000001184       0x17 /var/folders/xx/3qcqnrxj7md526g3lvyld9680000gn/T//1upkeyboards_1up60hse_default.elf.8PAF8D.ltrans0.ltrans.o
 .progmem.data.__c.3099
                0x000000000000119b        0x2 /var/folders/xx/3qcqnrxj7md526g3lvyld9680000gn/T//1upkeyboards_1up60hse_default.elf.8PAF8D.ltrans0.ltrans.o
 .progmem.data.__c.3097
                0x000000000000119d        0x5 /var/folders/xx/3qcqnrxj7md526g3lvyld9680000gn/T//1upkeyboards_1up60hse_default.elf.8PAF8D.ltrans0.ltrans.o
 .progmem.data.__c.3095
                0x00000000000011a2       0x13 /var/folders/xx/3qcqnrxj7md526g3lvyld9680000gn/T//1upkeyboards_1up60hse_default.elf.8PAF8D.ltrans0.ltrans.o
 .progmem.data.__c.6087
                0x00000000000011b5        0x4 /var/folders/xx/3qcqnrxj7md526g3lvyld9680000gn/T//1upkeyboards_1up60hse_default.elf.8PAF8D.ltrans0.ltrans.o
 .progmem.data.__c.6085
                0x00000000000011b9       0x11 /var/folders/xx/3qcqnrxj7md526g3lvyld9680000gn/T//1upkeyboards_1up60hse_default.elf.8PAF8D.ltrans0.ltrans.o
 .progmem.data.__c.5962
                0x00000000000011ca        0x4 /var/folders/xx/3qcqnrxj7md526g3lvyld9680000gn/T//1upkeyboards_1up60hse_default.elf.8PAF8D.ltrans0.ltrans.o
 .progmem.data.__c.5967
                0x00000000000011ce        0x4 /var/folders/xx/3qcqnrxj7md526g3lvyld9680000gn/T//1upkeyboards_1up60hse_default.elf.8PAF8D.ltrans0.ltrans.o
 .progmem.data.__c.5976
                0x00000000000011d2        0x4 /var/folders/xx/3qcqnrxj7md526g3lvyld9680000gn/T//1upkeyboards_1up60hse_default.elf.8PAF8D.ltrans0.ltrans.o
 .progmem.data.__c.2873
                0x00000000000011d6       0x39 /var/folders/xx/3qcqnrxj7md526g3lvyld9680000gn/T//1upkeyboards_1up60hse_default.elf.8PAF8D.ltrans0.ltrans.o
 .progmem.data.__c.5980
                0x000000000000120f        0x4 /var/folders/xx/3qcqnrxj7md526g3lvyld9680000gn/T//1upkeyboards_1up60hse_default.elf.8PAF8D.ltrans0.ltrans.o
 .progmem.data.__c.5972
                0x0000000000001213        0x4 /var/folders/xx/3qcqnrxj7md526g3lvyld9680000gn/T//1upkeyboards_1up60hse_default.elf.8PAF8D.ltrans0.ltrans.o
 .progmem.data.ConfigurationDescriptor
                0x0000000000001217       0x5b /var/folders/xx/3qcqnrxj7md526g3lvyld9680000gn/T//1upkeyboards_1up60hse_default.elf.8PAF8D.ltrans0.ltrans.o
 .progmem.data.DeviceDescriptor
                0x0000000000001272       0x12 /var/folders/xx/3qcqnrxj7md526g3lvyld9680000gn/T//1upkeyboards_1up60hse_default.elf.8PAF8D.ltrans0.ltrans.o
 .progmem.data.SerialNumberString
                0x0000000000001284        0x6 /var/folders/xx/3qcqnrxj7md526g3lvyld9680000gn/T//1upkeyboards_1up60hse_default.elf.8PAF8D.ltrans0.ltrans.o
 .progmem.data.ProductString
                0x000000000000128a       0x14 /var/folders/xx/3qcqnrxj7md526g3lvyld9680000gn/T//1upkeyboards_1up60hse_default.elf.8PAF8D.ltrans0.ltrans.o
 .progmem.data.ManufacturerString
                0x000000000000129e       0x1c /var/folders/xx/3qcqnrxj7md526g3lvyld9680000gn/T//1upkeyboards_1up60hse_default.elf.8PAF8D.ltrans0.ltrans.o
 .progmem.data.LanguageString
                0x00000000000012ba        0x4 /var/folders/xx/3qcqnrxj7md526g3lvyld9680000gn/T//1upkeyboards_1up60hse_default.elf.8PAF8D.ltrans0.ltrans.o
                0x00000000000012be                . = ALIGN (0x2)
 *(.lowtext)
 *(.lowtext*)
                0x00000000000012be                __ctors_start = .
 *(.ctors)
                0x00000000000012be                __ctors_end = .
                0x00000000000012be                __dtors_start = .
 *(.dtors)
                0x00000000000012be                __dtors_end = .
 SORT_BY_NAME(*)(.ctors)
 SORT_BY_NAME(*)(.dtors)
 *(.init0)
 .init0         0x00000000000012be        0x0 /usr/local/Cellar/avr-gcc/9.2.0/lib/avr-gcc/9/gcc/avr/9.2.0/../../../../../../avr/lib/avr5/crtatmega32u4.o
                0x00000000000012be                __init
 *(.init0)
 *(.init1)
 *(.init1)
 *(.init2)
 .init2         0x00000000000012be        0xc /usr/local/Cellar/avr-gcc/9.2.0/lib/avr-gcc/9/gcc/avr/9.2.0/../../../../../../avr/lib/avr5/crtatmega32u4.o
 *(.init2)
 *(.init3)
 .init3         0x00000000000012ca       0x54 /var/folders/xx/3qcqnrxj7md526g3lvyld9680000gn/T//1upkeyboards_1up60hse_default.elf.8PAF8D.ltrans0.ltrans.o
                0x00000000000012ca                bootloader_jump_after_watchdog_reset
 *(.init3)
 *(.init4)
 .init4         0x000000000000131e       0x16 /usr/local/Cellar/avr-gcc/9.2.0/lib/avr-gcc/9/gcc/avr/9.2.0/avr5/libgcc.a(_copy_data.o)
                0x000000000000131e                __do_copy_data
 .init4         0x0000000000001334       0x10 /usr/local/Cellar/avr-gcc/9.2.0/lib/avr-gcc/9/gcc/avr/9.2.0/avr5/libgcc.a(_clear_bss.o)
                0x0000000000001334                __do_clear_bss
 *(.init4)
 *(.init5)
 *(.init5)
 *(.init6)
 *(.init6)
 *(.init7)
 *(.init7)
 *(.init8)
 *(.init8)
 *(.init9)
 .init9         0x0000000000001344        0x8 /usr/local/Cellar/avr-gcc/9.2.0/lib/avr-gcc/9/gcc/avr/9.2.0/../../../../../../avr/lib/avr5/crtatmega32u4.o
 *(.init9)
 *(.text)
 .text          0x000000000000134c        0x4 /usr/local/Cellar/avr-gcc/9.2.0/lib/avr-gcc/9/gcc/avr/9.2.0/../../../../../../avr/lib/avr5/crtatmega32u4.o
                0x000000000000134c                __vector_42
                0x000000000000134c                __vector_22
                0x000000000000134c                __vector_28
                0x000000000000134c                __vector_1
                0x000000000000134c                __vector_32
                0x000000000000134c                __vector_34
                0x000000000000134c                __vector_24
                0x000000000000134c                __bad_interrupt
                0x000000000000134c                __vector_6
                0x000000000000134c                __vector_31
                0x000000000000134c                __vector_35
                0x000000000000134c                __vector_39
                0x000000000000134c                __vector_3
                0x000000000000134c                __vector_23
                0x000000000000134c                __vector_30
                0x000000000000134c                __vector_25
                0x000000000000134c                __vector_13
                0x000000000000134c                __vector_17
                0x000000000000134c                __vector_19
                0x000000000000134c                __vector_7
                0x000000000000134c                __vector_41
                0x000000000000134c                __vector_27
                0x000000000000134c                __vector_5
                0x000000000000134c                __vector_33
                0x000000000000134c                __vector_37
                0x000000000000134c                __vector_4
                0x000000000000134c                __vector_9
                0x000000000000134c                __vector_2
                0x000000000000134c                __vector_15
                0x000000000000134c                __vector_36
                0x000000000000134c                __vector_29
                0x000000000000134c                __vector_40
                0x000000000000134c                __vector_8
                0x000000000000134c                __vector_26
                0x000000000000134c                __vector_14
                0x000000000000134c                __vector_16
                0x000000000000134c                __vector_18
                0x000000000000134c                __vector_20
                0x000000000000134c                __vector_38
 .text          0x0000000000001350      0x15c .build/obj_1upkeyboards_1up60hse_default/common/avr/xprintf.o
                0x0000000000001350                xputc
                0x0000000000001368                xputs
                0x0000000000001376                xitoa
                0x000000000000149a                __xprintf
                0x00000000000014ac                . = ALIGN (0x2)
 *(.text.*)
 .text.USB_Disable
                0x00000000000014ac       0x3e /var/folders/xx/3qcqnrxj7md526g3lvyld9680000gn/T//1upkeyboards_1up60hse_default.elf.8PAF8D.ltrans0.ltrans.o
 .text.Endpoint_WaitUntilReady
                0x00000000000014ea       0x62 /var/folders/xx/3qcqnrxj7md526g3lvyld9680000gn/T//1upkeyboards_1up60hse_default.elf.8PAF8D.ltrans0.ltrans.o
 .text.Endpoint_Write_Stream_LE.constprop.0
                0x000000000000154c       0x54 /var/folders/xx/3qcqnrxj7md526g3lvyld9680000gn/T//1upkeyboards_1up60hse_default.elf.8PAF8D.ltrans0.ltrans.o
 .text.Endpoint_ClearStatusStage
                0x00000000000015a0       0x3e /var/folders/xx/3qcqnrxj7md526g3lvyld9680000gn/T//1upkeyboards_1up60hse_default.elf.8PAF8D.ltrans0.ltrans.o
 .text.Endpoint_ConfigureEndpoint_Prv
                0x00000000000015de       0x64 /var/folders/xx/3qcqnrxj7md526g3lvyld9680000gn/T//1upkeyboards_1up60hse_default.elf.8PAF8D.ltrans0.ltrans.o
 .text.USB_Init
                0x0000000000001642       0xc2 /var/folders/xx/3qcqnrxj7md526g3lvyld9680000gn/T//1upkeyboards_1up60hse_default.elf.8PAF8D.ltrans0.ltrans.o
 .text.Endpoint_Write_Control_Stream_LE
                0x0000000000001704       0xb4 /var/folders/xx/3qcqnrxj7md526g3lvyld9680000gn/T//1upkeyboards_1up60hse_default.elf.8PAF8D.ltrans0.ltrans.o
 .text.send_mouse
                0x00000000000017b8        0x2 /var/folders/xx/3qcqnrxj7md526g3lvyld9680000gn/T//1upkeyboards_1up60hse_default.elf.8PAF8D.ltrans0.ltrans.o
 .text.keyboard_leds
                0x00000000000017ba        0x6 /var/folders/xx/3qcqnrxj7md526g3lvyld9680000gn/T//1upkeyboards_1up60hse_default.elf.8PAF8D.ltrans0.ltrans.o
 .text.timer_elapsed
                0x00000000000017c0       0x4a /var/folders/xx/3qcqnrxj7md526g3lvyld9680000gn/T//1upkeyboards_1up60hse_default.elf.8PAF8D.ltrans0.ltrans.o
 .text.timer_read
                0x000000000000180a       0x18 /var/folders/xx/3qcqnrxj7md526g3lvyld9680000gn/T//1upkeyboards_1up60hse_default.elf.8PAF8D.ltrans0.ltrans.o
 .text.bitrev   0x0000000000001822       0x28 /var/folders/xx/3qcqnrxj7md526g3lvyld9680000gn/T//1upkeyboards_1up60hse_default.elf.8PAF8D.ltrans0.ltrans.o
 .text.clear_oneshot_mods
                0x000000000000184a        0xc /var/folders/xx/3qcqnrxj7md526g3lvyld9680000gn/T//1upkeyboards_1up60hse_default.elf.8PAF8D.ltrans0.ltrans.o
 .text.del_key  0x0000000000001856       0x1a /var/folders/xx/3qcqnrxj7md526g3lvyld9680000gn/T//1upkeyboards_1up60hse_default.elf.8PAF8D.ltrans0.ltrans.o
 .text.add_key  0x0000000000001870       0x32 /var/folders/xx/3qcqnrxj7md526g3lvyld9680000gn/T//1upkeyboards_1up60hse_default.elf.8PAF8D.ltrans0.ltrans.o
 .text.read_source_layers_cache
                0x00000000000018a2       0x52 /var/folders/xx/3qcqnrxj7md526g3lvyld9680000gn/T//1upkeyboards_1up60hse_default.elf.8PAF8D.ltrans0.ltrans.o
 .text.update_source_layers_cache
                0x00000000000018f4       0x5c /var/folders/xx/3qcqnrxj7md526g3lvyld9680000gn/T//1upkeyboards_1up60hse_default.elf.8PAF8D.ltrans0.ltrans.o
 .text.debug_waiting_buffer
                0x0000000000001950       0x14 /var/folders/xx/3qcqnrxj7md526g3lvyld9680000gn/T//1upkeyboards_1up60hse_default.elf.8PAF8D.ltrans0.ltrans.o
 .text.host_consumer_send
                0x0000000000001964       0x2c /var/folders/xx/3qcqnrxj7md526g3lvyld9680000gn/T//1upkeyboards_1up60hse_default.elf.8PAF8D.ltrans0.ltrans.o
 .text.host_system_send
                0x0000000000001990       0x2c /var/folders/xx/3qcqnrxj7md526g3lvyld9680000gn/T//1upkeyboards_1up60hse_default.elf.8PAF8D.ltrans0.ltrans.o
 .text.host_keyboard_leds
                0x00000000000019bc       0x18 /var/folders/xx/3qcqnrxj7md526g3lvyld9680000gn/T//1upkeyboards_1up60hse_default.elf.8PAF8D.ltrans0.ltrans.o
 .text.rgblight_check_config
                0x00000000000019d4       0x1e /var/folders/xx/3qcqnrxj7md526g3lvyld9680000gn/T//1upkeyboards_1up60hse_default.elf.8PAF8D.ltrans0.ltrans.o
 .text.mod_config
                0x00000000000019f2       0x46 /var/folders/xx/3qcqnrxj7md526g3lvyld9680000gn/T//1upkeyboards_1up60hse_default.elf.8PAF8D.ltrans0.ltrans.o
 .text.action_for_key
                0x0000000000001a38      0x4cc /var/folders/xx/3qcqnrxj7md526g3lvyld9680000gn/T//1upkeyboards_1up60hse_default.elf.8PAF8D.ltrans0.ltrans.o
 .text.layer_switch_get_layer
                0x0000000000001f04       0x84 /var/folders/xx/3qcqnrxj7md526g3lvyld9680000gn/T//1upkeyboards_1up60hse_default.elf.8PAF8D.ltrans0.ltrans.o
 .text.layer_switch_get_action
                0x0000000000001f88       0x18 /var/folders/xx/3qcqnrxj7md526g3lvyld9680000gn/T//1upkeyboards_1up60hse_default.elf.8PAF8D.ltrans0.ltrans.o
 .text.is_tap_key
                0x0000000000001fa0       0x5a /var/folders/xx/3qcqnrxj7md526g3lvyld9680000gn/T//1upkeyboards_1up60hse_default.elf.8PAF8D.ltrans0.ltrans.o
 .text.backlight_set
                0x0000000000001ffa       0xcc /var/folders/xx/3qcqnrxj7md526g3lvyld9680000gn/T//1upkeyboards_1up60hse_default.elf.8PAF8D.ltrans0.ltrans.o
 .text.send_keyboard_report
                0x00000000000020c6       0xd8 /var/folders/xx/3qcqnrxj7md526g3lvyld9680000gn/T//1upkeyboards_1up60hse_default.elf.8PAF8D.ltrans0.ltrans.o
 .text.clear_keyboard_but_mods_and_keys
                0x000000000000219e       0x1c /var/folders/xx/3qcqnrxj7md526g3lvyld9680000gn/T//1upkeyboards_1up60hse_default.elf.8PAF8D.ltrans0.ltrans.o
 .text.layer_state_set
                0x00000000000021ba       0x14 /var/folders/xx/3qcqnrxj7md526g3lvyld9680000gn/T//1upkeyboards_1up60hse_default.elf.8PAF8D.ltrans0.ltrans.o
 .text.layer_off
                0x00000000000021ce       0x6a /var/folders/xx/3qcqnrxj7md526g3lvyld9680000gn/T//1upkeyboards_1up60hse_default.elf.8PAF8D.ltrans0.ltrans.o
 .text.clear_oneshot_layer_state
                0x0000000000002238       0x30 /var/folders/xx/3qcqnrxj7md526g3lvyld9680000gn/T//1upkeyboards_1up60hse_default.elf.8PAF8D.ltrans0.ltrans.o
 .text.layer_on
                0x0000000000002268       0x62 /var/folders/xx/3qcqnrxj7md526g3lvyld9680000gn/T//1upkeyboards_1up60hse_default.elf.8PAF8D.ltrans0.ltrans.o
 .text.default_layer_state_set
                0x00000000000022ca       0x14 /var/folders/xx/3qcqnrxj7md526g3lvyld9680000gn/T//1upkeyboards_1up60hse_default.elf.8PAF8D.ltrans0.ltrans.o
 .text.unregister_mods
                0x00000000000022de       0x16 /var/folders/xx/3qcqnrxj7md526g3lvyld9680000gn/T//1upkeyboards_1up60hse_default.elf.8PAF8D.ltrans0.ltrans.o
 .text.register_mods
                0x00000000000022f4       0x14 /var/folders/xx/3qcqnrxj7md526g3lvyld9680000gn/T//1upkeyboards_1up60hse_default.elf.8PAF8D.ltrans0.ltrans.o
 .text.unregister_code
                0x0000000000002308       0xac /var/folders/xx/3qcqnrxj7md526g3lvyld9680000gn/T//1upkeyboards_1up60hse_default.elf.8PAF8D.ltrans0.ltrans.o
 .text.sendchar
                0x00000000000023b4       0xc4 /var/folders/xx/3qcqnrxj7md526g3lvyld9680000gn/T//1upkeyboards_1up60hse_default.elf.8PAF8D.ltrans0.ltrans.o
 .text.send_consumer
                0x0000000000002478       0x76 /var/folders/xx/3qcqnrxj7md526g3lvyld9680000gn/T//1upkeyboards_1up60hse_default.elf.8PAF8D.ltrans0.ltrans.o
 .text.send_system
                0x00000000000024ee       0x6e /var/folders/xx/3qcqnrxj7md526g3lvyld9680000gn/T//1upkeyboards_1up60hse_default.elf.8PAF8D.ltrans0.ltrans.o
 .text.send_keyboard
                0x000000000000255c       0x76 /var/folders/xx/3qcqnrxj7md526g3lvyld9680000gn/T//1upkeyboards_1up60hse_default.elf.8PAF8D.ltrans0.ltrans.o
 .text.bootloader_jump
                0x00000000000025d2       0x48 /var/folders/xx/3qcqnrxj7md526g3lvyld9680000gn/T//1upkeyboards_1up60hse_default.elf.8PAF8D.ltrans0.ltrans.o
 .text.rgblight_set
                0x000000000000261a       0x6a /var/folders/xx/3qcqnrxj7md526g3lvyld9680000gn/T//1upkeyboards_1up60hse_default.elf.8PAF8D.ltrans0.ltrans.o
 .text.backlight_level
                0x0000000000002684       0x3e /var/folders/xx/3qcqnrxj7md526g3lvyld9680000gn/T//1upkeyboards_1up60hse_default.elf.8PAF8D.ltrans0.ltrans.o
 .text.eeconfig_is_enabled
                0x00000000000026c2       0x16 /var/folders/xx/3qcqnrxj7md526g3lvyld9680000gn/T//1upkeyboards_1up60hse_default.elf.8PAF8D.ltrans0.ltrans.o
 .text.eeconfig_update_rgblight
                0x00000000000026d8       0x28 /var/folders/xx/3qcqnrxj7md526g3lvyld9680000gn/T//1upkeyboards_1up60hse_default.elf.8PAF8D.ltrans0.ltrans.o
 .text.rgblight_sethsv_eeprom_helper
                0x0000000000002700      0x22a /var/folders/xx/3qcqnrxj7md526g3lvyld9680000gn/T//1upkeyboards_1up60hse_default.elf.8PAF8D.ltrans0.ltrans.o
 .text.rgblight_mode_eeprom_helper
                0x000000000000292a       0xa6 /var/folders/xx/3qcqnrxj7md526g3lvyld9680000gn/T//1upkeyboards_1up60hse_default.elf.8PAF8D.ltrans0.ltrans.o
 .text.rgblight_step_reverse
                0x00000000000029d0       0x16 /var/folders/xx/3qcqnrxj7md526g3lvyld9680000gn/T//1upkeyboards_1up60hse_default.elf.8PAF8D.ltrans0.ltrans.o
 .text.rgblight_step
                0x00000000000029e6        0x8 /var/folders/xx/3qcqnrxj7md526g3lvyld9680000gn/T//1upkeyboards_1up60hse_default.elf.8PAF8D.ltrans0.ltrans.o
 .text.eeconfig_update_rgblight_default
                0x00000000000029ee       0x42 /var/folders/xx/3qcqnrxj7md526g3lvyld9680000gn/T//1upkeyboards_1up60hse_default.elf.8PAF8D.ltrans0.ltrans.o
 .text.eeconfig_init_quantum
                0x0000000000002a30       0xbc /var/folders/xx/3qcqnrxj7md526g3lvyld9680000gn/T//1upkeyboards_1up60hse_default.elf.8PAF8D.ltrans0.ltrans.o
 .text.backlight_init
                0x0000000000002aec       0x3c /var/folders/xx/3qcqnrxj7md526g3lvyld9680000gn/T//1upkeyboards_1up60hse_default.elf.8PAF8D.ltrans0.ltrans.o
 .text.clear_keyboard
                0x0000000000002b28       0x16 /var/folders/xx/3qcqnrxj7md526g3lvyld9680000gn/T//1upkeyboards_1up60hse_default.elf.8PAF8D.ltrans0.ltrans.o
 .text.USB_Device_ProcessControlRequest
                0x0000000000002b3e      0x594 /var/folders/xx/3qcqnrxj7md526g3lvyld9680000gn/T//1upkeyboards_1up60hse_default.elf.8PAF8D.ltrans0.ltrans.o
 .text.switch_default_layer
                0x00000000000030d2       0x62 /var/folders/xx/3qcqnrxj7md526g3lvyld9680000gn/T//1upkeyboards_1up60hse_default.elf.8PAF8D.ltrans0.ltrans.o
 .text.command_common
                0x0000000000003134      0x4e4 /var/folders/xx/3qcqnrxj7md526g3lvyld9680000gn/T//1upkeyboards_1up60hse_default.elf.8PAF8D.ltrans0.ltrans.o
 .text.register_code
                0x0000000000003618      0x22c /var/folders/xx/3qcqnrxj7md526g3lvyld9680000gn/T//1upkeyboards_1up60hse_default.elf.8PAF8D.ltrans0.ltrans.o
 .text.tap_code
                0x0000000000003844       0x26 /var/folders/xx/3qcqnrxj7md526g3lvyld9680000gn/T//1upkeyboards_1up60hse_default.elf.8PAF8D.ltrans0.ltrans.o
 .text.perform_space_cadet
                0x000000000000386a       0xcc /var/folders/xx/3qcqnrxj7md526g3lvyld9680000gn/T//1upkeyboards_1up60hse_default.elf.8PAF8D.ltrans0.ltrans.o
 .text.send_string_P
                0x0000000000003936       0xa6 /var/folders/xx/3qcqnrxj7md526g3lvyld9680000gn/T//1upkeyboards_1up60hse_default.elf.8PAF8D.ltrans0.ltrans.o
 .text.matrix_scan
                0x00000000000039dc      0x878 /var/folders/xx/3qcqnrxj7md526g3lvyld9680000gn/T//1upkeyboards_1up60hse_default.elf.8PAF8D.ltrans0.ltrans.o
 .text.process_record
                0x0000000000004254      0xf68 /var/folders/xx/3qcqnrxj7md526g3lvyld9680000gn/T//1upkeyboards_1up60hse_default.elf.8PAF8D.ltrans0.ltrans.o
 .text.waiting_buffer_scan_tap
                0x00000000000051bc       0xc8 /var/folders/xx/3qcqnrxj7md526g3lvyld9680000gn/T//1upkeyboards_1up60hse_default.elf.8PAF8D.ltrans0.ltrans.o
 .text.process_tapping
                0x0000000000005284      0x334 /var/folders/xx/3qcqnrxj7md526g3lvyld9680000gn/T//1upkeyboards_1up60hse_default.elf.8PAF8D.ltrans0.ltrans.o
 .text.action_exec
                0x00000000000055b8      0x118 /var/folders/xx/3qcqnrxj7md526g3lvyld9680000gn/T//1upkeyboards_1up60hse_default.elf.8PAF8D.ltrans0.ltrans.o
 .text.__vector_11
                0x00000000000056d0       0x88 /var/folders/xx/3qcqnrxj7md526g3lvyld9680000gn/T//1upkeyboards_1up60hse_default.elf.8PAF8D.ltrans0.ltrans.o
                0x00000000000056d0                __vector_11
 .text.__vector_10
                0x0000000000005758      0x2a8 /var/folders/xx/3qcqnrxj7md526g3lvyld9680000gn/T//1upkeyboards_1up60hse_default.elf.8PAF8D.ltrans0.ltrans.o
                0x0000000000005758                __vector_10
 .text.startup.main
                0x0000000000005a00      0x67e /var/folders/xx/3qcqnrxj7md526g3lvyld9680000gn/T//1upkeyboards_1up60hse_default.elf.8PAF8D.ltrans0.ltrans.o
                0x0000000000005a00                main
 .text.__vector_21
                0x000000000000607e       0x48 /var/folders/xx/3qcqnrxj7md526g3lvyld9680000gn/T//1upkeyboards_1up60hse_default.elf.8PAF8D.ltrans0.ltrans.o
                0x000000000000607e                __vector_21
 .text.__vector_12
                0x00000000000060c6       0x4e /var/folders/xx/3qcqnrxj7md526g3lvyld9680000gn/T//1upkeyboards_1up60hse_default.elf.8PAF8D.ltrans0.ltrans.o
                0x00000000000060c6                __vector_12
 .text.libgcc.mul
                0x0000000000006114       0x20 /usr/local/Cellar/avr-gcc/9.2.0/lib/avr-gcc/9/gcc/avr/9.2.0/avr5/libgcc.a(_mulsi3.o)
                0x0000000000006114                __mulsi3
 .text.libgcc.div
                0x0000000000006134       0x18 /usr/local/Cellar/avr-gcc/9.2.0/lib/avr-gcc/9/gcc/avr/9.2.0/avr5/libgcc.a(_udivmodqi4.o)
                0x0000000000006134                __udivmodqi4
 .text.libgcc.div
                0x000000000000614c       0x28 /usr/local/Cellar/avr-gcc/9.2.0/lib/avr-gcc/9/gcc/avr/9.2.0/avr5/libgcc.a(_udivmodhi4.o)
                0x000000000000614c                __udivmodhi4
 .text.libgcc.div
                0x0000000000006174       0x44 /usr/local/Cellar/avr-gcc/9.2.0/lib/avr-gcc/9/gcc/avr/9.2.0/avr5/libgcc.a(_udivmodsi4.o)
                0x0000000000006174                __udivmodsi4
 .text.libgcc   0x00000000000061b8        0xc /usr/local/Cellar/avr-gcc/9.2.0/lib/avr-gcc/9/gcc/avr/9.2.0/avr5/libgcc.a(_tablejump2.o)
                0x00000000000061b8                __tablejump2__
 .text.libgcc.mul
                0x00000000000061c4       0x1e /usr/local/Cellar/avr-gcc/9.2.0/lib/avr-gcc/9/gcc/avr/9.2.0/avr5/libgcc.a(_umulhisi3.o)
                0x00000000000061c4                __umulhisi3
 .text.libgcc.mul
                0x00000000000061e2       0x16 /usr/local/Cellar/avr-gcc/9.2.0/lib/avr-gcc/9/gcc/avr/9.2.0/avr5/libgcc.a(_muluhisi3.o)
                0x00000000000061e2                __muluhisi3
 .text.avr-libc
                0x00000000000061f8       0x10 /usr/local/Cellar/avr-gcc/9.2.0/lib/avr-gcc/9/gcc/avr/9.2.0/../../../../../../avr/lib/avr5/libatmega32u4.a(eerd_byte.o)
                0x00000000000061f8                eeprom_read_byte
 .text.avr-libc
                0x0000000000006208        0xc /usr/local/Cellar/avr-gcc/9.2.0/lib/avr-gcc/9/gcc/avr/9.2.0/../../../../../../avr/lib/avr5/libatmega32u4.a(eerd_dword.o)
                0x0000000000006208                eeprom_read_dword
                0x0000000000006208                eeprom_read_float
 .text.avr-libc
                0x0000000000006214        0xc /usr/local/Cellar/avr-gcc/9.2.0/lib/avr-gcc/9/gcc/avr/9.2.0/../../../../../../avr/lib/avr5/libatmega32u4.a(eerd_word.o)
                0x0000000000006214                eeprom_read_word
 .text.avr-libc
                0x0000000000006220       0x24 /usr/local/Cellar/avr-gcc/9.2.0/lib/avr-gcc/9/gcc/avr/9.2.0/../../../../../../avr/lib/avr5/libatmega32u4.a(eeupd_byte.o)
                0x0000000000006220                eeprom_update_byte
                0x0000000000006222                eeprom_update_r18
 .text.avr-libc
                0x0000000000006244       0x18 /usr/local/Cellar/avr-gcc/9.2.0/lib/avr-gcc/9/gcc/avr/9.2.0/../../../../../../avr/lib/avr5/libatmega32u4.a(eeupd_dword.o)
                0x0000000000006244                eeprom_update_dword
                0x0000000000006244                eeprom_update_float
 .text.avr-libc
                0x000000000000625c        0xc /usr/local/Cellar/avr-gcc/9.2.0/lib/avr-gcc/9/gcc/avr/9.2.0/../../../../../../avr/lib/avr5/libatmega32u4.a(eeupd_word.o)
                0x000000000000625c                eeprom_update_word
 .text.avr-libc
                0x0000000000006268       0x20 /usr/local/Cellar/avr-gcc/9.2.0/lib/avr-gcc/9/gcc/avr/9.2.0/../../../../../../avr/lib/avr5/libatmega32u4.a(eerd_block.o)
                0x0000000000006268                eeprom_read_block
                0x000000000000626c                eeprom_read_blraw
                0x0000000000006288                . = ALIGN (0x2)
 *(.fini9)
 .fini9         0x0000000000006288        0x0 /usr/local/Cellar/avr-gcc/9.2.0/lib/avr-gcc/9/gcc/avr/9.2.0/avr5/libgcc.a(_exit.o)
                0x0000000000006288                exit
                0x0000000000006288                _exit
 *(.fini9)
 *(.fini8)
 *(.fini8)
 *(.fini7)
 *(.fini7)
 *(.fini6)
 *(.fini6)
 *(.fini5)
 *(.fini5)
 *(.fini4)
 *(.fini4)
 *(.fini3)
 *(.fini3)
 *(.fini2)
 *(.fini2)
 *(.fini1)
 *(.fini1)
 *(.fini0)
 .fini0         0x0000000000006288        0x4 /usr/local/Cellar/avr-gcc/9.2.0/lib/avr-gcc/9/gcc/avr/9.2.0/avr5/libgcc.a(_exit.o)
 *(.fini0)
 *(.hightext)
 *(.hightext*)
 *(.progmemx.*)
                0x000000000000628c                . = ALIGN (0x2)
 *(.jumptables)
 *(.jumptables*)
 .jumptables.gcc.USB_Device_ProcessControlRequest
                0x000000000000628c       0x14 /var/folders/xx/3qcqnrxj7md526g3lvyld9680000gn/T//1upkeyboards_1up60hse_default.elf.8PAF8D.ltrans0.ltrans.o
 .jumptables.gcc.command_common
                0x00000000000062a0       0x4c /var/folders/xx/3qcqnrxj7md526g3lvyld9680000gn/T//1upkeyboards_1up60hse_default.elf.8PAF8D.ltrans0.ltrans.o
 .jumptables.gcc.process_record
                0x00000000000062ec       0x7e /var/folders/xx/3qcqnrxj7md526g3lvyld9680000gn/T//1upkeyboards_1up60hse_default.elf.8PAF8D.ltrans0.ltrans.o
                0x000000000000636a                _etext = .

.data           0x0000000000800100       0x2e load address 0x000000000000636a
                0x0000000000800100                PROVIDE (__data_start = .)
 *(.data)
 *(.data*)
 .data.lufa_driver
                0x0000000000800100        0xa /var/folders/xx/3qcqnrxj7md526g3lvyld9680000gn/T//1upkeyboards_1up60hse_default.elf.8PAF8D.ltrans0.ltrans.o
 .data.keyboard_protocol
                0x000000000080010a        0x1 /var/folders/xx/3qcqnrxj7md526g3lvyld9680000gn/T//1upkeyboards_1up60hse_default.elf.8PAF8D.ltrans0.ltrans.o
 *(.gnu.linkonce.d*)
 *(.rodata)
 *(.rodata*)
 .rodata.row_pins
                0x000000000080010b        0x5 /var/folders/xx/3qcqnrxj7md526g3lvyld9680000gn/T//1upkeyboards_1up60hse_default.elf.8PAF8D.ltrans0.ltrans.o
 .rodata.col_pins
                0x0000000000800110        0xe /var/folders/xx/3qcqnrxj7md526g3lvyld9680000gn/T//1upkeyboards_1up60hse_default.elf.8PAF8D.ltrans0.ltrans.o
 .rodata.CSWTCH.3
                0x000000000080011e        0x3 /var/folders/xx/3qcqnrxj7md526g3lvyld9680000gn/T//1upkeyboards_1up60hse_default.elf.8PAF8D.ltrans0.ltrans.o
 .rodata.CSWTCH.2
                0x0000000000800121        0x6 /var/folders/xx/3qcqnrxj7md526g3lvyld9680000gn/T//1upkeyboards_1up60hse_default.elf.8PAF8D.ltrans0.ltrans.o
 .rodata.CSWTCH.1
                0x0000000000800127        0x6 /var/folders/xx/3qcqnrxj7md526g3lvyld9680000gn/T//1upkeyboards_1up60hse_default.elf.8PAF8D.ltrans0.ltrans.o
 *(.gnu.linkonce.r*)
                0x000000000080012e                . = ALIGN (0x2)
 *fill*         0x000000000080012d        0x1 
                0x000000000080012e                _edata = .
                0x000000000080012e                PROVIDE (__data_end = .)

.bss            0x000000000080012e      0x10d
                0x000000000080012e                PROVIDE (__bss_start = .)
 *(.bss)
 .bss           0x000000000080012e        0x2 .build/obj_1upkeyboards_1up60hse_default/common/avr/xprintf.o
                0x000000000080012e                xfunc_out
 *(.bss*)
 .bss.__compound_literal.0
                0x0000000000800130        0x8 /var/folders/xx/3qcqnrxj7md526g3lvyld9680000gn/T//1upkeyboards_1up60hse_default.elf.8PAF8D.ltrans0.ltrans.o
 .bss.debouncing_time
                0x0000000000800138        0x2 /var/folders/xx/3qcqnrxj7md526g3lvyld9680000gn/T//1upkeyboards_1up60hse_default.elf.8PAF8D.ltrans0.ltrans.o
 .bss.debouncing
                0x000000000080013a        0x1 /var/folders/xx/3qcqnrxj7md526g3lvyld9680000gn/T//1upkeyboards_1up60hse_default.elf.8PAF8D.ltrans0.ltrans.o
 .bss.led       0x000000000080013b       0x2a /var/folders/xx/3qcqnrxj7md526g3lvyld9680000gn/T//1upkeyboards_1up60hse_default.elf.8PAF8D.ltrans0.ltrans.o
 .bss.sc_timer  0x0000000000800165        0x2 /var/folders/xx/3qcqnrxj7md526g3lvyld9680000gn/T//1upkeyboards_1up60hse_default.elf.8PAF8D.ltrans0.ltrans.o
 .bss.last_system_report
                0x0000000000800167        0x2 /var/folders/xx/3qcqnrxj7md526g3lvyld9680000gn/T//1upkeyboards_1up60hse_default.elf.8PAF8D.ltrans0.ltrans.o
 .bss.last_consumer_report
                0x0000000000800169        0x2 /var/folders/xx/3qcqnrxj7md526g3lvyld9680000gn/T//1upkeyboards_1up60hse_default.elf.8PAF8D.ltrans0.ltrans.o
 .bss.leader_sequence
                0x000000000080016b        0xa /var/folders/xx/3qcqnrxj7md526g3lvyld9680000gn/T//1upkeyboards_1up60hse_default.elf.8PAF8D.ltrans0.ltrans.o
 .bss.leader_sequence_size
                0x0000000000800175        0x1 /var/folders/xx/3qcqnrxj7md526g3lvyld9680000gn/T//1upkeyboards_1up60hse_default.elf.8PAF8D.ltrans0.ltrans.o
 .bss.leader_time
                0x0000000000800176        0x2 /var/folders/xx/3qcqnrxj7md526g3lvyld9680000gn/T//1upkeyboards_1up60hse_default.elf.8PAF8D.ltrans0.ltrans.o
 .bss.leading   0x0000000000800178        0x1 /var/folders/xx/3qcqnrxj7md526g3lvyld9680000gn/T//1upkeyboards_1up60hse_default.elf.8PAF8D.ltrans0.ltrans.o
 .bss.sc_last   0x0000000000800179        0x1 /var/folders/xx/3qcqnrxj7md526g3lvyld9680000gn/T//1upkeyboards_1up60hse_default.elf.8PAF8D.ltrans0.ltrans.o
 .bss.grave_esc_was_shifted
                0x000000000080017a        0x1 /var/folders/xx/3qcqnrxj7md526g3lvyld9680000gn/T//1upkeyboards_1up60hse_default.elf.8PAF8D.ltrans0.ltrans.o
 .bss.tapping_key
                0x000000000080017b        0x6 /var/folders/xx/3qcqnrxj7md526g3lvyld9680000gn/T//1upkeyboards_1up60hse_default.elf.8PAF8D.ltrans0.ltrans.o
 .bss.waiting_buffer_head
                0x0000000000800181        0x1 /var/folders/xx/3qcqnrxj7md526g3lvyld9680000gn/T//1upkeyboards_1up60hse_default.elf.8PAF8D.ltrans0.ltrans.o
 .bss.waiting_buffer
                0x0000000000800182       0x30 /var/folders/xx/3qcqnrxj7md526g3lvyld9680000gn/T//1upkeyboards_1up60hse_default.elf.8PAF8D.ltrans0.ltrans.o
 .bss.waiting_buffer_tail
                0x00000000008001b2        0x1 /var/folders/xx/3qcqnrxj7md526g3lvyld9680000gn/T//1upkeyboards_1up60hse_default.elf.8PAF8D.ltrans0.ltrans.o
 .bss.source_layers_cache
                0x00000000008001b3       0x2d /var/folders/xx/3qcqnrxj7md526g3lvyld9680000gn/T//1upkeyboards_1up60hse_default.elf.8PAF8D.ltrans0.ltrans.o
 .bss.layer_state
                0x00000000008001e0        0x4 /var/folders/xx/3qcqnrxj7md526g3lvyld9680000gn/T//1upkeyboards_1up60hse_default.elf.8PAF8D.ltrans0.ltrans.o
 .bss.oneshot_layer_data
                0x00000000008001e4        0x1 /var/folders/xx/3qcqnrxj7md526g3lvyld9680000gn/T//1upkeyboards_1up60hse_default.elf.8PAF8D.ltrans0.ltrans.o
 .bss.macro_mods
                0x00000000008001e5        0x1 /var/folders/xx/3qcqnrxj7md526g3lvyld9680000gn/T//1upkeyboards_1up60hse_default.elf.8PAF8D.ltrans0.ltrans.o
 .bss.weak_mods
                0x00000000008001e6        0x1 /var/folders/xx/3qcqnrxj7md526g3lvyld9680000gn/T//1upkeyboards_1up60hse_default.elf.8PAF8D.ltrans0.ltrans.o
 .bss.real_mods
                0x00000000008001e7        0x1 /var/folders/xx/3qcqnrxj7md526g3lvyld9680000gn/T//1upkeyboards_1up60hse_default.elf.8PAF8D.ltrans0.ltrans.o
 .bss.oneshot_mods
                0x00000000008001e8        0x1 /var/folders/xx/3qcqnrxj7md526g3lvyld9680000gn/T//1upkeyboards_1up60hse_default.elf.8PAF8D.ltrans0.ltrans.o
 .bss.default_layer_state
                0x00000000008001e9        0x4 /var/folders/xx/3qcqnrxj7md526g3lvyld9680000gn/T//1upkeyboards_1up60hse_default.elf.8PAF8D.ltrans0.ltrans.o
 .bss.timer_count
                0x00000000008001ed        0x4 /var/folders/xx/3qcqnrxj7md526g3lvyld9680000gn/T//1upkeyboards_1up60hse_default.elf.8PAF8D.ltrans0.ltrans.o
 .bss.command_state
                0x00000000008001f1        0x1 /var/folders/xx/3qcqnrxj7md526g3lvyld9680000gn/T//1upkeyboards_1up60hse_default.elf.8PAF8D.ltrans0.ltrans.o
 .bss.backlight_config
                0x00000000008001f2        0x1 /var/folders/xx/3qcqnrxj7md526g3lvyld9680000gn/T//1upkeyboards_1up60hse_default.elf.8PAF8D.ltrans0.ltrans.o
 .bss.desired_output
                0x00000000008001f3        0x1 /var/folders/xx/3qcqnrxj7md526g3lvyld9680000gn/T//1upkeyboards_1up60hse_default.elf.8PAF8D.ltrans0.ltrans.o
 .bss.timeouted.6054
                0x00000000008001f4        0x1 /var/folders/xx/3qcqnrxj7md526g3lvyld9680000gn/T//1upkeyboards_1up60hse_default.elf.8PAF8D.ltrans0.ltrans.o
 .bss.raw_matrix
                0x00000000008001f5        0xa /var/folders/xx/3qcqnrxj7md526g3lvyld9680000gn/T//1upkeyboards_1up60hse_default.elf.8PAF8D.ltrans0.ltrans.o
 .bss.keymap_config
                0x00000000008001ff        0x2 /var/folders/xx/3qcqnrxj7md526g3lvyld9680000gn/T//1upkeyboards_1up60hse_default.elf.8PAF8D.ltrans0.ltrans.o
 .bss.is_rgblight_initialized
                0x0000000000800201        0x1 /var/folders/xx/3qcqnrxj7md526g3lvyld9680000gn/T//1upkeyboards_1up60hse_default.elf.8PAF8D.ltrans0.ltrans.o
 .bss.driver    0x0000000000800202        0x2 /var/folders/xx/3qcqnrxj7md526g3lvyld9680000gn/T//1upkeyboards_1up60hse_default.elf.8PAF8D.ltrans0.ltrans.o
 .bss.wdt_timeout
                0x0000000000800204        0x1 /var/folders/xx/3qcqnrxj7md526g3lvyld9680000gn/T//1upkeyboards_1up60hse_default.elf.8PAF8D.ltrans0.ltrans.o
 .bss.matrix    0x0000000000800205        0xa /var/folders/xx/3qcqnrxj7md526g3lvyld9680000gn/T//1upkeyboards_1up60hse_default.elf.8PAF8D.ltrans0.ltrans.o
 .bss.led_status.3076
                0x000000000080020f        0x1 /var/folders/xx/3qcqnrxj7md526g3lvyld9680000gn/T//1upkeyboards_1up60hse_default.elf.8PAF8D.ltrans0.ltrans.o
 .bss.matrix_prev.3075
                0x0000000000800210        0xa /var/folders/xx/3qcqnrxj7md526g3lvyld9680000gn/T//1upkeyboards_1up60hse_default.elf.8PAF8D.ltrans0.ltrans.o
 .bss.console_flush
                0x000000000080021a        0x1 /var/folders/xx/3qcqnrxj7md526g3lvyld9680000gn/T//1upkeyboards_1up60hse_default.elf.8PAF8D.ltrans0.ltrans.o
 .bss.count.5986
                0x000000000080021b        0x1 /var/folders/xx/3qcqnrxj7md526g3lvyld9680000gn/T//1upkeyboards_1up60hse_default.elf.8PAF8D.ltrans0.ltrans.o
 .bss.USB_IsInitialized
                0x000000000080021c        0x1 /var/folders/xx/3qcqnrxj7md526g3lvyld9680000gn/T//1upkeyboards_1up60hse_default.elf.8PAF8D.ltrans0.ltrans.o
 .bss.debug_config
                0x000000000080021d        0x1 /var/folders/xx/3qcqnrxj7md526g3lvyld9680000gn/T//1upkeyboards_1up60hse_default.elf.8PAF8D.ltrans0.ltrans.o
 .bss.rgblight_config
                0x000000000080021e        0x5 /var/folders/xx/3qcqnrxj7md526g3lvyld9680000gn/T//1upkeyboards_1up60hse_default.elf.8PAF8D.ltrans0.ltrans.o
 .bss.rgblight_enabled
                0x0000000000800223        0x1 /var/folders/xx/3qcqnrxj7md526g3lvyld9680000gn/T//1upkeyboards_1up60hse_default.elf.8PAF8D.ltrans0.ltrans.o
 .bss.is_suspended
                0x0000000000800224        0x1 /var/folders/xx/3qcqnrxj7md526g3lvyld9680000gn/T//1upkeyboards_1up60hse_default.elf.8PAF8D.ltrans0.ltrans.o
 .bss.keyboard_idle
                0x0000000000800225        0x1 /var/folders/xx/3qcqnrxj7md526g3lvyld9680000gn/T//1upkeyboards_1up60hse_default.elf.8PAF8D.ltrans0.ltrans.o
 .bss.keyboard_led_stats
                0x0000000000800226        0x1 /var/folders/xx/3qcqnrxj7md526g3lvyld9680000gn/T//1upkeyboards_1up60hse_default.elf.8PAF8D.ltrans0.ltrans.o
 .bss.keyboard_report_sent
                0x0000000000800227        0x8 /var/folders/xx/3qcqnrxj7md526g3lvyld9680000gn/T//1upkeyboards_1up60hse_default.elf.8PAF8D.ltrans0.ltrans.o
 .bss.USB_Device_CurrentlySelfPowered
                0x000000000080022f        0x1 /var/folders/xx/3qcqnrxj7md526g3lvyld9680000gn/T//1upkeyboards_1up60hse_default.elf.8PAF8D.ltrans0.ltrans.o
 .bss.USB_Device_RemoteWakeupEnabled
                0x0000000000800230        0x1 /var/folders/xx/3qcqnrxj7md526g3lvyld9680000gn/T//1upkeyboards_1up60hse_default.elf.8PAF8D.ltrans0.ltrans.o
 .bss.USB_DeviceState
                0x0000000000800231        0x1 /var/folders/xx/3qcqnrxj7md526g3lvyld9680000gn/T//1upkeyboards_1up60hse_default.elf.8PAF8D.ltrans0.ltrans.o
 .bss.USB_Device_ConfigurationNumber
                0x0000000000800232        0x1 /var/folders/xx/3qcqnrxj7md526g3lvyld9680000gn/T//1upkeyboards_1up60hse_default.elf.8PAF8D.ltrans0.ltrans.o
 .bss.USB_ControlRequest
                0x0000000000800233        0x8 /var/folders/xx/3qcqnrxj7md526g3lvyld9680000gn/T//1upkeyboards_1up60hse_default.elf.8PAF8D.ltrans0.ltrans.o
 *(COMMON)
                0x000000000080023b                PROVIDE (__bss_end = .)
                0x000000000000636a                __data_load_start = LOADADDR (.data)
                0x0000000000006398                __data_load_end = (__data_load_start + SIZEOF (.data))

.noinit         0x000000000080023b        0x4
                [!provide]                        PROVIDE (__noinit_start = .)
 *(.noinit*)
 .noinit        0x000000000080023b        0x4 /var/folders/xx/3qcqnrxj7md526g3lvyld9680000gn/T//1upkeyboards_1up60hse_default.elf.8PAF8D.ltrans0.ltrans.o
                [!provide]                        PROVIDE (__noinit_end = .)
                0x000000000080023f                _end = .
                [!provide]                        PROVIDE (__heap_start = .)

.eeprom         0x0000000000810000        0x0
 *(.eeprom*)
                0x0000000000810000                __eeprom_end = .

.fuse
 *(.fuse)
 *(.lfuse)
 *(.hfuse)
 *(.efuse)

.lock
 *(.lock*)

.signature
 *(.signature*)

.stab           0x0000000000000000      0x8b8
 *(.stab)
 .stab          0x0000000000000000      0x8b8 .build/obj_1upkeyboards_1up60hse_default/common/avr/xprintf.o

.stabstr        0x0000000000000000       0x9a
 *(.stabstr)
 .stabstr       0x0000000000000000       0x9a .build/obj_1upkeyboards_1up60hse_default/common/avr/xprintf.o

.stab.excl
 *(.stab.excl)

.stab.exclstr
 *(.stab.exclstr)

.stab.index
 *(.stab.index)

.stab.indexstr
 *(.stab.indexstr)

.comment        0x0000000000000000       0x11
 *(.comment)
 .comment       0x0000000000000000       0x11 /var/folders/xx/3qcqnrxj7md526g3lvyld9680000gn/T//1upkeyboards_1up60hse_default.elf.8PAF8D.ltrans0.ltrans.o
                                         0x12 (size before relaxing)

.note.gnu.avr.deviceinfo
                0x0000000000000000       0x40
 .note.gnu.avr.deviceinfo
                0x0000000000000000       0x40 /usr/local/Cellar/avr-gcc/9.2.0/lib/avr-gcc/9/gcc/avr/9.2.0/../../../../../../avr/lib/avr5/crtatmega32u4.o

.note.gnu.build-id
 *(.note.gnu.build-id)

.debug
 *(.debug)

.line
 *(.line)

.debug_srcinfo
 *(.debug_srcinfo)

.debug_sfnames
 *(.debug_sfnames)

.debug_aranges  0x0000000000000000      0x3a0
 *(.debug_aranges)
 .debug_aranges
                0x0000000000000000      0x260 /var/folders/xx/3qcqnrxj7md526g3lvyld9680000gn/T//1upkeyboards_1up60hse_default.elf.8PAF8D.ltrans0.ltrans.o
 .debug_aranges
                0x0000000000000260       0x20 /usr/local/Cellar/avr-gcc/9.2.0/lib/avr-gcc/9/gcc/avr/9.2.0/avr5/libgcc.a(_exit.o)
 .debug_aranges
                0x0000000000000280       0x20 /usr/local/Cellar/avr-gcc/9.2.0/lib/avr-gcc/9/gcc/avr/9.2.0/avr5/libgcc.a(_mulsi3.o)
 .debug_aranges
                0x00000000000002a0       0x20 /usr/local/Cellar/avr-gcc/9.2.0/lib/avr-gcc/9/gcc/avr/9.2.0/avr5/libgcc.a(_udivmodqi4.o)
 .debug_aranges
                0x00000000000002c0       0x20 /usr/local/Cellar/avr-gcc/9.2.0/lib/avr-gcc/9/gcc/avr/9.2.0/avr5/libgcc.a(_udivmodhi4.o)
 .debug_aranges
                0x00000000000002e0       0x20 /usr/local/Cellar/avr-gcc/9.2.0/lib/avr-gcc/9/gcc/avr/9.2.0/avr5/libgcc.a(_udivmodsi4.o)
 .debug_aranges
                0x0000000000000300       0x20 /usr/local/Cellar/avr-gcc/9.2.0/lib/avr-gcc/9/gcc/avr/9.2.0/avr5/libgcc.a(_tablejump2.o)
 .debug_aranges
                0x0000000000000320       0x20 /usr/local/Cellar/avr-gcc/9.2.0/lib/avr-gcc/9/gcc/avr/9.2.0/avr5/libgcc.a(_copy_data.o)
 .debug_aranges
                0x0000000000000340       0x20 /usr/local/Cellar/avr-gcc/9.2.0/lib/avr-gcc/9/gcc/avr/9.2.0/avr5/libgcc.a(_clear_bss.o)
 .debug_aranges
                0x0000000000000360       0x20 /usr/local/Cellar/avr-gcc/9.2.0/lib/avr-gcc/9/gcc/avr/9.2.0/avr5/libgcc.a(_umulhisi3.o)
 .debug_aranges
                0x0000000000000380       0x20 /usr/local/Cellar/avr-gcc/9.2.0/lib/avr-gcc/9/gcc/avr/9.2.0/avr5/libgcc.a(_muluhisi3.o)

.debug_pubnames
 *(.debug_pubnames)

.debug_info     0x0000000000000000    0x1cb91
 *(.debug_info .gnu.linkonce.wi.*)
 .debug_info    0x0000000000000000      0x9f4 /usr/local/Cellar/avr-gcc/9.2.0/lib/avr-gcc/9/gcc/avr/9.2.0/../../../../../../avr/lib/avr5/crtatmega32u4.o
 .debug_info    0x00000000000009f4     0x71d2 /var/folders/xx/3qcqnrxj7md526g3lvyld9680000gn/T//1upkeyboards_1up60hse_default.elf.8PAF8D.ltrans0.ltrans.o
 .debug_info    0x0000000000007bc6      0x674 /var/folders/xx/3qcqnrxj7md526g3lvyld9680000gn/T//cce5tgFi.debug.temp.o
                0x0000000000007bc6                g1up60hse.c.7ed4b7fe
 .debug_info    0x000000000000823a     0x1737 /var/folders/xx/3qcqnrxj7md526g3lvyld9680000gn/T//cc5Y44OB.debug.temp.o
                0x000000000000823a                keymap.c.305db1fc
 .debug_info    0x0000000000009971     0x1c7c /var/folders/xx/3qcqnrxj7md526g3lvyld9680000gn/T//cc0bpojC.debug.temp.o
                0x0000000000009971                quantum.c.fa3f3d3b
 .debug_info    0x000000000000b5ed     0x1c0b /var/folders/xx/3qcqnrxj7md526g3lvyld9680000gn/T//ccZkjAXI.debug.temp.o
                0x000000000000b5ed                keymap_common.c.05b3ee8d
 .debug_info    0x000000000000d1f8      0x5e2 /var/folders/xx/3qcqnrxj7md526g3lvyld9680000gn/T//cchjmtHC.debug.temp.o
                0x000000000000d1f8                keycode_config.c.d3c0b1e6
 .debug_info    0x000000000000d7da      0x896 /var/folders/xx/3qcqnrxj7md526g3lvyld9680000gn/T//cc3BwcuZ.debug.temp.o
                0x000000000000d7da                matrix.c.7518eb56
 .debug_info    0x000000000000e070      0x593 /var/folders/xx/3qcqnrxj7md526g3lvyld9680000gn/T//ccsayp8p.debug.temp.o
                0x000000000000e070                sym_g.c.5ea67fe3
 .debug_info    0x000000000000e603      0x214 /var/folders/xx/3qcqnrxj7md526g3lvyld9680000gn/T//cczh4PWv.debug.temp.o
                0x000000000000e603                color.c.496d9525
 .debug_info    0x000000000000e817     0x108c /var/folders/xx/3qcqnrxj7md526g3lvyld9680000gn/T//ccwf7JFq.debug.temp.o
                0x000000000000e817                rgblight.c.1148948b
 .debug_info    0x000000000000f8a3      0x2ef /var/folders/xx/3qcqnrxj7md526g3lvyld9680000gn/T//ccNX8xBc.debug.temp.o
                0x000000000000f8a3                ws2812.c.408a3cc3
 .debug_info    0x000000000000fb92       0xa3 /var/folders/xx/3qcqnrxj7md526g3lvyld9680000gn/T//cc4L0GDi.debug.temp.o
                0x000000000000fb92                led_tables.c.7c7607d4
 .debug_info    0x000000000000fc35      0xfb0 /var/folders/xx/3qcqnrxj7md526g3lvyld9680000gn/T//ccdcy0h9.debug.temp.o
                0x000000000000fc35                process_leader.c.471b9384
 .debug_info    0x0000000000010be5     0x13c2 /var/folders/xx/3qcqnrxj7md526g3lvyld9680000gn/T//ccP4By0y.debug.temp.o
                0x0000000000010be5                process_space_cadet.c.a9a04bcd
 .debug_info    0x0000000000011fa7      0x448 /var/folders/xx/3qcqnrxj7md526g3lvyld9680000gn/T//ccrhfbZ4.debug.temp.o
                0x0000000000011fa7                host.c.606bd109
 .debug_info    0x00000000000123ef      0x5f8 /var/folders/xx/3qcqnrxj7md526g3lvyld9680000gn/T//ccETYRai.debug.temp.o
                0x00000000000123ef                keyboard.c.b9f668e9
 .debug_info    0x00000000000129e7     0x11da /var/folders/xx/3qcqnrxj7md526g3lvyld9680000gn/T//cckuFhvN.debug.temp.o
                0x00000000000129e7                action.c.52822e88
 .debug_info    0x0000000000013bc1      0xbcc /var/folders/xx/3qcqnrxj7md526g3lvyld9680000gn/T//ccGQFXO7.debug.temp.o
                0x0000000000013bc1                action_tapping.c.1081ed85
 .debug_info    0x000000000001478d      0x774 /var/folders/xx/3qcqnrxj7md526g3lvyld9680000gn/T//cc2htI2M.debug.temp.o
                0x000000000001478d                action_macro.c.5c61fe2f
 .debug_info    0x0000000000014f01      0x891 /var/folders/xx/3qcqnrxj7md526g3lvyld9680000gn/T//ccomU5Ks.debug.temp.o
                0x0000000000014f01                action_layer.c.c8684331
 .debug_info    0x0000000000015792      0x6c7 /var/folders/xx/3qcqnrxj7md526g3lvyld9680000gn/T//cc7tuhoE.debug.temp.o
                0x0000000000015792                action_util.c.d310bcaa
 .debug_info    0x0000000000015e59       0xbf /var/folders/xx/3qcqnrxj7md526g3lvyld9680000gn/T//ccmYo6SJ.debug.temp.o
                0x0000000000015e59                print.c.1ffc5ffd
 .debug_info    0x0000000000015f18      0x12a /var/folders/xx/3qcqnrxj7md526g3lvyld9680000gn/T//ccRDxtFR.debug.temp.o
                0x0000000000015f18                debug.c.86cdee40
 .debug_info    0x0000000000016042      0x1c9 /var/folders/xx/3qcqnrxj7md526g3lvyld9680000gn/T//ccTnx131.debug.temp.o
                0x0000000000016042                util.c.88fa4951
 .debug_info    0x000000000001620b      0x22f /var/folders/xx/3qcqnrxj7md526g3lvyld9680000gn/T//cckFfbhr.debug.temp.o
                0x000000000001620b                eeconfig.c.db5f7008
 .debug_info    0x000000000001643a      0x3e7 /var/folders/xx/3qcqnrxj7md526g3lvyld9680000gn/T//ccZaNNNp.debug.temp.o
                0x000000000001643a                report.c.eecf9e11
 .debug_info    0x0000000000016821      0x715 /var/folders/xx/3qcqnrxj7md526g3lvyld9680000gn/T//ccFIHsgM.debug.temp.o
                0x0000000000016821                suspend.c.0a81e3b4
 .debug_info    0x0000000000016f36      0x209 /var/folders/xx/3qcqnrxj7md526g3lvyld9680000gn/T//ccdNjpoe.debug.temp.o
                0x0000000000016f36                timer.c.bafd935f
 .debug_info    0x000000000001713f      0x2f2 /var/folders/xx/3qcqnrxj7md526g3lvyld9680000gn/T//ccOo4mck.debug.temp.o
                0x000000000001713f                bootloader.c.43ca85d9
 .debug_info    0x0000000000017431      0x2c7 /var/folders/xx/3qcqnrxj7md526g3lvyld9680000gn/T//ccfdqKZV.debug.temp.o
                0x0000000000017431                magic.c.ef075df2
 .debug_info    0x00000000000176f8     0x13b5 /var/folders/xx/3qcqnrxj7md526g3lvyld9680000gn/T//ccptV6oL.debug.temp.o
                0x00000000000176f8                command.c.b6b598b1
 .debug_info    0x0000000000018aad      0x318 /var/folders/xx/3qcqnrxj7md526g3lvyld9680000gn/T//ccRyVyyp.debug.temp.o
                0x0000000000018aad                backlight.c.8b3e0365
 .debug_info    0x0000000000018dc5      0xf39 /var/folders/xx/3qcqnrxj7md526g3lvyld9680000gn/T//ccQpmzJU.debug.temp.o
                0x0000000000018dc5                lufa.c.758f01ae
 .debug_info    0x0000000000019cfe      0x98a /var/folders/xx/3qcqnrxj7md526g3lvyld9680000gn/T//ccWZbNud.debug.temp.o
                0x0000000000019cfe                usb_descriptor.c.58a213bd
 .debug_info    0x000000000001a688      0x4ac /var/folders/xx/3qcqnrxj7md526g3lvyld9680000gn/T//ccXzddJx.debug.temp.o
                0x000000000001a688                outputselect.c.073f450c
 .debug_info    0x000000000001ab34      0x160 /var/folders/xx/3qcqnrxj7md526g3lvyld9680000gn/T//cc2sRCCC.debug.temp.o
                0x000000000001ab34                Device_AVR8.c.916f838c
 .debug_info    0x000000000001ac94      0xb13 /var/folders/xx/3qcqnrxj7md526g3lvyld9680000gn/T//ccK5b66c.debug.temp.o
                0x000000000001ac94                EndpointStream_AVR8.c.8d71fe5b
 .debug_info    0x000000000001b7a7      0x430 /var/folders/xx/3qcqnrxj7md526g3lvyld9680000gn/T//cc98H5XC.debug.temp.o
                0x000000000001b7a7                Endpoint_AVR8.c.0c7b739e
 .debug_info    0x000000000001bbd7      0x31d /var/folders/xx/3qcqnrxj7md526g3lvyld9680000gn/T//ccVS6S7r.debug.temp.o
                0x000000000001bbd7                USBController_AVR8.c.3f59926f
 .debug_info    0x000000000001bef4      0x389 /var/folders/xx/3qcqnrxj7md526g3lvyld9680000gn/T//ccmHPiY3.debug.temp.o
                0x000000000001bef4                USBInterrupt_AVR8.c.45a73a0e
 .debug_info    0x000000000001c27d      0x5a8 /var/folders/xx/3qcqnrxj7md526g3lvyld9680000gn/T//cclSHExr.debug.temp.o
                0x000000000001c27d                DeviceStandardReq.c.626db3f9
 .debug_info    0x000000000001c825      0x1f0 /var/folders/xx/3qcqnrxj7md526g3lvyld9680000gn/T//cc0RZKye.debug.temp.o
                0x000000000001c825                USBTask.c.b236cb55
 .debug_info    0x000000000001ca15       0x26 /usr/local/Cellar/avr-gcc/9.2.0/lib/avr-gcc/9/gcc/avr/9.2.0/avr5/libgcc.a(_exit.o)
 .debug_info    0x000000000001ca3b       0x26 /usr/local/Cellar/avr-gcc/9.2.0/lib/avr-gcc/9/gcc/avr/9.2.0/avr5/libgcc.a(_mulsi3.o)
 .debug_info    0x000000000001ca61       0x26 /usr/local/Cellar/avr-gcc/9.2.0/lib/avr-gcc/9/gcc/avr/9.2.0/avr5/libgcc.a(_udivmodqi4.o)
 .debug_info    0x000000000001ca87       0x26 /usr/local/Cellar/avr-gcc/9.2.0/lib/avr-gcc/9/gcc/avr/9.2.0/avr5/libgcc.a(_udivmodhi4.o)
 .debug_info    0x000000000001caad       0x26 /usr/local/Cellar/avr-gcc/9.2.0/lib/avr-gcc/9/gcc/avr/9.2.0/avr5/libgcc.a(_udivmodsi4.o)
 .debug_info    0x000000000001cad3       0x26 /usr/local/Cellar/avr-gcc/9.2.0/lib/avr-gcc/9/gcc/avr/9.2.0/avr5/libgcc.a(_tablejump2.o)
 .debug_info    0x000000000001caf9       0x26 /usr/local/Cellar/avr-gcc/9.2.0/lib/avr-gcc/9/gcc/avr/9.2.0/avr5/libgcc.a(_copy_data.o)
 .debug_info    0x000000000001cb1f       0x26 /usr/local/Cellar/avr-gcc/9.2.0/lib/avr-gcc/9/gcc/avr/9.2.0/avr5/libgcc.a(_clear_bss.o)
 .debug_info    0x000000000001cb45       0x26 /usr/local/Cellar/avr-gcc/9.2.0/lib/avr-gcc/9/gcc/avr/9.2.0/avr5/libgcc.a(_umulhisi3.o)
 .debug_info    0x000000000001cb6b       0x26 /usr/local/Cellar/avr-gcc/9.2.0/lib/avr-gcc/9/gcc/avr/9.2.0/avr5/libgcc.a(_muluhisi3.o)

.debug_abbrev   0x0000000000000000     0x4b94
 *(.debug_abbrev)
 .debug_abbrev  0x0000000000000000      0x96a /usr/local/Cellar/avr-gcc/9.2.0/lib/avr-gcc/9/gcc/avr/9.2.0/../../../../../../avr/lib/avr5/crtatmega32u4.o
 .debug_abbrev  0x000000000000096a      0x317 /var/folders/xx/3qcqnrxj7md526g3lvyld9680000gn/T//1upkeyboards_1up60hse_default.elf.8PAF8D.ltrans0.ltrans.o
 .debug_abbrev  0x0000000000000c81      0x170 /var/folders/xx/3qcqnrxj7md526g3lvyld9680000gn/T//cce5tgFi.debug.temp.o
 .debug_abbrev  0x0000000000000df1      0x1bd /var/folders/xx/3qcqnrxj7md526g3lvyld9680000gn/T//cc5Y44OB.debug.temp.o
 .debug_abbrev  0x0000000000000fae      0x29c /var/folders/xx/3qcqnrxj7md526g3lvyld9680000gn/T//cc0bpojC.debug.temp.o
 .debug_abbrev  0x000000000000124a      0x258 /var/folders/xx/3qcqnrxj7md526g3lvyld9680000gn/T//ccZkjAXI.debug.temp.o
 .debug_abbrev  0x00000000000014a2       0xf7 /var/folders/xx/3qcqnrxj7md526g3lvyld9680000gn/T//cchjmtHC.debug.temp.o
 .debug_abbrev  0x0000000000001599      0x239 /var/folders/xx/3qcqnrxj7md526g3lvyld9680000gn/T//cc3BwcuZ.debug.temp.o
 .debug_abbrev  0x00000000000017d2      0x1a0 /var/folders/xx/3qcqnrxj7md526g3lvyld9680000gn/T//ccsayp8p.debug.temp.o
 .debug_abbrev  0x0000000000001972       0xd8 /var/folders/xx/3qcqnrxj7md526g3lvyld9680000gn/T//cczh4PWv.debug.temp.o
 .debug_abbrev  0x0000000000001a4a      0x2b3 /var/folders/xx/3qcqnrxj7md526g3lvyld9680000gn/T//ccwf7JFq.debug.temp.o
 .debug_abbrev  0x0000000000001cfd      0x152 /var/folders/xx/3qcqnrxj7md526g3lvyld9680000gn/T//ccNX8xBc.debug.temp.o
 .debug_abbrev  0x0000000000001e4f       0x6a /var/folders/xx/3qcqnrxj7md526g3lvyld9680000gn/T//cc4L0GDi.debug.temp.o
 .debug_abbrev  0x0000000000001eb9      0x195 /var/folders/xx/3qcqnrxj7md526g3lvyld9680000gn/T//ccdcy0h9.debug.temp.o
 .debug_abbrev  0x000000000000204e      0x193 /var/folders/xx/3qcqnrxj7md526g3lvyld9680000gn/T//ccP4By0y.debug.temp.o
 .debug_abbrev  0x00000000000021e1      0x16f /var/folders/xx/3qcqnrxj7md526g3lvyld9680000gn/T//ccrhfbZ4.debug.temp.o
 .debug_abbrev  0x0000000000002350      0x1ae /var/folders/xx/3qcqnrxj7md526g3lvyld9680000gn/T//ccETYRai.debug.temp.o
 .debug_abbrev  0x00000000000024fe      0x288 /var/folders/xx/3qcqnrxj7md526g3lvyld9680000gn/T//cckuFhvN.debug.temp.o
 .debug_abbrev  0x0000000000002786      0x1fc /var/folders/xx/3qcqnrxj7md526g3lvyld9680000gn/T//ccGQFXO7.debug.temp.o
 .debug_abbrev  0x0000000000002982      0x16d /var/folders/xx/3qcqnrxj7md526g3lvyld9680000gn/T//cc2htI2M.debug.temp.o
 .debug_abbrev  0x0000000000002aef      0x20b /var/folders/xx/3qcqnrxj7md526g3lvyld9680000gn/T//ccomU5Ks.debug.temp.o
 .debug_abbrev  0x0000000000002cfa      0x1ba /var/folders/xx/3qcqnrxj7md526g3lvyld9680000gn/T//cc7tuhoE.debug.temp.o
 .debug_abbrev  0x0000000000002eb4       0x8e /var/folders/xx/3qcqnrxj7md526g3lvyld9680000gn/T//ccmYo6SJ.debug.temp.o
 .debug_abbrev  0x0000000000002f42       0xb9 /var/folders/xx/3qcqnrxj7md526g3lvyld9680000gn/T//ccRDxtFR.debug.temp.o
 .debug_abbrev  0x0000000000002ffb       0x7b /var/folders/xx/3qcqnrxj7md526g3lvyld9680000gn/T//ccTnx131.debug.temp.o
 .debug_abbrev  0x0000000000003076       0x8e /var/folders/xx/3qcqnrxj7md526g3lvyld9680000gn/T//cckFfbhr.debug.temp.o
 .debug_abbrev  0x0000000000003104      0x138 /var/folders/xx/3qcqnrxj7md526g3lvyld9680000gn/T//ccZaNNNp.debug.temp.o
 .debug_abbrev  0x000000000000323c      0x24c /var/folders/xx/3qcqnrxj7md526g3lvyld9680000gn/T//ccFIHsgM.debug.temp.o
 .debug_abbrev  0x0000000000003488      0x108 /var/folders/xx/3qcqnrxj7md526g3lvyld9680000gn/T//ccdNjpoe.debug.temp.o
 .debug_abbrev  0x0000000000003590      0x1ab /var/folders/xx/3qcqnrxj7md526g3lvyld9680000gn/T//ccOo4mck.debug.temp.o
 .debug_abbrev  0x000000000000373b       0xf7 /var/folders/xx/3qcqnrxj7md526g3lvyld9680000gn/T//ccfdqKZV.debug.temp.o
 .debug_abbrev  0x0000000000003832      0x238 /var/folders/xx/3qcqnrxj7md526g3lvyld9680000gn/T//ccptV6oL.debug.temp.o
 .debug_abbrev  0x0000000000003a6a      0x13f /var/folders/xx/3qcqnrxj7md526g3lvyld9680000gn/T//ccRyVyyp.debug.temp.o
 .debug_abbrev  0x0000000000003ba9      0x31e /var/folders/xx/3qcqnrxj7md526g3lvyld9680000gn/T//ccQpmzJU.debug.temp.o
 .debug_abbrev  0x0000000000003ec7      0x1c4 /var/folders/xx/3qcqnrxj7md526g3lvyld9680000gn/T//ccWZbNud.debug.temp.o
 .debug_abbrev  0x000000000000408b      0x1ab /var/folders/xx/3qcqnrxj7md526g3lvyld9680000gn/T//ccXzddJx.debug.temp.o
 .debug_abbrev  0x0000000000004236       0xa0 /var/folders/xx/3qcqnrxj7md526g3lvyld9680000gn/T//cc2sRCCC.debug.temp.o
 .debug_abbrev  0x00000000000042d6      0x148 /var/folders/xx/3qcqnrxj7md526g3lvyld9680000gn/T//ccK5b66c.debug.temp.o
 .debug_abbrev  0x000000000000441e      0x16c /var/folders/xx/3qcqnrxj7md526g3lvyld9680000gn/T//cc98H5XC.debug.temp.o
 .debug_abbrev  0x000000000000458a      0x114 /var/folders/xx/3qcqnrxj7md526g3lvyld9680000gn/T//ccVS6S7r.debug.temp.o
 .debug_abbrev  0x000000000000469e      0x16d /var/folders/xx/3qcqnrxj7md526g3lvyld9680000gn/T//ccmHPiY3.debug.temp.o
 .debug_abbrev  0x000000000000480b      0x1ad /var/folders/xx/3qcqnrxj7md526g3lvyld9680000gn/T//cclSHExr.debug.temp.o
 .debug_abbrev  0x00000000000049b8      0x114 /var/folders/xx/3qcqnrxj7md526g3lvyld9680000gn/T//cc0RZKye.debug.temp.o
 .debug_abbrev  0x0000000000004acc       0x14 /usr/local/Cellar/avr-gcc/9.2.0/lib/avr-gcc/9/gcc/avr/9.2.0/avr5/libgcc.a(_exit.o)
 .debug_abbrev  0x0000000000004ae0       0x14 /usr/local/Cellar/avr-gcc/9.2.0/lib/avr-gcc/9/gcc/avr/9.2.0/avr5/libgcc.a(_mulsi3.o)
 .debug_abbrev  0x0000000000004af4       0x14 /usr/local/Cellar/avr-gcc/9.2.0/lib/avr-gcc/9/gcc/avr/9.2.0/avr5/libgcc.a(_udivmodqi4.o)
 .debug_abbrev  0x0000000000004b08       0x14 /usr/local/Cellar/avr-gcc/9.2.0/lib/avr-gcc/9/gcc/avr/9.2.0/avr5/libgcc.a(_udivmodhi4.o)
 .debug_abbrev  0x0000000000004b1c       0x14 /usr/local/Cellar/avr-gcc/9.2.0/lib/avr-gcc/9/gcc/avr/9.2.0/avr5/libgcc.a(_udivmodsi4.o)
 .debug_abbrev  0x0000000000004b30       0x14 /usr/local/Cellar/avr-gcc/9.2.0/lib/avr-gcc/9/gcc/avr/9.2.0/avr5/libgcc.a(_tablejump2.o)
 .debug_abbrev  0x0000000000004b44       0x14 /usr/local/Cellar/avr-gcc/9.2.0/lib/avr-gcc/9/gcc/avr/9.2.0/avr5/libgcc.a(_copy_data.o)
 .debug_abbrev  0x0000000000004b58       0x14 /usr/local/Cellar/avr-gcc/9.2.0/lib/avr-gcc/9/gcc/avr/9.2.0/avr5/libgcc.a(_clear_bss.o)
 .debug_abbrev  0x0000000000004b6c       0x14 /usr/local/Cellar/avr-gcc/9.2.0/lib/avr-gcc/9/gcc/avr/9.2.0/avr5/libgcc.a(_umulhisi3.o)
 .debug_abbrev  0x0000000000004b80       0x14 /usr/local/Cellar/avr-gcc/9.2.0/lib/avr-gcc/9/gcc/avr/9.2.0/avr5/libgcc.a(_muluhisi3.o)

.debug_line     0x0000000000000000    0x1054c
 *(.debug_line .debug_line.* .debug_line_end)
 .debug_line    0x0000000000000000       0x1d /usr/local/Cellar/avr-gcc/9.2.0/lib/avr-gcc/9/gcc/avr/9.2.0/../../../../../../avr/lib/avr5/crtatmega32u4.o
 .debug_line    0x000000000000001d     0xc5f2 /var/folders/xx/3qcqnrxj7md526g3lvyld9680000gn/T//1upkeyboards_1up60hse_default.elf.8PAF8D.ltrans0.ltrans.o
 .debug_line    0x000000000000c60f      0x1c7 /var/folders/xx/3qcqnrxj7md526g3lvyld9680000gn/T//cce5tgFi.debug.temp.o
 .debug_line    0x000000000000c7d6      0x1f8 /var/folders/xx/3qcqnrxj7md526g3lvyld9680000gn/T//cc5Y44OB.debug.temp.o
 .debug_line    0x000000000000c9ce      0x23d /var/folders/xx/3qcqnrxj7md526g3lvyld9680000gn/T//cc0bpojC.debug.temp.o
 .debug_line    0x000000000000cc0b      0x1fd /var/folders/xx/3qcqnrxj7md526g3lvyld9680000gn/T//ccZkjAXI.debug.temp.o
 .debug_line    0x000000000000ce08       0xb3 /var/folders/xx/3qcqnrxj7md526g3lvyld9680000gn/T//cchjmtHC.debug.temp.o
 .debug_line    0x000000000000cebb      0x1df /var/folders/xx/3qcqnrxj7md526g3lvyld9680000gn/T//cc3BwcuZ.debug.temp.o
 .debug_line    0x000000000000d09a      0x1b3 /var/folders/xx/3qcqnrxj7md526g3lvyld9680000gn/T//ccsayp8p.debug.temp.o
 .debug_line    0x000000000000d24d       0x83 /var/folders/xx/3qcqnrxj7md526g3lvyld9680000gn/T//cczh4PWv.debug.temp.o